Component: Arm Compiler for Embedded 6.19 Tool: armlink [5e73cb00]

==============================================================================

Section Cross References

    main.o(.text.main) refers to sysclock.o(.text.ES_setSystemClk) for ES_setSystemClk
    main.o(.text.main) refers to uart.o(.text.Setup_GPIO_UART) for Setup_GPIO_UART
    main.o(.text.main) refers to uart.o(.text.Setup_UART) for Setup_UART
    main.o(.text.main) refers to uart.o(.text.Setup_UART0_Interrupt) for Setup_UART0_Interrupt
    main.o(.text.main) refers to timers.o(.text.Setup_DebounceTimer) for Setup_DebounceTimer
    main.o(.text.main) refers to piezo.o(.text.Setup_Piezo_PWM) for Setup_Piezo_PWM
    main.o(.text.main) refers to piezo.o(.text.Setup_Piezo_TIMER) for Setup_Piezo_TIMER
    main.o(.text.main) refers to potentiometer.o(.text.Setup_Potentiometer_ADC) for Setup_Potentiometer_ADC
    main.o(.text.main) refers to potentiometer.o(.text.Setup_Potentiometer_Timer) for Setup_Potentiometer_Timer
    main.o(.text.main) refers to comms.o(.text.Setup_Tiva1_SSI) for Setup_Tiva1_SSI
    main.o(.text.main) refers to comms.o(.text.Setup_Tiva1_SSI_Master_Timer) for Setup_Tiva1_SSI_Master_Timer
    main.o(.text.main) refers to calllbacks.o(.text.tiva1callbacks) for tiva1callbacks
    main.o(.text.main) refers to main.o(.rodata.str1.1) for .L.str
    main.o(.text.main) refers to uart.o(.text.writeMessage) for writeMessage
    main.o(.text.main) refers to main.o(.bss.exitProgram) for exitProgram
    main.o(.text.main) refers to calllbacks.o(.bss.callbacks_tiva1) for callbacks_tiva1
    main.o(.text.main) refers to main.o(.bss.automaticMode) for automaticMode
    main.o(.text.main) refers to main.o(.bss.manualMode) for manualMode
    main.o(.text.main) refers to main.o(.bss.setMinAngle) for setMinAngle
    main.o(.text.main) refers to main.o(.bss.setMaxAngle) for setMaxAngle
    main.o(.ARM.exidx.text.main) refers to main.o(.text.main) for [Anonymous Symbol]
    uart.o(.ARM.exidx.text.Setup_GPIO_UART) refers to uart.o(.text.Setup_GPIO_UART) for [Anonymous Symbol]
    uart.o(.ARM.exidx.text.Setup_UART) refers to uart.o(.text.Setup_UART) for [Anonymous Symbol]
    uart.o(.ARM.exidx.text.Setup_UART0_Interrupt) refers to uart.o(.text.Setup_UART0_Interrupt) for [Anonymous Symbol]
    uart.o(.ARM.exidx.text.writeChar) refers to uart.o(.text.writeChar) for [Anonymous Symbol]
    uart.o(.text.writeMessage) refers to uart.o(.text.writeChar) for writeChar
    uart.o(.ARM.exidx.text.writeMessage) refers to uart.o(.text.writeMessage) for [Anonymous Symbol]
    uart.o(.ARM.exidx.text.getChar) refers to uart.o(.text.getChar) for [Anonymous Symbol]
    uart.o(.text.process_char) refers to main.o(.bss.automaticMode) for automaticMode
    uart.o(.text.process_char) refers to main.o(.bss.manualMode) for manualMode
    uart.o(.text.process_char) refers to main.o(.bss.setMinAngle) for setMinAngle
    uart.o(.text.process_char) refers to main.o(.bss.setMaxAngle) for setMaxAngle
    uart.o(.text.process_char) refers to main.o(.bss.exitProgram) for exitProgram
    uart.o(.ARM.exidx.text.process_char) refers to uart.o(.text.process_char) for [Anonymous Symbol]
    uart.o(.text.captureInput) refers to main.o(.bss.exitProgram) for exitProgram
    uart.o(.text.captureInput) refers to main.o(.bss.debounceFlag) for debounceFlag
    uart.o(.text.captureInput) refers to uart.o(.text.getChar) for getChar
    uart.o(.text.captureInput) refers to uart.o(.rodata.str1.1) for .L.str
    uart.o(.text.captureInput) refers to uart.o(.text.writeMessage) for writeMessage
    uart.o(.text.captureInput) refers to uart.o(.text.writeChar) for writeChar
    uart.o(.text.captureInput) refers to atoi.o(.text) for atoi
    uart.o(.ARM.exidx.text.captureInput) refers to uart.o(.text.captureInput) for [Anonymous Symbol]
    uart.o(.text.UART0_Handler) refers to main.o(.bss.debounceFlag) for debounceFlag
    uart.o(.text.UART0_Handler) refers to timers.o(.text.startDebounce) for startDebounce
    uart.o(.text.UART0_Handler) refers to uart.o(.text.getChar) for getChar
    uart.o(.text.UART0_Handler) refers to uart.o(.text.process_char) for process_char
    uart.o(.ARM.exidx.text.UART0_Handler) refers to uart.o(.text.UART0_Handler) for [Anonymous Symbol]
    potentiometer.o(.ARM.exidx.text.Setup_Potentiometer_ADC) refers to potentiometer.o(.text.Setup_Potentiometer_ADC) for [Anonymous Symbol]
    potentiometer.o(.ARM.exidx.text.Setup_Potentiometer_Timer) refers to potentiometer.o(.text.Setup_Potentiometer_Timer) for [Anonymous Symbol]
    potentiometer.o(.ARM.exidx.text.startADC) refers to potentiometer.o(.text.startADC) for [Anonymous Symbol]
    potentiometer.o(.ARM.exidx.text.stopADC) refers to potentiometer.o(.text.stopADC) for [Anonymous Symbol]
    potentiometer.o(.text.ADC0SS0_Handler) refers to dflt_clz.o(x$fpl$dfltu) for __aeabi_ui2d
    potentiometer.o(.text.ADC0SS0_Handler) refers to dmul.o(x$fpl$dmul) for __aeabi_dmul
[...]
    CL$$btod_emul                            0x00002f66   Section       42  btod.o(CL$$btod_emul)
    CL$$btod_mult_common                     0x00002f90   Section      580  btod.o(CL$$btod_mult_common)
    i.SysCtlClockFreqSet                     0x000031d4   Section        0  sysctl.o(i.SysCtlClockFreqSet)
    i.__ARM_fpclassify                       0x000034b8   Section        0  fpclassify.o(i.__ARM_fpclassify)
    i._is_digit                              0x000034e8   Section        0  __printf_wp.o(i._is_digit)
    locale$$code                             0x000034f8   Section       44  lc_ctype_c.o(locale$$code)
    locale$$code                             0x00003524   Section       44  lc_numeric_c.o(locale$$code)
    $v0                                      0x00003550   Number         0  d2f.o(x$fpl$d2f)
    x$fpl$d2f                                0x00003550   Section       98  d2f.o(x$fpl$d2f)
    $v0                                      0x000035b4   Number         0  daddsub_clz.o(x$fpl$dadd)
    x$fpl$dadd                               0x000035b4   Section      336  daddsub_clz.o(x$fpl$dadd)
    _dadd1                                   0x000035c5   Thumb Code     0  daddsub_clz.o(x$fpl$dadd)
    $v0                                      0x00003704   Number         0  dcmpi.o(x$fpl$dcmpinf)
    x$fpl$dcmpinf                            0x00003704   Section       24  dcmpi.o(x$fpl$dcmpinf)
    $v0                                      0x0000371c   Number         0  ddiv.o(x$fpl$ddiv)
    x$fpl$ddiv                               0x0000371c   Section      692  ddiv.o(x$fpl$ddiv)
    ddiv_entry                               0x00003723   Thumb Code     0  ddiv.o(x$fpl$ddiv)
    $v0                                      0x000039d0   Number         0  deqf.o(x$fpl$deqf)
    x$fpl$deqf                               0x000039d0   Section      120  deqf.o(x$fpl$deqf)
    $v0                                      0x00003a48   Number         0  dfix.o(x$fpl$dfix)
    x$fpl$dfix                               0x00003a48   Section       94  dfix.o(x$fpl$dfix)
    $v0                                      0x00003aa8   Number         0  dfixu.o(x$fpl$dfixu)
    x$fpl$dfixu                              0x00003aa8   Section       90  dfixu.o(x$fpl$dfixu)
    $v0                                      0x00003b02   Number         0  dflt_clz.o(x$fpl$dflt)
    x$fpl$dflt                               0x00003b02   Section       46  dflt_clz.o(x$fpl$dflt)
    $v0                                      0x00003b30   Number         0  dflt_clz.o(x$fpl$dfltu)
    x$fpl$dfltu                              0x00003b30   Section       38  dflt_clz.o(x$fpl$dfltu)
    $v0                                      0x00003b58   Number         0  dgeqf.o(x$fpl$dgeqf)
    x$fpl$dgeqf                              0x00003b58   Section      120  dgeqf.o(x$fpl$dgeqf)
    $v0                                      0x00003bd0   Number         0  dleqf.o(x$fpl$dleqf)
    x$fpl$dleqf                              0x00003bd0   Section      120  dleqf.o(x$fpl$dleqf)
    $v0                                      0x00003c48   Number         0  dmul.o(x$fpl$dmul)
    x$fpl$dmul                               0x00003c48   Section      340  dmul.o(x$fpl$dmul)
    $v0                                      0x00003d9c   Number         0  dnaninf.o(x$fpl$dnaninf)
    x$fpl$dnaninf                            0x00003d9c   Section      156  dnaninf.o(x$fpl$dnaninf)
    $v0                                      0x00003e38   Number         0  dretinf.o(x$fpl$dretinf)
    x$fpl$dretinf                            0x00003e38   Section       12  dretinf.o(x$fpl$dretinf)
    $v0                                      0x00003e44   Number         0  daddsub_clz.o(x$fpl$dsub)
    x$fpl$dsub                               0x00003e44   Section      476  daddsub_clz.o(x$fpl$dsub)
    _dsub1                                   0x00003e55   Thumb Code     0  daddsub_clz.o(x$fpl$dsub)
    $v0                                      0x00004020   Number         0  f2d.o(x$fpl$f2d)
    x$fpl$f2d                                0x00004020   Section       86  f2d.o(x$fpl$f2d)
    $v0                                      0x00004076   Number         0  dcmp.o(x$fpl$fcmp)
    x$fpl$fcmp                               0x00004076   Section       84  dcmp.o(x$fpl$fcmp)
    $v0                                      0x000040ca   Number         0  fnaninf.o(x$fpl$fnaninf)
    x$fpl$fnaninf                            0x000040ca   Section      140  fnaninf.o(x$fpl$fnaninf)
    $v0                                      0x00004156   Number         0  fpinit.o(x$fpl$fpinit)
    x$fpl$fpinit                             0x00004156   Section       26  fpinit.o(x$fpl$fpinit)
    $v0                                      0x00004170   Number         0  fretinf.o(x$fpl$fretinf)
    x$fpl$fretinf                            0x00004170   Section       10  fretinf.o(x$fpl$fretinf)
    $v0                                      0x0000417a   Number         0  printf1.o(x$fpl$printf1)
    x$fpl$printf1                            0x0000417a   Section        4  printf1.o(x$fpl$printf1)
    $v0                                      0x0000417e   Number         0  printf2.o(x$fpl$printf2)
    x$fpl$printf2                            0x0000417e   Section        4  printf2.o(x$fpl$printf2)
    x$fpl$usenofp                            0x00004182   Section        0  usenofp.o(x$fpl$usenofp)
    g_pui32VCOFrequencies                    0x00004184   Data           8  sysctl.o(.constdata)
    .constdata                               0x00004184   Section      596  sysctl.o(.constdata)
    g_pui32Xtals                             0x0000418c   Data         108  sysctl.o(.constdata)
    g_pppui32XTALtoVCO                       0x000041f8   Data         432  sysctl.o(.constdata)
    g_sXTALtoMEMTIM                          0x000043a8   Data          48  sysctl.o(.constdata)
    initial_mbstate                          0x000043d8   Data           8  _printf_wctomb.o(.constdata)
    .constdata                               0x000043d8   Section        8  _printf_wctomb.o(.constdata)
    uc_hextab                                0x000043e0   Data          20  _printf_hex_int_ll_ptr.o(.constdata)
    .constdata                               0x000043e0   Section       40  _printf_hex_int_ll_ptr.o(.constdata)
    lc_hextab                                0x000043f4   Data          20  _printf_hex_int_ll_ptr.o(.constdata)
    maptable                                 0x00004408   Data          17  __printf_flags_ss_wp.o(.constdata)
    .constdata                               0x00004408   Section       17  __printf_flags_ss_wp.o(.constdata)
    lc_hextab                                0x00004419   Data          19  _printf_fp_hex.o(.constdata)
    .constdata                               0x00004419   Section       38  _printf_fp_hex.o(.constdata)
    uc_hextab                                0x0000442c   Data          19  _printf_fp_hex.o(.constdata)
    tenpwrs_x                                0x00004440   Data          60  bigflt0.o(.constdata)
    .constdata                               0x00004440   Section      148  bigflt0.o(.constdata)
    tenpwrs_i                                0x0000447c   Data          64  bigflt0.o(.constdata)
    .L__const.ES_setSystemClk.allowed_freq   0x000044d4   Data          52  sysclock.o(.rodata..L__const.ES_setSystemClk.allowed_freq)
    .L.str                                   0x000045c8   Data          98  main.o(.rodata.str1.1)
    [Anonymous Symbol]                       0x000045c8   Section        0  main.o(.rodata.str1.1)
    .L.str                                   0x0000462a   Data           3  uart.o(.rodata.str1.1)
    [Anonymous Symbol]                       0x0000462a   Section        0  uart.o(.rodata.str1.1)
    .L.str                                   0x0000462d   Data          22  lcd.o(.rodata.str1.1)
    [Anonymous Symbol]                       0x0000462d   Section        0  lcd.o(.rodata.str1.1)
    .L.str.1                                 0x00004643   Data          33  lcd.o(.rodata.str1.1)
    .L.str.2                                 0x00004664   Data          27  lcd.o(.rodata.str1.1)
    .L.str.5                                 0x0000467f   Data          23  comms.o(.rodata.str1.1)
    [Anonymous Symbol]                       0x0000467f   Section        0  comms.o(.rodata.str1.1)
    .L.str.2                                 0x00004696   Data          47  comms.o(.rodata.str1.1)
    .L.str.1                                 0x000046c5   Data          46  comms.o(.rodata.str1.1)
    .L.str.4                                 0x000046f3   Data          15  comms.o(.rodata.str1.1)
    .L.str.3                                 0x00004702   Data          42  comms.o(.rodata.str1.1)
    .L.str                                   0x0000472c   Data          29  comms.o(.rodata.str1.1)
    .L.str.2                                 0x00004749   Data          26  calllbacks.o(.rodata.str1.1)
    [Anonymous Symbol]                       0x00004749   Section        0  calllbacks.o(.rodata.str1.1)
    .L.str                                   0x00004763   Data          21  calllbacks.o(.rodata.str1.1)
    .L.str.1                                 0x00004778   Data          30  calllbacks.o(.rodata.str1.1)
    .L.str.8                                 0x00004796   Data          48  calllbacks.o(.rodata.str1.1)
    .L.str.9                                 0x000047c6   Data          67  calllbacks.o(.rodata.str1.1)
    .L.str.4                                 0x00004809   Data          49  calllbacks.o(.rodata.str1.1)
    .L.str.5                                 0x0000483a   Data          71  calllbacks.o(.rodata.str1.1)
    .L.str.3                                 0x00004881   Data          27  calllbacks.o(.rodata.str1.1)
    .L.str.7                                 0x0000489c   Data          27  calllbacks.o(.rodata.str1.1)
    .L.str.6                                 0x000048b7   Data          25  calllbacks.o(.rodata.str1.1)
    .L.str.10                                0x000048d0   Data          25  calllbacks.o(.rodata.str1.1)
    locale$$data                             0x0000490c   Section      272  lc_ctype_c.o(locale$$data)
    __lcctype_c_name                         0x00004910   Data           2  lc_ctype_c.o(locale$$data)
    __lcctype_c_start                        0x00004918   Data           0  lc_ctype_c.o(locale$$data)
    __lcctype_c_end                          0x00004a1c   Data           0  lc_ctype_c.o(locale$$data)
    locale$$data                             0x00004a1c   Section       28  lc_numeric_c.o(locale$$data)
    __lcnum_c_name                           0x00004a20   Data           2  lc_numeric_c.o(locale$$data)
    __lcnum_c_start                          0x00004a28   Data           0  lc_numeric_c.o(locale$$data)
    __lcnum_c_point                          0x00004a34   Data           0  lc_numeric_c.o(locale$$data)
    __lcnum_c_thousands                      0x00004a36   Data           0  lc_numeric_c.o(locale$$data)
    __lcnum_c_grouping                       0x00004a37   Data           0  lc_numeric_c.o(locale$$data)
    __lcnum_c_end                            0x00004a38   Data           0  lc_numeric_c.o(locale$$data)
    .bss                                     0x20000010   Section       96  libspace.o(.bss)
    SSI0_Handler.index                       0x20000070   Data           4  comms.o(.bss.SSI0_Handler.index)
    [Anonymous Symbol]                       0x20000070   Section        0  comms.o(.bss.SSI0_Handler.index)
    ui32SysClock                             0x200000b0   Data           4  sysclock.o(.bss.ui32SysClock)
    [Anonymous Symbol]                       0x200000b0   Section        0  sysclock.o(.bss.ui32SysClock)
    Heap_Mem                                 0x200000b8   Data           0  startup_tm4c129.o(HEAP)
    Stack_Mem                                0x200000b8   Data         512  startup_tm4c129.o(STACK)
    HEAP                                     0x200000b8   Section        0  startup_tm4c129.o(HEAP)
    STACK                                    0x200000b8   Section      512  startup_tm4c129.o(STACK)
    __initial_sp                             0x200002b8   Data           0  startup_tm4c129.o(STACK)

    Global Symbols

    Symbol Name                              Value     Ov Type        Size  Object(Section)

    BuildAttributes$$THM_ISAv4$E$P$D$K$B$S$7EM$VFPi3$EXTD16$VFPS$VFMA$PE$A:L22UL41UL21$X:L11$S22US41US21$IEEE1$IW$~IW$USESV6$~STKCKD$USESV7$~SHL$OTIME$ROPI$IEEEX$EBA8$UX$STANDARDLIB$REQ8$PRES8$EABIv2 0x00000000   Number         0  anon$$obj.o ABSOLUTE
    __Vectors                                0x00000000   Data           4  startup_tm4c129.o(RESET)
    _printf_flags                            0x00000000   Number         0  printf_stubs.o ABSOLUTE
    _printf_return_value                     0x00000000   Number         0  printf_stubs.o ABSOLUTE
    _printf_sizespec                         0x00000000   Number         0  printf_stubs.o ABSOLUTE
    _printf_widthprec                        0x00000000   Number         0  printf_stubs.o ABSOLUTE
    __ARM_exceptions_init                     - Undefined Weak Reference
    __alloca_initialize                       - Undefined Weak Reference
    __arm_preinit_                            - Undefined Weak Reference
    __arm_relocate_pie_                       - Undefined Weak Reference
    __cpp_initialize__aeabi_                  - Undefined Weak Reference
    __cxa_finalize                            - Undefined Weak Reference
    __sigvec_lookup                           - Undefined Weak Reference
    _atexit_init                              - Undefined Weak Reference
    _call_atexit_fns                          - Undefined Weak Reference
    _clock_init                               - Undefined Weak Reference
    _fp_trap_init                             - Undefined Weak Reference
    _fp_trap_shutdown                         - Undefined Weak Reference
    _get_lc_collate                           - Undefined Weak Reference
    _get_lc_monetary                          - Undefined Weak Reference
    _get_lc_time                              - Undefined Weak Reference
    _getenv_init                              - Undefined Weak Reference
    _handle_redirection                       - Undefined Weak Reference
    _init_alloc                               - Undefined Weak Reference
    _init_user_alloc                          - Undefined Weak Reference
    _initio                                   - Undefined Weak Reference
    _printf_mbtowc                            - Undefined Weak Reference
    _printf_wc                                - Undefined Weak Reference
    _rand_init                                - Undefined Weak Reference
    _signal_finish                            - Undefined Weak Reference
    _signal_init                              - Undefined Weak Reference
    _terminate_alloc                          - Undefined Weak Reference
    _terminate_user_alloc                     - Undefined Weak Reference
    _terminateio                              - Undefined Weak Reference
    __Vectors_End                            0x00000200   Data           0  startup_tm4c129.o(RESET)
    __Vectors_Size                           0x00000200   Number         0  startup_tm4c129.o ABSOLUTE
    __main                                   0x00000201   Thumb Code     8  __main.o(!!!main)
    __scatterload                            0x00000209   Thumb Code     0  __scatter.o(!!!scatter)
    __scatterload_rt2                        0x00000209   Thumb Code    44  __scatter.o(!!!scatter)
    __scatterload_rt2_thumb_only             0x00000209   Thumb Code     0  __scatter.o(!!!scatter)
    __scatterload_null                       0x00000217   Thumb Code     0  __scatter.o(!!!scatter)
    __scatterload_copy                       0x0000023d   Thumb Code    26  __scatter_copy.o(!!handler_copy)
    __scatterload_zeroinit                   0x00000259   Thumb Code    28  __scatter_zi.o(!!handler_zi)
    _printf_n                                0x00000275   Thumb Code     0  _printf_n.o(.ARM.Collect$$_printf_percent$$00000001)
    _printf_percent                          0x00000275   Thumb Code     0  _printf_percent.o(.ARM.Collect$$_printf_percent$$00000000)
    _printf_p                                0x0000027b   Thumb Code     0  _printf_p.o(.ARM.Collect$$_printf_percent$$00000002)
    _printf_f                                0x00000281   Thumb Code     0  _printf_f.o(.ARM.Collect$$_printf_percent$$00000003)
    _printf_e                                0x00000287   Thumb Code     0  _printf_e.o(.ARM.Collect$$_printf_percent$$00000004)
    _printf_g                                0x0000028d   Thumb Code     0  _printf_g.o(.ARM.Collect$$_printf_percent$$00000005)
    _printf_a                                0x00000293   Thumb Code     0  _printf_a.o(.ARM.Collect$$_printf_percent$$00000006)
    _printf_ll                               0x00000299   Thumb Code     0  _printf_ll.o(.ARM.Collect$$_printf_percent$$00000007)
    _printf_i                                0x000002a3   Thumb Code     0  _printf_i.o(.ARM.Collect$$_printf_percent$$00000008)
    _printf_d                                0x000002a9   Thumb Code     0  _printf_d.o(.ARM.Collect$$_printf_percent$$00000009)
    _printf_u                                0x000002af   Thumb Code     0  _printf_u.o(.ARM.Collect$$_printf_percent$$0000000A)
    _printf_o                                0x000002b5   Thumb Code     0  _printf_o.o(.ARM.Collect$$_printf_percent$$0000000B)
    _printf_x                                0x000002bb   Thumb Code     0  _printf_x.o(.ARM.Collect$$_printf_percent$$0000000C)
    _printf_lli                              0x000002c1   Thumb Code     0  _printf_lli.o(.ARM.Collect$$_printf_percent$$0000000D)
    _printf_lld                              0x000002c7   Thumb Code     0  _printf_lld.o(.ARM.Collect$$_printf_percent$$0000000E)
    _printf_llu                              0x000002cd   Thumb Code     0  _printf_llu.o(.ARM.Collect$$_printf_percent$$0000000F)
    _printf_llo                              0x000002d3   Thumb Code     0  _printf_llo.o(.ARM.Collect$$_printf_percent$$00000010)
    _printf_llx                              0x000002d9   Thumb Code     0  _printf_llx.o(.ARM.Collect$$_printf_percent$$00000011)
    _printf_l                                0x000002df   Thumb Code     0  _printf_l.o(.ARM.Collect$$_printf_percent$$00000012)
    _printf_c                                0x000002e9   Thumb Code     0  _printf_c.o(.ARM.Collect$$_printf_percent$$00000013)
    _printf_s                                0x000002ef   Thumb Code     0  _printf_s.o(.ARM.Collect$$_printf_percent$$00000014)
    _printf_lc                               0x000002f5   Thumb Code     0  _printf_lc.o(.ARM.Collect$$_printf_percent$$00000015)
    _printf_ls                               0x000002fb   Thumb Code     0  _printf_ls.o(.ARM.Collect$$_printf_percent$$00000016)
    _printf_percent_end                      0x00000301   Thumb Code     0  _printf_percent_end.o(.ARM.Collect$$_printf_percent$$00000017)
    __rt_lib_init                            0x00000305   Thumb Code     0  libinit.o(.ARM.Collect$$libinit$$00000000)
    __rt_lib_init_fp_1                       0x00000307   Thumb Code     0  libinit2.o(.ARM.Collect$$libinit$$00000001)
    __rt_lib_init_heap_1                     0x0000030b   Thumb Code     0  libinit2.o(.ARM.Collect$$libinit$$0000000C)
    __rt_lib_init_lc_common                  0x0000030b   Thumb Code     0  libinit2.o(.ARM.Collect$$libinit$$00000011)
    __rt_lib_init_preinit_1                  0x0000030b   Thumb Code     0  libinit2.o(.ARM.Collect$$libinit$$00000006)
    __rt_lib_init_rand_1                     0x0000030b   Thumb Code     0  libinit2.o(.ARM.Collect$$libinit$$00000010)
    __rt_lib_init_relocate_pie_1             0x0000030b   Thumb Code     0  libinit2.o(.ARM.Collect$$libinit$$00000004)
    __rt_lib_init_user_alloc_1               0x0000030b   Thumb Code     0  libinit2.o(.ARM.Collect$$libinit$$0000000E)
    __rt_lib_init_lc_collate_1               0x00000311   Thumb Code     0  libinit2.o(.ARM.Collect$$libinit$$00000013)
    __rt_lib_init_lc_ctype_2                 0x00000311   Thumb Code     0  libinit2.o(.ARM.Collect$$libinit$$00000014)
    __rt_lib_init_lc_ctype_1                 0x0000031d   Thumb Code     0  libinit2.o(.ARM.Collect$$libinit$$00000015)
    __rt_lib_init_lc_monetary_1              0x0000031d   Thumb Code     0  libinit2.o(.ARM.Collect$$libinit$$00000017)
    __rt_lib_init_lc_numeric_2               0x0000031d   Thumb Code     0  libinit2.o(.ARM.Collect$$libinit$$00000018)
    __rt_lib_init_alloca_1                   0x00000327   Thumb Code     0  libinit2.o(.ARM.Collect$$libinit$$00000030)
    __rt_lib_init_argv_1                     0x00000327   Thumb Code     0  libinit2.o(.ARM.Collect$$libinit$$0000002E)
    __rt_lib_init_atexit_1                   0x00000327   Thumb Code     0  libinit2.o(.ARM.Collect$$libinit$$0000001D)
    __rt_lib_init_clock_1                    0x00000327   Thumb Code     0  libinit2.o(.ARM.Collect$$libinit$$00000023)
    __rt_lib_init_cpp_1                      0x00000327   Thumb Code     0  libinit2.o(.ARM.Collect$$libinit$$00000034)
    __rt_lib_init_exceptions_1               0x00000327   Thumb Code     0  libinit2.o(.ARM.Collect$$libinit$$00000032)
    __rt_lib_init_fp_trap_1                  0x00000327   Thumb Code     0  libinit2.o(.ARM.Collect$$libinit$$00000021)
    __rt_lib_init_getenv_1                   0x00000327   Thumb Code     0  libinit2.o(.ARM.Collect$$libinit$$00000025)
    __rt_lib_init_lc_numeric_1               0x00000327   Thumb Code     0  libinit2.o(.ARM.Collect$$libinit$$00000019)
    __rt_lib_init_lc_time_1                  0x00000327   Thumb Code     0  libinit2.o(.ARM.Collect$$libinit$$0000001B)
    __rt_lib_init_return                     0x00000327   Thumb Code     0  libinit2.o(.ARM.Collect$$libinit$$00000035)
    __rt_lib_init_signal_1                   0x00000327   Thumb Code     0  libinit2.o(.ARM.Collect$$libinit$$0000001F)
    __rt_lib_init_stdio_1                    0x00000327   Thumb Code     0  libinit2.o(.ARM.Collect$$libinit$$00000027)
    __rt_lib_shutdown                        0x00000329   Thumb Code     0  libshutdown.o(.ARM.Collect$$libshutdown$$00000000)
    __rt_lib_shutdown_cpp_1                  0x0000032b   Thumb Code     0  libshutdown2.o(.ARM.Collect$$libshutdown$$00000002)
    __rt_lib_shutdown_fp_trap_1              0x0000032b   Thumb Code     0  libshutdown2.o(.ARM.Collect$$libshutdown$$00000007)
    __rt_lib_shutdown_heap_1                 0x0000032b   Thumb Code     0  libshutdown2.o(.ARM.Collect$$libshutdown$$0000000F)
    __rt_lib_shutdown_return                 0x0000032b   Thumb Code     0  libshutdown2.o(.ARM.Collect$$libshutdown$$00000010)
    __rt_lib_shutdown_signal_1               0x0000032b   Thumb Code     0  libshutdown2.o(.ARM.Collect$$libshutdown$$0000000A)
    __rt_lib_shutdown_stdio_1                0x0000032b   Thumb Code     0  libshutdown2.o(.ARM.Collect$$libshutdown$$00000004)
    __rt_lib_shutdown_user_alloc_1           0x0000032b   Thumb Code     0  libshutdown2.o(.ARM.Collect$$libshutdown$$0000000C)
    __rt_entry                               0x0000032d   Thumb Code     0  __rtentry.o(.ARM.Collect$$rtentry$$00000000)
    __rt_entry_presh_1                       0x0000032d   Thumb Code     0  __rtentry2.o(.ARM.Collect$$rtentry$$00000002)
    __rt_entry_sh                            0x0000032d   Thumb Code     0  __rtentry4.o(.ARM.Collect$$rtentry$$00000004)
    __rt_entry_li                            0x00000333   Thumb Code     0  __rtentry2.o(.ARM.Collect$$rtentry$$0000000A)
    __rt_entry_postsh_1                      0x00000333   Thumb Code     0  __rtentry2.o(.ARM.Collect$$rtentry$$00000009)
    __rt_entry_main                          0x00000337   Thumb Code     0  __rtentry2.o(.ARM.Collect$$rtentry$$0000000D)
    __rt_entry_postli_1                      0x00000337   Thumb Code     0  __rtentry2.o(.ARM.Collect$$rtentry$$0000000C)
    __rt_exit                                0x0000033f   Thumb Code     0  rtexit.o(.ARM.Collect$$rtexit$$00000000)
    __rt_exit_ls                             0x00000341   Thumb Code     0  rtexit2.o(.ARM.Collect$$rtexit$$00000003)
    __rt_exit_prels_1                        0x00000341   Thumb Code     0  rtexit2.o(.ARM.Collect$$rtexit$$00000002)
    __rt_exit_exit                           0x00000345   Thumb Code     0  rtexit2.o(.ARM.Collect$$rtexit$$00000004)
    Reset_Handler                            0x0000034d   Thumb Code     8  startup_tm4c129.o(.text)
    NMI_Handler                              0x00000355   Thumb Code     2  startup_tm4c129.o(.text)
    HardFault_Handler                        0x00000357   Thumb Code     2  startup_tm4c129.o(.text)
    MemManage_Handler                        0x00000359   Thumb Code     2  startup_tm4c129.o(.text)
    BusFault_Handler                         0x0000035b   Thumb Code     2  startup_tm4c129.o(.text)
    UsageFault_Handler                       0x0000035d   Thumb Code     2  startup_tm4c129.o(.text)
    SVC_Handler                              0x0000035f   Thumb Code     2  startup_tm4c129.o(.text)
    DebugMon_Handler                         0x00000361   Thumb Code     2  startup_tm4c129.o(.text)
    PendSV_Handler                           0x00000363   Thumb Code     2  startup_tm4c129.o(.text)
    SysTick_Handler                          0x00000365   Thumb Code     2  startup_tm4c129.o(.text)
    GPIOA_Handler                            0x00000367   Thumb Code     2  startup_tm4c129.o(.text)
    GPIOB_Handler                            0x00000369   Thumb Code     2  startup_tm4c129.o(.text)
    GPIOC_Handler                            0x0000036b   Thumb Code     2  startup_tm4c129.o(.text)
    GPIOD_Handler                            0x0000036d   Thumb Code     2  startup_tm4c129.o(.text)
    GPIOE_Handler                            0x0000036f   Thumb Code     2  startup_tm4c129.o(.text)
    UART1_Handler                            0x00000373   Thumb Code     2  startup_tm4c129.o(.text)
    I2C0_Handler                             0x00000377   Thumb Code     2  startup_tm4c129.o(.text)
    PMW0_FAULT_Handler                       0x00000379   Thumb Code     2  startup_tm4c129.o(.text)
    PWM0_0_Handler                           0x0000037b   Thumb Code     2  startup_tm4c129.o(.text)
    PWM0_1_Handler                           0x0000037d   Thumb Code     2  startup_tm4c129.o(.text)
    PWM0_2_Handler                           0x0000037f   Thumb Code     2  startup_tm4c129.o(.text)
    QEI0_Handler                             0x00000381   Thumb Code     2  startup_tm4c129.o(.text)
    ADC0SS1_Handler                          0x00000385   Thumb Code     2  startup_tm4c129.o(.text)
    ADC0SS2_Handler                          0x00000387   Thumb Code     2  startup_tm4c129.o(.text)
    ADC0SS3_Handler                          0x00000389   Thumb Code     2  startup_tm4c129.o(.text)
    WDT0_Handler                             0x0000038b   Thumb Code     2  startup_tm4c129.o(.text)
    TIMER0A_Handler                          0x0000038d   Thumb Code     2  startup_tm4c129.o(.text)
    TIMER0B_Handler                          0x0000038f   Thumb Code     2  startup_tm4c129.o(.text)
    TIMER1A_Handler                          0x00000391   Thumb Code     2  startup_tm4c129.o(.text)
    TIMER1B_Handler                          0x00000393   Thumb Code     2  startup_tm4c129.o(.text)
    TIMER2A_Handler                          0x00000395   Thumb Code     2  startup_tm4c129.o(.text)
    TIMER2B_Handler                          0x00000397   Thumb Code     2  startup_tm4c129.o(.text)
    COMP0_Handler                            0x00000399   Thumb Code     2  startup_tm4c129.o(.text)
    COMP1_Handler                            0x0000039b   Thumb Code     2  startup_tm4c129.o(.text)
    COMP2_Handler                            0x0000039d   Thumb Code     2  startup_tm4c129.o(.text)
    SYSCTL_Handler                           0x0000039f   Thumb Code     2  startup_tm4c129.o(.text)
    FLASH_Handler                            0x000003a1   Thumb Code     2  startup_tm4c129.o(.text)
    GPIOF_Handler                            0x000003a3   Thumb Code     2  startup_tm4c129.o(.text)
    GPIOG_Handler                            0x000003a5   Thumb Code     2  startup_tm4c129.o(.text)
    GPIOH_Handler                            0x000003a7   Thumb Code     2  startup_tm4c129.o(.text)
    UART2_Handler                            0x000003a9   Thumb Code     2  startup_tm4c129.o(.text)
    SSI1_Handler                             0x000003ab   Thumb Code     2  startup_tm4c129.o(.text)
    TIMER3B_Handler                          0x000003af   Thumb Code     2  startup_tm4c129.o(.text)
    I2C1_Handler                             0x000003b1   Thumb Code     2  startup_tm4c129.o(.text)
    CAN0_Handler                             0x000003b3   Thumb Code     2  startup_tm4c129.o(.text)
    CAN1_Handler                             0x000003b5   Thumb Code     2  startup_tm4c129.o(.text)
    ETH_Handler                              0x000003b7   Thumb Code     2  startup_tm4c129.o(.text)
    HIB_Handler                              0x000003b9   Thumb Code     2  startup_tm4c129.o(.text)
    USB0_Handler                             0x000003bb   Thumb Code     2  startup_tm4c129.o(.text)
    PWM0_3_Handler                           0x000003bd   Thumb Code     2  startup_tm4c129.o(.text)
    UDMA_Handler                             0x000003bf   Thumb Code     2  startup_tm4c129.o(.text)
    UDMAERR_Handler                          0x000003c1   Thumb Code     2  startup_tm4c129.o(.text)
    ADC1SS0_Handler                          0x000003c3   Thumb Code     2  startup_tm4c129.o(.text)
    ADC1SS1_Handler                          0x000003c5   Thumb Code     2  startup_tm4c129.o(.text)
    ADC1SS2_Handler                          0x000003c7   Thumb Code     2  startup_tm4c129.o(.text)
    ADC1SS3_Handler                          0x000003c9   Thumb Code     2  startup_tm4c129.o(.text)
    EBI0_Handler                             0x000003cb   Thumb Code     2  startup_tm4c129.o(.text)
    GPIOJ_Handler                            0x000003cd   Thumb Code     2  startup_tm4c129.o(.text)
    GPIOK_Handler                            0x000003cf   Thumb Code     2  startup_tm4c129.o(.text)
    GPIOL_Handler                            0x000003d1   Thumb Code     2  startup_tm4c129.o(.text)
    SSI2_Handler                             0x000003d3   Thumb Code     2  startup_tm4c129.o(.text)
    SSI3_Handler                             0x000003d5   Thumb Code     2  startup_tm4c129.o(.text)
    UART3_Handler                            0x000003d7   Thumb Code     2  startup_tm4c129.o(.text)
    UART4_Handler                            0x000003d9   Thumb Code     2  startup_tm4c129.o(.text)
    UART5_Handler                            0x000003db   Thumb Code     2  startup_tm4c129.o(.text)
    UART6_Handler                            0x000003dd   Thumb Code     2  startup_tm4c129.o(.text)
    UART7_Handler                            0x000003df   Thumb Code     2  startup_tm4c129.o(.text)
    I2C2_Handler                             0x000003e1   Thumb Code     2  startup_tm4c129.o(.text)
    I2C3_Handler                             0x000003e3   Thumb Code     2  startup_tm4c129.o(.text)
    TIMER4A_Handler                          0x000003e5   Thumb Code     2  startup_tm4c129.o(.text)
    TIMER4B_Handler                          0x000003e7   Thumb Code     2  startup_tm4c129.o(.text)
    TIMER5A_Handler                          0x000003e9   Thumb Code     2  startup_tm4c129.o(.text)
    TIMER5B_Handler                          0x000003eb   Thumb Code     2  startup_tm4c129.o(.text)
    WTIMER0A_Handler                         0x000003ed   Thumb Code     2  startup_tm4c129.o(.text)
    WTIMER0B_Handler                         0x000003ef   Thumb Code     2  startup_tm4c129.o(.text)
    WTIMER1A_Handler                         0x000003f1   Thumb Code     2  startup_tm4c129.o(.text)
    WTIMER1B_Handler                         0x000003f3   Thumb Code     2  startup_tm4c129.o(.text)
    WTIMER2A_Handler                         0x000003f5   Thumb Code     2  startup_tm4c129.o(.text)
    WTIMER2B_Handler                         0x000003f7   Thumb Code     2  startup_tm4c129.o(.text)
    WTIMER3A_Handler                         0x000003f9   Thumb Code     2  startup_tm4c129.o(.text)
    WTIMER3B_Handler                         0x000003fb   Thumb Code     2  startup_tm4c129.o(.text)
    WTIMER4A_Handler                         0x000003fd   Thumb Code     2  startup_tm4c129.o(.text)
    WTIMER4B_Handler                         0x000003ff   Thumb Code     2  startup_tm4c129.o(.text)
    WTIMER5A_Handler                         0x00000401   Thumb Code     2  startup_tm4c129.o(.text)
    WTIMER5B_Handler                         0x00000403   Thumb Code     2  startup_tm4c129.o(.text)
    FPU_Handler                              0x00000405   Thumb Code     2  startup_tm4c129.o(.text)
    I2C4_Handler                             0x00000407   Thumb Code     2  startup_tm4c129.o(.text)
    I2C5_Handler                             0x00000409   Thumb Code     2  startup_tm4c129.o(.text)
    GPIOM_Handler                            0x0000040b   Thumb Code     2  startup_tm4c129.o(.text)
    GPION_Handler                            0x0000040d   Thumb Code     2  startup_tm4c129.o(.text)
    TAMPER_Handler                           0x0000040f   Thumb Code     2  startup_tm4c129.o(.text)
    GPIOP0_Handler                           0x00000411   Thumb Code     2  startup_tm4c129.o(.text)
    GPIOP1_Handler                           0x00000413   Thumb Code     2  startup_tm4c129.o(.text)
    GPIOP2_Handler                           0x00000415   Thumb Code     2  startup_tm4c129.o(.text)
    GPIOP3_Handler                           0x00000417   Thumb Code     2  startup_tm4c129.o(.text)
    GPIOP4_Handler                           0x00000419   Thumb Code     2  startup_tm4c129.o(.text)
    GPIOP5_Handler                           0x0000041b   Thumb Code     2  startup_tm4c129.o(.text)
    GPIOP6_Handler                           0x0000041d   Thumb Code     2  startup_tm4c129.o(.text)
    GPIOP7_Handler                           0x0000041f   Thumb Code     2  startup_tm4c129.o(.text)
    GPIOQ0_Handler                           0x00000421   Thumb Code     2  startup_tm4c129.o(.text)
    GPIOQ1_Handler                           0x00000423   Thumb Code     2  startup_tm4c129.o(.text)
    GPIOQ2_Handler                           0x00000425   Thumb Code     2  startup_tm4c129.o(.text)
    GPIOQ3_Handler                           0x00000427   Thumb Code     2  startup_tm4c129.o(.text)
    GPIOQ4_Handler                           0x00000429   Thumb Code     2  startup_tm4c129.o(.text)
    GPIOQ5_Handler                           0x0000042b   Thumb Code     2  startup_tm4c129.o(.text)
    GPIOQ6_Handler                           0x0000042d   Thumb Code     2  startup_tm4c129.o(.text)
    GPIOQ7_Handler                           0x0000042f   Thumb Code     2  startup_tm4c129.o(.text)
    GPIOR_Handler                            0x00000431   Thumb Code     2  startup_tm4c129.o(.text)
    GPIOS_Handler                            0x00000433   Thumb Code     2  startup_tm4c129.o(.text)
    SHAMD5_Handler                           0x00000435   Thumb Code     2  startup_tm4c129.o(.text)
    AES_Handler                              0x00000437   Thumb Code     2  startup_tm4c129.o(.text)
    DES3DES_Handler                          0x00000439   Thumb Code     2  startup_tm4c129.o(.text)
    LCDCONTROLLER_Handler                    0x0000043b   Thumb Code     2  startup_tm4c129.o(.text)
    TIMER6B_Handler                          0x0000043f   Thumb Code     2  startup_tm4c129.o(.text)
    TIMER7B_Handler                          0x00000443   Thumb Code     2  startup_tm4c129.o(.text)
    I2C6_Handler                             0x00000445   Thumb Code     2  startup_tm4c129.o(.text)
    I2C7_Handler                             0x00000447   Thumb Code     2  startup_tm4c129.o(.text)
    HIMSCANKEYBOARD_Handler                  0x00000449   Thumb Code     2  startup_tm4c129.o(.text)
    ONEWIRE_Handler                          0x0000044b   Thumb Code     2  startup_tm4c129.o(.text)
    HIMPS2_Handler                           0x0000044d   Thumb Code     2  startup_tm4c129.o(.text)
    HIMLEDSEQUENCER_Handler                  0x0000044f   Thumb Code     2  startup_tm4c129.o(.text)
    HIMCONSUMERIR_Handler                    0x00000451   Thumb Code     2  startup_tm4c129.o(.text)
    I2C8_Handler                             0x00000453   Thumb Code     2  startup_tm4c129.o(.text)
    I2C9_Handler                             0x00000455   Thumb Code     2  startup_tm4c129.o(.text)
    GPIOT_Handler                            0x00000457   Thumb Code     2  startup_tm4c129.o(.text)
    __user_initial_stackheap                 0x00000459   Thumb Code     0  startup_tm4c129.o(.text)
    __rt_ctype_table                         0x00000479   Thumb Code    16  rt_ctype_table.o(.text)
    vsprintf                                 0x00000489   Thumb Code    32  vsprintf.o(.text)
    atoi                                     0x000004ad   Thumb Code    26  atoi.o(.text)
    __use_two_region_memory                  0x000004c7   Thumb Code     2  heapauxi.o(.text)
    __rt_heap_escrow$2region                 0x000004c9   Thumb Code     2  heapauxi.o(.text)
    __rt_heap_expand$2region                 0x000004cb   Thumb Code     2  heapauxi.o(.text)
    __rt_locale                              0x000004cd   Thumb Code     8  rt_locale_intlibspace.o(.text)
    __aeabi_errno_addr                       0x000004d5   Thumb Code     8  rt_errno_addr_intlibspace.o(.text)
    __errno$intlibspace                      0x000004d5   Thumb Code     0  rt_errno_addr_intlibspace.o(.text)
    __rt_errno_addr$intlibspace              0x000004d5   Thumb Code     0  rt_errno_addr_intlibspace.o(.text)
    _printf_pre_padding                      0x000004dd   Thumb Code    44  _printf_pad.o(.text)
    _printf_post_padding                     0x00000509   Thumb Code    34  _printf_pad.o(.text)
    _printf_truncate_signed                  0x0000052b   Thumb Code    18  _printf_truncate.o(.text)
    _printf_truncate_unsigned                0x0000053d   Thumb Code    18  _printf_truncate.o(.text)
    _printf_str                              0x0000054f   Thumb Code    82  _printf_str.o(.text)
    _printf_int_dec                          0x000005a1   Thumb Code   104  _printf_dec.o(.text)
    _printf_charcount                        0x00000619   Thumb Code    40  _printf_charcount.o(.text)
    _printf_char_common                      0x0000064b   Thumb Code    32  _printf_char_common.o(.text)
    _sputc                                   0x00000671   Thumb Code    10  _sputc.o(.text)
    _printf_wctomb                           0x0000067d   Thumb Code   182  _printf_wctomb.o(.text)
    _printf_longlong_dec                     0x00000739   Thumb Code   108  _printf_longlong_dec.o(.text)
    _printf_longlong_oct                     0x000007b5   Thumb Code    68  _printf_oct_int_ll.o(.text)
    _printf_int_oct                          0x000007f9   Thumb Code    24  _printf_oct_int_ll.o(.text)
    _printf_ll_oct                           0x00000811   Thumb Code    12  _printf_oct_int_ll.o(.text)
    _printf_longlong_hex                     0x00000825   Thumb Code    86  _printf_hex_int_ll_ptr.o(.text)
    _printf_int_hex                          0x0000087b   Thumb Code    28  _printf_hex_int_ll_ptr.o(.text)
    _printf_ll_hex                           0x00000897   Thumb Code    12  _printf_hex_int_ll_ptr.o(.text)
    _printf_hex_ptr                          0x000008a3   Thumb Code    18  _printf_hex_int_ll_ptr.o(.text)
    __printf                                 0x000008b9   Thumb Code   388  __printf_flags_ss_wp.o(.text)
    strtol                                   0x00000a41   Thumb Code   112  strtol.o(.text)
    __user_libspace                          0x00000ab1   Thumb Code     8  libspace.o(.text)
    __user_perproc_libspace                  0x00000ab1   Thumb Code     0  libspace.o(.text)
    __user_perthread_libspace                0x00000ab1   Thumb Code     0  libspace.o(.text)
    _ll_udiv10                               0x00000ab9   Thumb Code   138  lludiv10.o(.text)
    _printf_int_common                       0x00000b43   Thumb Code   178  _printf_intcommon.o(.text)
    _printf_fp_dec_real                      0x00000da5   Thumb Code   620  _printf_fp_dec.o(.text)
    _printf_fp_hex_real                      0x00001011   Thumb Code   756  _printf_fp_hex.o(.text)
    _printf_cs_common                        0x0000130d   Thumb Code    20  _printf_char.o(.text)
    _printf_char                             0x00001321   Thumb Code    16  _printf_char.o(.text)
    _printf_string                           0x00001331   Thumb Code     8  _printf_char.o(.text)
    _printf_lcs_common                       0x00001339   Thumb Code    20  _printf_wchar.o(.text)
    _printf_wchar                            0x0000134d   Thumb Code    16  _printf_wchar.o(.text)
    _printf_wstring                          0x0000135d   Thumb Code     8  _printf_wchar.o(.text)
    _chval                                   0x00001365   Thumb Code    28  _chval.o(.text)
    _strtoul                                 0x00001381   Thumb Code   158  _strtoul.o(.text)
    _c16rtomb                                0x0000141f   Thumb Code    72  _c16rtomb.o(.text)
    _wcrtomb                                 0x0000141f   Thumb Code     0  _c16rtomb.o(.text)
    strcmp                                   0x00001469   Thumb Code   124  strcmpv7em.o(.text)
    __user_setup_stackheap                   0x000014e5   Thumb Code    74  sys_stackheap_outer.o(.text)
    _printf_fp_infnan                        0x00001531   Thumb Code   112  _printf_fp_infnan.o(.text)
    _btod_etento                             0x000015b1   Thumb Code   224  bigflt0.o(.text)
    exit                                     0x00001695   Thumb Code    18  exit.o(.text)
    _sys_exit                                0x000016a9   Thumb Code     8  sys_exit.o(.text)
    __I$use$semihosting                      0x000016b5   Thumb Code     0  use_no_semi.o(.text)
    __use_no_semihosting_swi                 0x000016b5   Thumb Code     2  use_no_semi.o(.text)
    __semihosting_library_function           0x000016b7   Thumb Code     0  indicate_semi.o(.text)
    ADC0SS0_Handler                          0x000016b9   Thumb Code   208  potentiometer.o(.text.ADC0SS0_Handler)
    ES_Uprintf                               0x00001789   Thumb Code   136  general_serial.o(.text.ES_Uprintf)
    ES_putchar                               0x00001811   Thumb Code    60  general_serial.o(.text.ES_putchar)
    ES_setSystemClk                          0x00001851   Thumb Code   216  sysclock.o(.text.ES_setSystemClk)
    SSI0_Handler                             0x00001931   Thumb Code   154  comms.o(.text.SSI0_Handler)
    Setup_DebounceTimer                      0x000019cd   Thumb Code   150  timers.o(.text.Setup_DebounceTimer)
    Setup_GPIO_UART                          0x00001a65   Thumb Code    90  uart.o(.text.Setup_GPIO_UART)
    Setup_Piezo_PWM                          0x00001ac1   Thumb Code   246  piezo.o(.text.Setup_Piezo_PWM)
    Setup_Piezo_TIMER                        0x00001bb9   Thumb Code   188  piezo.o(.text.Setup_Piezo_TIMER)
    Setup_Potentiometer_ADC                  0x00001c75   Thumb Code   256  potentiometer.o(.text.Setup_Potentiometer_ADC)
    Setup_Potentiometer_Timer                0x00001d75   Thumb Code   140  potentiometer.o(.text.Setup_Potentiometer_Timer)
    Setup_Tiva1_SSI                          0x00001e01   Thumb Code   320  comms.o(.text.Setup_Tiva1_SSI)
    Setup_Tiva1_SSI_Master_Timer             0x00001f41   Thumb Code   162  comms.o(.text.Setup_Tiva1_SSI_Master_Timer)
    Setup_UART                               0x00001fe5   Thumb Code   116  uart.o(.text.Setup_UART)
    Setup_UART0_Interrupt                    0x00002059   Thumb Code    50  uart.o(.text.Setup_UART0_Interrupt)
    SystemInit                               0x0000208d   Thumb Code    36  system_tm4c129.o(.text.SystemInit)
    TIMER3A_Handler                          0x000020b1   Thumb Code    78  piezo.o(.text.TIMER3A_Handler)
    TIMER6A_Handler                          0x00002101   Thumb Code    42  timers.o(.text.TIMER6A_Handler)
    TIMER7A_Handler                          0x0000212d   Thumb Code   168  comms.o(.text.TIMER7A_Handler)
    UART0_Handler                            0x000021d5   Thumb Code    80  uart.o(.text.UART0_Handler)
    captureInput                             0x00002225   Thumb Code   234  uart.o(.text.captureInput)
    display_distance                         0x00002311   Thumb Code   140  lcd.o(.text.display_distance)
    getChar                                  0x0000239d   Thumb Code    24  uart.o(.text.getChar)
    main                                     0x000023b5   Thumb Code   224  main.o(.text.main)
    makePacket_tiva1                         0x00002495   Thumb Code    86  comms.o(.text.makePacket_tiva1)
    onAutomaticMode                          0x000024ed   Thumb Code    44  calllbacks.o(.text.onAutomaticMode)
    onExitProgram                            0x00002519   Thumb Code    52  calllbacks.o(.text.onExitProgram)
    onManualMode                             0x0000254d   Thumb Code    44  calllbacks.o(.text.onManualMode)
    onSetMaxAngle                            0x00002579   Thumb Code   210  calllbacks.o(.text.onSetMaxAngle)
    onSetMinAngle                            0x0000264d   Thumb Code   214  calllbacks.o(.text.onSetMinAngle)
    process_char                             0x00002725   Thumb Code   220  uart.o(.text.process_char)
    reset_flags_tiva1                        0x00002801   Thumb Code    44  comms.o(.text.reset_flags_tiva1)
    startADC                                 0x0000282d   Thumb Code    34  potentiometer.o(.text.startADC)
    startDebounce                            0x00002851   Thumb Code    28  timers.o(.text.startDebounce)
    stopADC                                  0x0000286d   Thumb Code    34  potentiometer.o(.text.stopADC)
    tiva1callbacks                           0x00002891   Thumb Code    60  calllbacks.o(.text.tiva1callbacks)
    trigger_piezo                            0x000028cd   Thumb Code    52  piezo.o(.text.trigger_piezo)
    unpackPacket_tiva1                       0x00002901   Thumb Code   232  comms.o(.text.unpackPacket_tiva1)
    writeChar                                0x000029e9   Thumb Code    48  uart.o(.text.writeChar)
    writeMessage                             0x00002a19   Thumb Code    44  uart.o(.text.writeMessage)
    _btod_d2e                                0x00002a45   Thumb Code    62  btod.o(CL$$btod_d2e)
    _d2e_denorm_low                          0x00002a83   Thumb Code    70  btod.o(CL$$btod_d2e_denorm_low)
    _d2e_norm_op1                            0x00002ac9   Thumb Code    96  btod.o(CL$$btod_d2e_norm_op1)
    __btod_div_common                        0x00002b29   Thumb Code   696  btod.o(CL$$btod_div_common)
    _e2e                                     0x00002e61   Thumb Code   220  btod.o(CL$$btod_e2e)
    _btod_ediv                               0x00002f3d   Thumb Code    42  btod.o(CL$$btod_ediv)
    _btod_emul                               0x00002f67   Thumb Code    42  btod.o(CL$$btod_emul)
    __btod_mult_common                       0x00002f91   Thumb Code   580  btod.o(CL$$btod_mult_common)
    SysCtlClockFreqSet                       0x000031d5   Thumb Code   700  sysctl.o(i.SysCtlClockFreqSet)
    __ARM_fpclassify                         0x000034b9   Thumb Code    48  fpclassify.o(i.__ARM_fpclassify)
    _is_digit                                0x000034e9   Thumb Code    14  __printf_wp.o(i._is_digit)
    _get_lc_ctype                            0x000034f9   Thumb Code    44  lc_ctype_c.o(locale$$code)
    _get_lc_numeric                          0x00003525   Thumb Code    44  lc_numeric_c.o(locale$$code)
    __aeabi_d2f                              0x00003551   Thumb Code     0  d2f.o(x$fpl$d2f)
    _d2f                                     0x00003551   Thumb Code    98  d2f.o(x$fpl$d2f)
    __aeabi_dadd                             0x000035b5   Thumb Code     0  daddsub_clz.o(x$fpl$dadd)
    _dadd                                    0x000035b5   Thumb Code   332  daddsub_clz.o(x$fpl$dadd)
    __fpl_dcmp_Inf                           0x00003705   Thumb Code    24  dcmpi.o(x$fpl$dcmpinf)
    __aeabi_ddiv                             0x0000371d   Thumb Code     0  ddiv.o(x$fpl$ddiv)
    _ddiv                                    0x0000371d   Thumb Code   556  ddiv.o(x$fpl$ddiv)
    __aeabi_cdcmpeq                          0x000039d1   Thumb Code     0  deqf.o(x$fpl$deqf)
    _dcmpeq                                  0x000039d1   Thumb Code   120  deqf.o(x$fpl$deqf)
    __aeabi_d2iz                             0x00003a49   Thumb Code     0  dfix.o(x$fpl$dfix)
    _dfix                                    0x00003a49   Thumb Code    94  dfix.o(x$fpl$dfix)
    __aeabi_d2uiz                            0x00003aa9   Thumb Code     0  dfixu.o(x$fpl$dfixu)
    _dfixu                                   0x00003aa9   Thumb Code    90  dfixu.o(x$fpl$dfixu)
    __aeabi_i2d                              0x00003b03   Thumb Code     0  dflt_clz.o(x$fpl$dflt)
    _dflt                                    0x00003b03   Thumb Code    46  dflt_clz.o(x$fpl$dflt)
    __aeabi_ui2d                             0x00003b31   Thumb Code     0  dflt_clz.o(x$fpl$dfltu)
    _dfltu                                   0x00003b31   Thumb Code    38  dflt_clz.o(x$fpl$dfltu)
    __aeabi_cdcmpge                          0x00003b59   Thumb Code     0  dgeqf.o(x$fpl$dgeqf)
    _dcmpge                                  0x00003b59   Thumb Code   120  dgeqf.o(x$fpl$dgeqf)
    __aeabi_cdcmple                          0x00003bd1   Thumb Code     0  dleqf.o(x$fpl$dleqf)
    _dcmple                                  0x00003bd1   Thumb Code   120  dleqf.o(x$fpl$dleqf)
    __fpl_dcmple_InfNaN                      0x00003c33   Thumb Code     0  dleqf.o(x$fpl$dleqf)
    __aeabi_dmul                             0x00003c49   Thumb Code     0  dmul.o(x$fpl$dmul)
    _dmul                                    0x00003c49   Thumb Code   332  dmul.o(x$fpl$dmul)
    __fpl_dnaninf                            0x00003d9d   Thumb Code   156  dnaninf.o(x$fpl$dnaninf)
    __fpl_dretinf                            0x00003e39   Thumb Code    12  dretinf.o(x$fpl$dretinf)
    __aeabi_dsub                             0x00003e45   Thumb Code     0  daddsub_clz.o(x$fpl$dsub)
    _dsub                                    0x00003e45   Thumb Code   472  daddsub_clz.o(x$fpl$dsub)
    __aeabi_f2d                              0x00004021   Thumb Code     0  f2d.o(x$fpl$f2d)
    _f2d                                     0x00004021   Thumb Code    86  f2d.o(x$fpl$f2d)
    __aeabi_dcmpeq                           0x00004077   Thumb Code     0  dcmp.o(x$fpl$fcmp)
    _deq                                     0x00004077   Thumb Code    14  dcmp.o(x$fpl$fcmp)
    _dneq                                    0x00004085   Thumb Code    14  dcmp.o(x$fpl$fcmp)
    __aeabi_dcmpgt                           0x00004093   Thumb Code     0  dcmp.o(x$fpl$fcmp)
    _dgr                                     0x00004093   Thumb Code    14  dcmp.o(x$fpl$fcmp)
    __aeabi_dcmpge                           0x000040a1   Thumb Code     0  dcmp.o(x$fpl$fcmp)
    _dgeq                                    0x000040a1   Thumb Code    14  dcmp.o(x$fpl$fcmp)
    __aeabi_dcmple                           0x000040af   Thumb Code     0  dcmp.o(x$fpl$fcmp)
    _dleq                                    0x000040af   Thumb Code    14  dcmp.o(x$fpl$fcmp)
    __aeabi_dcmplt                           0x000040bd   Thumb Code     0  dcmp.o(x$fpl$fcmp)
    _dls                                     0x000040bd   Thumb Code    14  dcmp.o(x$fpl$fcmp)
    __fpl_fnaninf                            0x000040cb   Thumb Code   140  fnaninf.o(x$fpl$fnaninf)
    _fp_init                                 0x00004157   Thumb Code    26  fpinit.o(x$fpl$fpinit)
    __fplib_config_fpu_vfp                   0x0000416f   Thumb Code     0  fpinit.o(x$fpl$fpinit)
    __fplib_config_pureend_doubles           0x0000416f   Thumb Code     0  fpinit.o(x$fpl$fpinit)
    __fpl_fretinf                            0x00004171   Thumb Code    10  fretinf.o(x$fpl$fretinf)
    _printf_fp_dec                           0x0000417b   Thumb Code     4  printf1.o(x$fpl$printf1)
    _printf_fp_hex                           0x0000417f   Thumb Code     4  printf2.o(x$fpl$printf2)
    __I$use$fp                               0x00004182   Number         0  usenofp.o(x$fpl$usenofp)
    Uvalues                                  0x00004508   Data         192  general_serial.o(.rodata.Uvalues)
    Region$$Table$$Base                      0x000048ec   Number         0  anon$$obj.o(Region$$Table)
    Region$$Table$$Limit                     0x0000490c   Number         0  anon$$obj.o(Region$$Table)
    __ctype                                  0x00004919   Data           0  lc_ctype_c.o(locale$$data)
    SystemCoreClock                          0x20000000   Data           4  system_tm4c129.o(.data.SystemCoreClock)
    max_angle                                0x20000004   Data           2  main.o(.data.max_angle)
    min_angle                                0x20000006   Data           2  main.o(.data.min_angle)
    mode                                     0x20000008   Data           1  main.o(.data.mode)
    __libspace_start                         0x20000010   Data          96  libspace.o(.bss)
    __temporary_stack_top$libspace           0x20000070   Data           0  libspace.o(.bss)
    automaticMode                            0x20000074   Data           1  main.o(.bss.automaticMode)
    callbacks_tiva1                          0x20000078   Data          20  calllbacks.o(.bss.callbacks_tiva1)
    debounceFlag                             0x2000008c   Data           1  main.o(.bss.debounceFlag)
    exitProgram                              0x2000008d   Data           1  main.o(.bss.exitProgram)
    last_distance                            0x20000090   Data           4  main.o(.bss.last_distance)
    manualMode                               0x20000094   Data           1  main.o(.bss.manualMode)
    receivePacket_tiva1                      0x20000096   Data           6  main.o(.bss.receivePacket_tiva1)
    receiveStatus                            0x2000009c   Data           2  main.o(.bss.receiveStatus)
    sendPacket_tiva1                         0x2000009e   Data          10  main.o(.bss.sendPacket_tiva1)
    setMaxAngle                              0x200000a8   Data           1  main.o(.bss.setMaxAngle)
    setMinAngle                              0x200000a9   Data           1  main.o(.bss.setMinAngle)
    target_angle                             0x200000ac   Data           4  main.o(.bss.target_angle)



==============================================================================

Memory Map of the image

  Image Entry point : 0x0000034d

  Load Region LR_1 (Base: 0x00000000, Size: 0x00004a44, Max: 0xffffffff, ABSOLUTE)

    Execution Region ER_RO (Exec base: 0x00000000, Load base: 0x00000000, Size: 0x00004a38, Max: 0xffffffff, ABSOLUTE)

    Exec Addr    Load Addr    Size         Type   Attr      Idx    E Section Name        Object

    0x00000000   0x00000000   0x00000200   Data   RO          156    RESET               startup_tm4c129.o
    0x00000200   0x00000200   0x00000008   Code   RO          729  * !!!main             c_w.l(__main.o)
    0x00000208   0x00000208   0x00000034   Code   RO         1222    !!!scatter          c_w.l(__scatter.o)
    0x0000023c   0x0000023c   0x0000001a   Code   RO         1224    !!handler_copy      c_w.l(__scatter_copy.o)
    0x00000256   0x00000256   0x00000002   PAD
    0x00000258   0x00000258   0x0000001c   Code   RO         1226    !!handler_zi        c_w.l(__scatter_zi.o)
    0x00000274   0x00000274   0x00000000   Code   RO          855    .ARM.Collect$$_printf_percent$$00000000  c_w.l(_printf_percent.o)
    0x00000274   0x00000274   0x00000006   Code   RO          844    .ARM.Collect$$_printf_percent$$00000001  c_w.l(_printf_n.o)
    0x0000027a   0x0000027a   0x00000006   Code   RO          846    .ARM.Collect$$_printf_percent$$00000002  c_w.l(_printf_p.o)
    0x00000280   0x00000280   0x00000006   Code   RO          851    .ARM.Collect$$_printf_percent$$00000003  c_w.l(_printf_f.o)
    0x00000286   0x00000286   0x00000006   Code   RO          852    .ARM.Collect$$_printf_percent$$00000004  c_w.l(_printf_e.o)
    0x0000028c   0x0000028c   0x00000006   Code   RO          853    .ARM.Collect$$_printf_percent$$00000005  c_w.l(_printf_g.o)
    0x00000292   0x00000292   0x00000006   Code   RO          854    .ARM.Collect$$_printf_percent$$00000006  c_w.l(_printf_a.o)
    0x00000298   0x00000298   0x0000000a   Code   RO          859    .ARM.Collect$$_printf_percent$$00000007  c_w.l(_printf_ll.o)
    0x000002a2   0x000002a2   0x00000006   Code   RO          848    .ARM.Collect$$_printf_percent$$00000008  c_w.l(_printf_i.o)
    0x000002a8   0x000002a8   0x00000006   Code   RO          849    .ARM.Collect$$_printf_percent$$00000009  c_w.l(_printf_d.o)
    0x000002ae   0x000002ae   0x00000006   Code   RO          850    .ARM.Collect$$_printf_percent$$0000000A  c_w.l(_printf_u.o)
    0x000002b4   0x000002b4   0x00000006   Code   RO          847    .ARM.Collect$$_printf_percent$$0000000B  c_w.l(_printf_o.o)
    0x000002ba   0x000002ba   0x00000006   Code   RO          845    .ARM.Collect$$_printf_percent$$0000000C  c_w.l(_printf_x.o)
    0x000002c0   0x000002c0   0x00000006   Code   RO          856    .ARM.Collect$$_printf_percent$$0000000D  c_w.l(_printf_lli.o)
    0x000002c6   0x000002c6   0x00000006   Code   RO          857    .ARM.Collect$$_printf_percent$$0000000E  c_w.l(_printf_lld.o)
    0x000002cc   0x000002cc   0x00000006   Code   RO          858    .ARM.Collect$$_printf_percent$$0000000F  c_w.l(_printf_llu.o)
    0x000002d2   0x000002d2   0x00000006   Code   RO          863    .ARM.Collect$$_printf_percent$$00000010  c_w.l(_printf_llo.o)
    0x000002d8   0x000002d8   0x00000006   Code   RO          864    .ARM.Collect$$_printf_percent$$00000011  c_w.l(_printf_llx.o)
    0x000002de   0x000002de   0x0000000a   Code   RO          860    .ARM.Collect$$_printf_percent$$00000012  c_w.l(_printf_l.o)
    0x000002e8   0x000002e8   0x00000006   Code   RO          842    .ARM.Collect$$_printf_percent$$00000013  c_w.l(_printf_c.o)
    0x000002ee   0x000002ee   0x00000006   Code   RO          843    .ARM.Collect$$_printf_percent$$00000014  c_w.l(_printf_s.o)
    0x000002f4   0x000002f4   0x00000006   Code   RO          861    .ARM.Collect$$_printf_percent$$00000015  c_w.l(_printf_lc.o)
    0x000002fa   0x000002fa   0x00000006   Code   RO          862    .ARM.Collect$$_printf_percent$$00000016  c_w.l(_printf_ls.o)
    0x00000300   0x00000300   0x00000004   Code   RO          948    .ARM.Collect$$_printf_percent$$00000017  c_w.l(_printf_percent_end.o)
    0x00000304   0x00000304   0x00000002   Code   RO         1066    .ARM.Collect$$libinit$$00000000  c_w.l(libinit.o)
    0x00000306   0x00000306   0x00000004   Code   RO          967    .ARM.Collect$$libinit$$00000001  c_w.l(libinit2.o)
    0x0000030a   0x0000030a   0x00000000   Code   RO          970    .ARM.Collect$$libinit$$00000004  c_w.l(libinit2.o)
    0x0000030a   0x0000030a   0x00000000   Code   RO          972    .ARM.Collect$$libinit$$00000006  c_w.l(libinit2.o)
    0x0000030a   0x0000030a   0x00000000   Code   RO          975    .ARM.Collect$$libinit$$0000000C  c_w.l(libinit2.o)
    0x0000030a   0x0000030a   0x00000000   Code   RO          977    .ARM.Collect$$libinit$$0000000E  c_w.l(libinit2.o)
    0x0000030a   0x0000030a   0x00000000   Code   RO          979    .ARM.Collect$$libinit$$00000010  c_w.l(libinit2.o)
    0x0000030a   0x0000030a   0x00000006   Code   RO          980    .ARM.Collect$$libinit$$00000011  c_w.l(libinit2.o)
    0x00000310   0x00000310   0x00000000   Code   RO          982    .ARM.Collect$$libinit$$00000013  c_w.l(libinit2.o)
    0x00000310   0x00000310   0x0000000c   Code   RO          983    .ARM.Collect$$libinit$$00000014  c_w.l(libinit2.o)
    0x0000031c   0x0000031c   0x00000000   Code   RO          984    .ARM.Collect$$libinit$$00000015  c_w.l(libinit2.o)
    0x0000031c   0x0000031c   0x00000000   Code   RO          986    .ARM.Collect$$libinit$$00000017  c_w.l(libinit2.o)
    0x0000031c   0x0000031c   0x0000000a   Code   RO          987    .ARM.Collect$$libinit$$00000018  c_w.l(libinit2.o)
    0x00000326   0x00000326   0x00000000   Code   RO          988    .ARM.Collect$$libinit$$00000019  c_w.l(libinit2.o)
    0x00000326   0x00000326   0x00000000   Code   RO          990    .ARM.Collect$$libinit$$0000001B  c_w.l(libinit2.o)
    0x00000326   0x00000326   0x00000000   Code   RO          992    .ARM.Collect$$libinit$$0000001D  c_w.l(libinit2.o)
    0x00000326   0x00000326   0x00000000   Code   RO          994    .ARM.Collect$$libinit$$0000001F  c_w.l(libinit2.o)
    0x00000326   0x00000326   0x00000000   Code   RO          996    .ARM.Collect$$libinit$$00000021  c_w.l(libinit2.o)
    0x00000326   0x00000326   0x00000000   Code   RO          998    .ARM.Collect$$libinit$$00000023  c_w.l(libinit2.o)
    0x00000326   0x00000326   0x00000000   Code   RO         1000    .ARM.Collect$$libinit$$00000025  c_w.l(libinit2.o)
    0x00000326   0x00000326   0x00000000   Code   RO         1002    .ARM.Collect$$libinit$$00000027  c_w.l(libinit2.o)
    0x00000326   0x00000326   0x00000000   Code   RO         1006    .ARM.Collect$$libinit$$0000002E  c_w.l(libinit2.o)
    0x00000326   0x00000326   0x00000000   Code   RO         1008    .ARM.Collect$$libinit$$00000030  c_w.l(libinit2.o)
    0x00000326   0x00000326   0x00000000   Code   RO         1010    .ARM.Collect$$libinit$$00000032  c_w.l(libinit2.o)
    0x00000326   0x00000326   0x00000000   Code   RO         1012    .ARM.Collect$$libinit$$00000034  c_w.l(libinit2.o)
    0x00000326   0x00000326   0x00000002   Code   RO         1013    .ARM.Collect$$libinit$$00000035  c_w.l(libinit2.o)
    0x00000328   0x00000328   0x00000002   Code   RO         1155    .ARM.Collect$$libshutdown$$00000000  c_w.l(libshutdown.o)
    0x0000032a   0x0000032a   0x00000000   Code   RO         1177    .ARM.Collect$$libshutdown$$00000002  c_w.l(libshutdown2.o)
    0x0000032a   0x0000032a   0x00000000   Code   RO         1179    .ARM.Collect$$libshutdown$$00000004  c_w.l(libshutdown2.o)
    0x0000032a   0x0000032a   0x00000000   Code   RO         1182    .ARM.Collect$$libshutdown$$00000007  c_w.l(libshutdown2.o)
    0x0000032a   0x0000032a   0x00000000   Code   RO         1185    .ARM.Collect$$libshutdown$$0000000A  c_w.l(libshutdown2.o)
    0x0000032a   0x0000032a   0x00000000   Code   RO         1187    .ARM.Collect$$libshutdown$$0000000C  c_w.l(libshutdown2.o)
    0x0000032a   0x0000032a   0x00000000   Code   RO         1190    .ARM.Collect$$libshutdown$$0000000F  c_w.l(libshutdown2.o)
    0x0000032a   0x0000032a   0x00000002   Code   RO         1191    .ARM.Collect$$libshutdown$$00000010  c_w.l(libshutdown2.o)
    0x0000032c   0x0000032c   0x00000000   Code   RO          763    .ARM.Collect$$rtentry$$00000000  c_w.l(__rtentry.o)
    0x0000032c   0x0000032c   0x00000000   Code   RO          915    .ARM.Collect$$rtentry$$00000002  c_w.l(__rtentry2.o)
    0x0000032c   0x0000032c   0x00000006   Code   RO          927    .ARM.Collect$$rtentry$$00000004  c_w.l(__rtentry4.o)
    0x00000332   0x00000332   0x00000000   Code   RO          917    .ARM.Collect$$rtentry$$00000009  c_w.l(__rtentry2.o)
    0x00000332   0x00000332   0x00000004   Code   RO          918    .ARM.Collect$$rtentry$$0000000A  c_w.l(__rtentry2.o)
    0x00000336   0x00000336   0x00000000   Code   RO          920    .ARM.Collect$$rtentry$$0000000C  c_w.l(__rtentry2.o)
    0x00000336   0x00000336   0x00000008   Code   RO          921    .ARM.Collect$$rtentry$$0000000D  c_w.l(__rtentry2.o)
    0x0000033e   0x0000033e   0x00000002   Code   RO         1091    .ARM.Collect$$rtexit$$00000000  c_w.l(rtexit.o)
    0x00000340   0x00000340   0x00000000   Code   RO         1118    .ARM.Collect$$rtexit$$00000002  c_w.l(rtexit2.o)
    0x00000340   0x00000340   0x00000004   Code   RO         1119    .ARM.Collect$$rtexit$$00000003  c_w.l(rtexit2.o)
    0x00000344   0x00000344   0x00000006   Code   RO         1120    .ARM.Collect$$rtexit$$00000004  c_w.l(rtexit2.o)
    0x0000034a   0x0000034a   0x00000002   PAD
    0x0000034c   0x0000034c   0x0000012c   Code   RO          157  * .text               startup_tm4c129.o
    0x00000478   0x00000478   0x00000010   Code   RO          717    .text               c_w.l(rt_ctype_table.o)
    0x00000488   0x00000488   0x00000024   Code   RO          721    .text               c_w.l(vsprintf.o)
    0x000004ac   0x000004ac   0x0000001a   Code   RO          725    .text               c_w.l(atoi.o)
    0x000004c6   0x000004c6   0x00000006   Code   RO          727    .text               c_w.l(heapauxi.o)
    0x000004cc   0x000004cc   0x00000008   Code   RO          767    .text               c_w.l(rt_locale_intlibspace.o)
    0x000004d4   0x000004d4   0x00000008   Code   RO          772    .text               c_w.l(rt_errno_addr_intlibspace.o)
    0x000004dc   0x000004dc   0x0000004e   Code   RO          776    .text               c_w.l(_printf_pad.o)
    0x0000052a   0x0000052a   0x00000024   Code   RO          778    .text               c_w.l(_printf_truncate.o)
    0x0000054e   0x0000054e   0x00000052   Code   RO          780    .text               c_w.l(_printf_str.o)
    0x000005a0   0x000005a0   0x00000078   Code   RO          782    .text               c_w.l(_printf_dec.o)
    0x00000618   0x00000618   0x00000028   Code   RO          784    .text               c_w.l(_printf_charcount.o)
    0x00000640   0x00000640   0x00000030   Code   RO          786    .text               c_w.l(_printf_char_common.o)
    0x00000670   0x00000670   0x0000000a   Code   RO          788    .text               c_w.l(_sputc.o)
    0x0000067a   0x0000067a   0x00000002   PAD
    0x0000067c   0x0000067c   0x000000bc   Code   RO          790    .text               c_w.l(_printf_wctomb.o)
    0x00000738   0x00000738   0x0000007c   Code   RO          793    .text               c_w.l(_printf_longlong_dec.o)
    0x000007b4   0x000007b4   0x00000070   Code   RO          799    .text               c_w.l(_printf_oct_int_ll.o)
    0x00000824   0x00000824   0x00000094   Code   RO          819    .text               c_w.l(_printf_hex_int_ll_ptr.o)
    0x000008b8   0x000008b8   0x00000188   Code   RO          839    .text               c_w.l(__printf_flags_ss_wp.o)
    0x00000a40   0x00000a40   0x00000070   Code   RO          875    .text               c_w.l(strtol.o)
    0x00000ab0   0x00000ab0   0x00000008   Code   RO          911    .text               c_w.l(libspace.o)
    0x00000ab8   0x00000ab8   0x0000008a   Code   RO          929    .text               c_w.l(lludiv10.o)
    0x00000b42   0x00000b42   0x000000b2   Code   RO          933    .text               c_w.l(_printf_intcommon.o)
    0x00000bf4   0x00000bf4   0x0000041c   Code   RO          935    .text               c_w.l(_printf_fp_dec.o)
    0x00001010   0x00001010   0x000002fc   Code   RO          939    .text               c_w.l(_printf_fp_hex.o)
    0x0000130c   0x0000130c   0x0000002c   Code   RO          944    .text               c_w.l(_printf_char.o)
    0x00001338   0x00001338   0x0000002c   Code   RO          946    .text               c_w.l(_printf_wchar.o)
    0x00001364   0x00001364   0x0000001c   Code   RO          949    .text               c_w.l(_chval.o)
    0x00001380   0x00001380   0x0000009e   Code   RO          957    .text               c_w.l(_strtoul.o)
    0x0000141e   0x0000141e   0x00000048   Code   RO          963    .text               c_w.l(_c16rtomb.o)
    0x00001466   0x00001466   0x00000002   PAD
    0x00001468   0x00001468   0x0000007c   Code   RO          965    .text               c_w.l(strcmpv7em.o)
    0x000014e4   0x000014e4   0x0000004a   Code   RO         1016    .text               c_w.l(sys_stackheap_outer.o)
    0x0000152e   0x0000152e   0x00000002   PAD
    0x00001530   0x00001530   0x00000080   Code   RO         1020    .text               c_w.l(_printf_fp_infnan.o)
    0x000015b0   0x000015b0   0x000000e4   Code   RO         1022    .text               c_w.l(bigflt0.o)
    0x00001694   0x00001694   0x00000012   Code   RO         1055    .text               c_w.l(exit.o)
    0x000016a6   0x000016a6   0x00000002   PAD
    0x000016a8   0x000016a8   0x0000000c   Code   RO         1140    .text               c_w.l(sys_exit.o)
    0x000016b4   0x000016b4   0x00000002   Code   RO         1144    .text               c_w.l(use_no_semi.o)
    0x000016b6   0x000016b6   0x00000000   Code   RO         1146    .text               c_w.l(indicate_semi.o)
    0x000016b6   0x000016b6   0x00000002   PAD
    0x000016b8   0x000016b8   0x000000d0   Code   RO           61    .text.ADC0SS0_Handler  potentiometer.o
    0x00001788   0x00001788   0x00000088   Code   RO          195    .text.ES_Uprintf    ES.lib(general_serial.o)
    0x00001810   0x00001810   0x0000003c   Code   RO          191    .text.ES_putchar    ES.lib(general_serial.o)
    0x0000184c   0x0000184c   0x00000004   PAD
    0x00001850   0x00001850   0x000000e0   Code   RO          176    .text.ES_setSystemClk  ES.lib(sysclock.o)
    0x00001930   0x00001930   0x0000009a   Code   RO           92    .text.SSI0_Handler  comms.o
    0x000019ca   0x000019ca   0x00000002   PAD
    0x000019cc   0x000019cc   0x00000096   Code   RO          120    .text.Setup_DebounceTimer  timers.o
    0x00001a62   0x00001a62   0x00000002   PAD
    0x00001a64   0x00001a64   0x0000005a   Code   RO           27    .text.Setup_GPIO_UART  uart.o
    0x00001abe   0x00001abe   0x00000002   PAD
    0x00001ac0   0x00001ac0   0x000000f6   Code   RO          105    .text.Setup_Piezo_PWM  piezo.o
    0x00001bb6   0x00001bb6   0x00000002   PAD
    0x00001bb8   0x00001bb8   0x000000bc   Code   RO          107    .text.Setup_Piezo_TIMER  piezo.o
    0x00001c74   0x00001c74   0x00000100   Code   RO           53    .text.Setup_Potentiometer_ADC  potentiometer.o
    0x00001d74   0x00001d74   0x0000008c   Code   RO           55    .text.Setup_Potentiometer_Timer  potentiometer.o
    0x00001e00   0x00001e00   0x00000140   Code   RO           82    .text.Setup_Tiva1_SSI  comms.o
    0x00001f40   0x00001f40   0x000000a2   Code   RO           84    .text.Setup_Tiva1_SSI_Master_Timer  comms.o
    0x00001fe2   0x00001fe2   0x00000002   PAD
    0x00001fe4   0x00001fe4   0x00000074   Code   RO           29    .text.Setup_UART    uart.o
    0x00002058   0x00002058   0x00000032   Code   RO           31    .text.Setup_UART0_Interrupt  uart.o
    0x0000208a   0x0000208a   0x00000002   PAD
    0x0000208c   0x0000208c   0x00000024   Code   RO          166    .text.SystemInit    system_tm4c129.o
    0x000020b0   0x000020b0   0x0000004e   Code   RO          111    .text.TIMER3A_Handler  piezo.o
    0x000020fe   0x000020fe   0x00000002   PAD
    0x00002100   0x00002100   0x0000002a   Code   RO          124    .text.TIMER6A_Handler  timers.o
    0x0000212a   0x0000212a   0x00000002   PAD
    0x0000212c   0x0000212c   0x000000a8   Code   RO           90    .text.TIMER7A_Handler  comms.o
    0x000021d4   0x000021d4   0x00000050   Code   RO           43    .text.UART0_Handler  uart.o
    0x00002224   0x00002224   0x000000ea   Code   RO           41    .text.captureInput  uart.o
    0x0000230e   0x0000230e   0x00000002   PAD
    0x00002310   0x00002310   0x0000008c   Code   RO           70    .text.display_distance  lcd.o
    0x0000239c   0x0000239c   0x00000018   Code   RO           37    .text.getChar       uart.o
    0x000023b4   0x000023b4   0x000000e0   Code   RO            2    .text.main          main.o
    0x00002494   0x00002494   0x00000056   Code   RO           86    .text.makePacket_tiva1  comms.o
    0x000024ea   0x000024ea   0x00000002   PAD
    0x000024ec   0x000024ec   0x0000002c   Code   RO          135    .text.onAutomaticMode  calllbacks.o
    0x00002518   0x00002518   0x00000034   Code   RO          133    .text.onExitProgram  calllbacks.o
    0x0000254c   0x0000254c   0x0000002c   Code   RO          137    .text.onManualMode  calllbacks.o
    0x00002578   0x00002578   0x000000d2   Code   RO          141    .text.onSetMaxAngle  calllbacks.o
    0x0000264a   0x0000264a   0x00000002   PAD
    0x0000264c   0x0000264c   0x000000d6   Code   RO          139    .text.onSetMinAngle  calllbacks.o
    0x00002722   0x00002722   0x00000002   PAD
    0x00002724   0x00002724   0x000000dc   Code   RO           39    .text.process_char  uart.o
    0x00002800   0x00002800   0x0000002c   Code   RO           94    .text.reset_flags_tiva1  comms.o
    0x0000282c   0x0000282c   0x00000022   Code   RO           57    .text.startADC      potentiometer.o
    0x0000284e   0x0000284e   0x00000002   PAD
    0x00002850   0x00002850   0x0000001c   Code   RO          122    .text.startDebounce  timers.o
    0x0000286c   0x0000286c   0x00000022   Code   RO           59    .text.stopADC       potentiometer.o
    0x0000288e   0x0000288e   0x00000002   PAD
    0x00002890   0x00002890   0x0000003c   Code   RO          143    .text.tiva1callbacks  calllbacks.o
    0x000028cc   0x000028cc   0x00000034   Code   RO          109    .text.trigger_piezo  piezo.o
    0x00002900   0x00002900   0x000000e8   Code   RO           88    .text.unpackPacket_tiva1  comms.o
    0x000029e8   0x000029e8   0x00000030   Code   RO           33    .text.writeChar     uart.o
    0x00002a18   0x00002a18   0x0000002c   Code   RO           35    .text.writeMessage  uart.o
    0x00002a44   0x00002a44   0x0000003e   Code   RO         1025    CL$$btod_d2e        c_w.l(btod.o)
    0x00002a82   0x00002a82   0x00000046   Code   RO         1027    CL$$btod_d2e_denorm_low  c_w.l(btod.o)
    0x00002ac8   0x00002ac8   0x00000060   Code   RO         1026    CL$$btod_d2e_norm_op1  c_w.l(btod.o)
    0x00002b28   0x00002b28   0x00000338   Code   RO         1035    CL$$btod_div_common  c_w.l(btod.o)
    0x00002e60   0x00002e60   0x000000dc   Code   RO         1032    CL$$btod_e2e        c_w.l(btod.o)
    0x00002f3c   0x00002f3c   0x0000002a   Code   RO         1029    CL$$btod_ediv       c_w.l(btod.o)
    0x00002f66   0x00002f66   0x0000002a   Code   RO         1028    CL$$btod_emul       c_w.l(btod.o)
    0x00002f90   0x00002f90   0x00000244   Code   RO         1034    CL$$btod_mult_common  c_w.l(btod.o)
    0x000031d4   0x000031d4   0x000002e4   Code   RO          210    i.SysCtlClockFreqSet  ES.lib(sysctl.o)
    0x000034b8   0x000034b8   0x00000030   Code   RO         1081    i.__ARM_fpclassify  m_wm.l(fpclassify.o)
    0x000034e8   0x000034e8   0x0000000e   Code   RO          832    i._is_digit         c_w.l(__printf_wp.o)
    0x000034f6   0x000034f6   0x00000002   PAD
    0x000034f8   0x000034f8   0x0000002c   Code   RO          884    locale$$code        c_w.l(lc_ctype_c.o)
    0x00003524   0x00003524   0x0000002c   Code   RO         1053    locale$$code        c_w.l(lc_numeric_c.o)
    0x00003550   0x00003550   0x00000062   Code   RO          731    x$fpl$d2f           fz_wm.l(d2f.o)
    0x000035b2   0x000035b2   0x00000002   PAD
    0x000035b4   0x000035b4   0x00000150   Code   RO          733    x$fpl$dadd          fz_wm.l(daddsub_clz.o)
    0x00003704   0x00003704   0x00000018   Code   RO         1014    x$fpl$dcmpinf       fz_wm.l(dcmpi.o)
    0x0000371c   0x0000371c   0x000002b4   Code   RO          742    x$fpl$ddiv          fz_wm.l(ddiv.o)
    0x000039d0   0x000039d0   0x00000078   Code   RO          886    x$fpl$deqf          fz_wm.l(deqf.o)
    0x00003a48   0x00003a48   0x0000005e   Code   RO          745    x$fpl$dfix          fz_wm.l(dfix.o)
    0x00003aa6   0x00003aa6   0x00000002   PAD
    0x00003aa8   0x00003aa8   0x0000005a   Code   RO          749    x$fpl$dfixu         fz_wm.l(dfixu.o)
    0x00003b02   0x00003b02   0x0000002e   Code   RO          754    x$fpl$dflt          fz_wm.l(dflt_clz.o)
    0x00003b30   0x00003b30   0x00000026   Code   RO          753    x$fpl$dfltu         fz_wm.l(dflt_clz.o)
    0x00003b56   0x00003b56   0x00000002   PAD
    0x00003b58   0x00003b58   0x00000078   Code   RO          888    x$fpl$dgeqf         fz_wm.l(dgeqf.o)
    0x00003bd0   0x00003bd0   0x00000078   Code   RO          890    x$fpl$dleqf         fz_wm.l(dleqf.o)
    0x00003c48   0x00003c48   0x00000154   Code   RO          759    x$fpl$dmul          fz_wm.l(dmul.o)
    0x00003d9c   0x00003d9c   0x0000009c   Code   RO          892    x$fpl$dnaninf       fz_wm.l(dnaninf.o)
    0x00003e38   0x00003e38   0x0000000c   Code   RO          894    x$fpl$dretinf       fz_wm.l(dretinf.o)
    0x00003e44   0x00003e44   0x000001dc   Code   RO          735    x$fpl$dsub          fz_wm.l(daddsub_clz.o)
    0x00004020   0x00004020   0x00000056   Code   RO          761    x$fpl$f2d           fz_wm.l(f2d.o)
    0x00004076   0x00004076   0x00000054   Code   RO          739    x$fpl$fcmp          fz_wm.l(dcmp.o)
    0x000040ca   0x000040ca   0x0000008c   Code   RO          896    x$fpl$fnaninf       fz_wm.l(fnaninf.o)
    0x00004156   0x00004156   0x0000001a   Code   RO         1071    x$fpl$fpinit        fz_wm.l(fpinit.o)
    0x00004170   0x00004170   0x0000000a   Code   RO          898    x$fpl$fretinf       fz_wm.l(fretinf.o)
    0x0000417a   0x0000417a   0x00000004   Code   RO          900    x$fpl$printf1       fz_wm.l(printf1.o)
    0x0000417e   0x0000417e   0x00000004   Code   RO          902    x$fpl$printf2       fz_wm.l(printf2.o)
    0x00004182   0x00004182   0x00000000   Code   RO          910    x$fpl$usenofp       fz_wm.l(usenofp.o)
    0x00004182   0x00004182   0x00000002   PAD
    0x00004184   0x00004184   0x00000254   Data   RO          264    .constdata          ES.lib(sysctl.o)
    0x000043d8   0x000043d8   0x00000008   Data   RO          791    .constdata          c_w.l(_printf_wctomb.o)
    0x000043e0   0x000043e0   0x00000028   Data   RO          820    .constdata          c_w.l(_printf_hex_int_ll_ptr.o)
    0x00004408   0x00004408   0x00000011   Data   RO          840    .constdata          c_w.l(__printf_flags_ss_wp.o)
    0x00004419   0x00004419   0x00000026   Data   RO          940    .constdata          c_w.l(_printf_fp_hex.o)
    0x0000443f   0x0000443f   0x00000001   PAD
    0x00004440   0x00004440   0x00000094   Data   RO         1023    .constdata          c_w.l(bigflt0.o)
    0x000044d4   0x000044d4   0x00000034   Data   RO          180    .rodata..L__const.ES_setSystemClk.allowed_freq  ES.lib(sysclock.o)
    0x00004508   0x00004508   0x000000c0   Data   RO          199    .rodata.Uvalues     ES.lib(general_serial.o)
    0x000045c8   0x000045c8   0x00000062   Data   RO           15    .rodata.str1.1      main.o
    0x0000462a   0x0000462a   0x00000003   Data   RO           45    .rodata.str1.1      uart.o
    0x0000462d   0x0000462d   0x00000052   Data   RO           74    .rodata.str1.1      lcd.o
    0x0000467f   0x0000467f   0x000000ca   Data   RO           96    .rodata.str1.1      comms.o
    0x00004749   0x00004749   0x000001a0   Data   RO          145    .rodata.str1.1      calllbacks.o
    0x000048e9   0x000048e9   0x00000003   PAD
    0x000048ec   0x000048ec   0x00000020   Data   RO         1221    Region$$Table       anon$$obj.o
    0x0000490c   0x0000490c   0x00000110   Data   RO          883    locale$$data        c_w.l(lc_ctype_c.o)
    0x00004a1c   0x00004a1c   0x0000001c   Data   RO         1052    locale$$data        c_w.l(lc_numeric_c.o)


    Execution Region ER_RW (Exec base: 0x20000000, Load base: 0x00004a38, Size: 0x0000000c, Max: 0xffffffff, ABSOLUTE)

    Exec Addr    Load Addr    Size         Type   Attr      Idx    E Section Name        Object

    0x20000000   0x00004a38   0x00000004   Data   RW          168    .data.SystemCoreClock  system_tm4c129.o
    0x20000004   0x00004a3c   0x00000002   Data   RW           12    .data.max_angle     main.o
    0x20000006   0x00004a3e   0x00000002   Data   RW           13    .data.min_angle     main.o
    0x20000008   0x00004a40   0x00000001   Data   RW           10    .data.mode          main.o


    Execution Region ER_ZI (Exec base: 0x20000010, Load base: 0x00004a44, Size: 0x000002a8, Max: 0xffffffff, ABSOLUTE)

    Exec Addr    Load Addr    Size         Type   Attr      Idx    E Section Name        Object

    0x20000010        -       0x00000060   Zero   RW          912    .bss                c_w.l(libspace.o)
    0x20000070        -       0x00000004   Zero   RW           97    .bss.SSI0_Handler.index  comms.o
    0x20000074        -       0x00000001   Zero   RW            4    .bss.automaticMode  main.o
    0x20000075   0x00004a44   0x00000003   PAD
    0x20000078        -       0x00000014   Zero   RW          146    .bss.callbacks_tiva1  calllbacks.o
    0x2000008c        -       0x00000001   Zero   RW            9    .bss.debounceFlag   main.o
    0x2000008d        -       0x00000001   Zero   RW            6    .bss.exitProgram    main.o
    0x2000008e   0x00004a44   0x00000002   PAD
    0x20000090        -       0x00000004   Zero   RW           14    .bss.last_distance  main.o
    0x20000094        -       0x00000001   Zero   RW            5    .bss.manualMode     main.o
    0x20000095   0x00004a44   0x00000001   PAD
    0x20000096        -       0x00000006   Zero   RW           19    .bss.receivePacket_tiva1  main.o
    0x2000009c        -       0x00000002   Zero   RW           17    .bss.receiveStatus  main.o
    0x2000009e        -       0x0000000a   Zero   RW           18    .bss.sendPacket_tiva1  main.o
    0x200000a8        -       0x00000001   Zero   RW            8    .bss.setMaxAngle    main.o
    0x200000a9        -       0x00000001   Zero   RW            7    .bss.setMinAngle    main.o
    0x200000aa   0x00004a44   0x00000002   PAD
    0x200000ac        -       0x00000004   Zero   RW           11    .bss.target_angle   main.o
    0x200000b0        -       0x00000004   Zero   RW          181    .bss.ui32SysClock   ES.lib(sysclock.o)
    0x200000b4   0x00004a44   0x00000004   PAD
    0x200000b8        -       0x00000000   Zero   RW          155    HEAP                startup_tm4c129.o
    0x200000b8        -       0x00000200   Zero   RW          154    STACK               startup_tm4c129.o


==============================================================================

Image component sizes


      Code (inc. data)   RO Data    RW Data    ZI Data      Debug   Object Name

       624          0        416          0         20       1481   calllbacks.o
      1166          4        202          0          4       9923   comms.o
       140         12         82          0          0       7400   lcd.o
       224          0         98          5         32       1160   main.o
       564          0          0          0          0      10507   piezo.o
       672         24          0          0          0      10028   potentiometer.o
       300         22        512          0        512       6032   startup_tm4c129.o
        36          0          0          4          0       1390   system_tm4c129.o
       220          0          0          0          0       7484   timers.o
       906          0          3          0          0       9360   uart.o

    ----------------------------------------------------------------------
      4880         62       1348         12        576      64765   Object Totals
         0          0         32          0          0          0   (incl. Generated)
        28          0          3          3          8          0   (incl. Padding)

    ----------------------------------------------------------------------

      Code (inc. data)   RO Data    RW Data    ZI Data      Debug   Library Member Name

       196          0        192          0          0       9510   general_serial.o
       224          8         52          0          4       1010   sysclock.o
       740         40        596          0          0       7961   sysctl.o
         8          0          0          0          0         68   __main.o
       392          4         17          0          0         92   __printf_flags_ss_wp.o
        14          0          0          0          0         68   __printf_wp.o
         0          0          0          0          0          0   __rtentry.o
        12          0          0          0          0          0   __rtentry2.o
         6          0          0          0          0          0   __rtentry4.o
        52          8          0          0          0          0   __scatter.o
        26          0          0          0          0          0   __scatter_copy.o
        28          0          0          0          0          0   __scatter_zi.o
        72          0          0          0          0         96   _c16rtomb.o
        28          0          0          0          0         68   _chval.o
         6          0          0          0          0          0   _printf_a.o
         6          0          0          0          0          0   _printf_c.o
        44          0          0          0          0        108   _printf_char.o
        48          6          0          0          0         96   _printf_char_common.o
        40          0          0          0          0         68   _printf_charcount.o
         6          0          0          0          0          0   _printf_d.o
       120         16          0          0          0         92   _printf_dec.o
         6          0          0          0          0          0   _printf_e.o
         6          0          0          0          0          0   _printf_f.o
      1052          0          0          0          0        148   _printf_fp_dec.o
       764          8         38          0          0        100   _printf_fp_hex.o
       128         16          0          0          0         84   _printf_fp_infnan.o
         6          0          0          0          0          0   _printf_g.o
       148          4         40          0          0        160   _printf_hex_int_ll_ptr.o
         6          0          0          0          0          0   _printf_i.o
       178          0          0          0          0         88   _printf_intcommon.o
        10          0          0          0          0          0   _printf_l.o
         6          0          0          0          0          0   _printf_lc.o
        10          0          0          0          0          0   _printf_ll.o
         6          0          0          0          0          0   _printf_lld.o
         6          0          0          0          0          0   _printf_lli.o
         6          0          0          0          0          0   _printf_llo.o
         6          0          0          0          0          0   _printf_llu.o
         6          0          0          0          0          0   _printf_llx.o
       124         16          0          0          0         92   _printf_longlong_dec.o
         6          0          0          0          0          0   _printf_ls.o
         6          0          0          0          0          0   _printf_n.o
         6          0          0          0          0          0   _printf_o.o
       112          8          0          0          0        124   _printf_oct_int_ll.o
         6          0          0          0          0          0   _printf_p.o
        78          0          0          0          0        108   _printf_pad.o
         0          0          0          0          0          0   _printf_percent.o
         4          0          0          0          0          0   _printf_percent_end.o
         6          0          0          0          0          0   _printf_s.o
        82          0          0          0          0         80   _printf_str.o
        36          0          0          0          0         84   _printf_truncate.o
         6          0          0          0          0          0   _printf_u.o
        44          0          0          0          0        108   _printf_wchar.o
       188          6          8          0          0         92   _printf_wctomb.o
         6          0          0          0          0          0   _printf_x.o
        10          0          0          0          0         68   _sputc.o
       158          0          0          0          0         92   _strtoul.o
        26          0          0          0          0         80   atoi.o
       228          4        148          0          0         96   bigflt0.o
      1936        128          0          0          0        668   btod.o
        18          0          0          0          0         80   exit.o
         6          0          0          0          0        152   heapauxi.o
         0          0          0          0          0          0   indicate_semi.o
        44         10        272          0          0         76   lc_ctype_c.o
        44         10         28          0          0         76   lc_numeric_c.o
         2          0          0          0          0          0   libinit.o
        34          0          0          0          0          0   libinit2.o
         2          0          0          0          0          0   libshutdown.o
         2          0          0          0          0          0   libshutdown2.o
         8          4          0          0         96         68   libspace.o
       138          0          0          0          0         80   lludiv10.o
        16          4          0          0          0         76   rt_ctype_table.o
         8          4          0          0          0         68   rt_errno_addr_intlibspace.o
         8          4          0          0          0         68   rt_locale_intlibspace.o
         2          0          0          0          0          0   rtexit.o
        10          0          0          0          0          0   rtexit2.o
       124          0          0          0          0         88   strcmpv7em.o
       112          0          0          0          0         88   strtol.o
        12          4          0          0          0         68   sys_exit.o
        74          0          0          0          0         80   sys_stackheap_outer.o
         2          0          0          0          0         68   use_no_semi.o
        36          4          0          0          0         76   vsprintf.o
        98          4          0          0          0        140   d2f.o
       812         16          0          0          0        392   daddsub_clz.o
        84          0          0          0          0        244   dcmp.o
        24          0          0          0          0        116   dcmpi.o
       692        140          0          0          0        264   ddiv.o
       120          4          0          0          0        140   deqf.o
        94          4          0          0          0        140   dfix.o
        90          4          0          0          0        140   dfixu.o
        84          0          0          0          0        232   dflt_clz.o
       120          4          0          0          0        140   dgeqf.o
       120          4          0          0          0        140   dleqf.o
       340         12          0          0          0        152   dmul.o
       156          4          0          0          0        140   dnaninf.o
        12          0          0          0          0        116   dretinf.o
        86          4          0          0          0        132   f2d.o
       140          4          0          0          0        132   fnaninf.o
        26          0          0          0          0        116   fpinit.o
        10          0          0          0          0        116   fretinf.o
         4          0          0          0          0        116   printf1.o
         4          0          0          0          0        116   printf2.o
         0          0          0          0          0          0   usenofp.o
        48          0          0          0          0        124   fpclassify.o

    ----------------------------------------------------------------------
     11380        520       1392          0        104      26069   Library Totals
        28          0          1          0          4          0   (incl. Padding)

    ----------------------------------------------------------------------

      Code (inc. data)   RO Data    RW Data    ZI Data      Debug   Library Name

      1160         48        840          0          4      18481   ES.lib
      7028        268        551          0         96       4240   c_w.l
      3116        204          0          0          0       3224   fz_wm.l
        48          0          0          0          0        124   m_wm.l

    ----------------------------------------------------------------------
     11380        520       1392          0        104      26069   Library Totals

    ----------------------------------------------------------------------

==============================================================================


      Code (inc. data)   RO Data    RW Data    ZI Data      Debug   

     16260        582       2740         12        680      86246   Grand Totals
     16260        582       2740         12        680      86246   ELF Image Totals
     16260        582       2740         12          0          0   ROM Totals

==============================================================================

    Total RO  Size (Code + RO Data)                19000 (  18.55kB)
    Total RW  Size (RW Data + ZI Data)               692 (   0.68kB)
    Total ROM Size (Code + RO Data + RW Data)      19012 (  18.57kB)

==============================================================================

