Component: Arm Compiler for Embedded 6.19 Tool: armlink [5e73cb00]

==============================================================================

Section Cross References

    main.o(.text.main) refers to sysclock.o(.text.ES_setSystemClk) for ES_setSystemClk
    main.o(.text.main) refers to servo.o(.text.Setup_Servo_PWM) for Setup_Servo_PWM
    main.o(.text.main) refers to sensor.o(.text.Setup_SensorInput) for Setup_SensorInput
    main.o(.text.main) refers to sensor.o(.text.Setup_SensorOutput) for Setup_SensorOutput
    main.o(.text.main) refers to timers.o(.text.Setup_PeriodicPulseTimer) for Setup_PeriodicPulseTimer
    main.o(.text.main) refers to comms2.o(.text.Setup_Tiva2_SSI) for Setup_Tiva2_SSI
    main.o(.text.main) refers to comms2.o(.text.Setup_Tiva2_SSI_Slave_Timer) for Setup_Tiva2_SSI_Slave_Timer
    main.o(.text.main) refers to calllbacks.o(.text.tiva2callbacks) for tiva2callbacks
    main.o(.text.main) refers to main.o(.bss.exitProgram) for exitProgram
    main.o(.text.main) refers to calllbacks.o(.bss.callbacks_tiva2) for callbacks_tiva2
    main.o(.text.main) refers to main.o(.bss.automaticMode) for automaticMode
    main.o(.text.main) refers to main.o(.bss.manualMode) for manualMode
    main.o(.ARM.exidx.text.main) refers to main.o(.text.main) for [Anonymous Symbol]
    servo.o(.text.Setup_Servo_PWM) refers to main.o(.bss.sweep_angle) for sweep_angle
    servo.o(.text.Setup_Servo_PWM) refers to servo.o(.text.calc_match_value) for calc_match_value
    servo.o(.ARM.exidx.text.Setup_Servo_PWM) refers to servo.o(.text.Setup_Servo_PWM) for [Anonymous Symbol]
    servo.o(.text.calc_match_value) refers to dflt_clz.o(x$fpl$dflt) for __aeabi_i2d
    servo.o(.text.calc_match_value) refers to ddiv.o(x$fpl$ddiv) for __aeabi_ddiv
    servo.o(.text.calc_match_value) refers to daddsub_clz.o(x$fpl$dadd) for __aeabi_dadd
    servo.o(.text.calc_match_value) refers to d2f.o(x$fpl$d2f) for __aeabi_d2f
    servo.o(.text.calc_match_value) refers to f2d.o(x$fpl$f2d) for __aeabi_f2d
    servo.o(.text.calc_match_value) refers to dmul.o(x$fpl$dmul) for __aeabi_dmul
    servo.o(.text.calc_match_value) refers to dfixu.o(x$fpl$dfixu) for __aeabi_d2uiz
    servo.o(.ARM.exidx.text.calc_match_value) refers to servo.o(.text.calc_match_value) for [Anonymous Symbol]
    servo.o(.text.set_servo_angle) refers to servo.o(.text.calc_match_value) for calc_match_value
    servo.o(.ARM.exidx.text.set_servo_angle) refers to servo.o(.text.set_servo_angle) for [Anonymous Symbol]
    servo.o(.text.automatic_mode_loop) refers to main.o(.bss.automaticMode) for automaticMode
    servo.o(.text.automatic_mode_loop) refers to main.o(.data.min_angle) for min_angle
    servo.o(.text.automatic_mode_loop) refers to servo.o(.text.set_servo_angle) for set_servo_angle
    servo.o(.text.automatic_mode_loop) refers to servo.o(.data.automatic_mode_loop.increasing) for automatic_mode_loop.increasing
    servo.o(.text.automatic_mode_loop) refers to main.o(.data.max_angle) for max_angle
    servo.o(.text.automatic_mode_loop) refers to delay.o(.text.ES_msDelay) for ES_msDelay
    servo.o(.text.automatic_mode_loop) refers to main.o(.bss.manualMode) for manualMode
    servo.o(.text.automatic_mode_loop) refers to main.o(.bss.exitProgram) for exitProgram
    servo.o(.ARM.exidx.text.automatic_mode_loop) refers to servo.o(.text.automatic_mode_loop) for [Anonymous Symbol]
    servo.o(.text.manual_mode_loop) refers to main.o(.bss.manualMode) for manualMode
    servo.o(.text.manual_mode_loop) refers to servo.o(.text.set_servo_angle) for set_servo_angle
    servo.o(.text.manual_mode_loop) refers to delay.o(.text.ES_msDelay) for ES_msDelay
    servo.o(.text.manual_mode_loop) refers to main.o(.bss.automaticMode) for automaticMode
    servo.o(.text.manual_mode_loop) refers to main.o(.bss.exitProgram) for exitProgram
    servo.o(.ARM.exidx.text.manual_mode_loop) refers to servo.o(.text.manual_mode_loop) for [Anonymous Symbol]
    sensor.o(.ARM.exidx.text.Setup_SensorInput) refers to sensor.o(.text.Setup_SensorInput) for [Anonymous Symbol]
    sensor.o(.ARM.exidx.text.Setup_SensorOutput) refers to sensor.o(.text.Setup_SensorOutput) for [Anonymous Symbol]
    sensor.o(.ARM.exidx.text.TIMER5A_Handler) refers to sensor.o(.text.TIMER5A_Handler) for [Anonymous Symbol]
    sensor.o(.text.TIMER5B_Handler) refers to main.o(.bss.last_pulse) for last_pulse
    sensor.o(.text.TIMER5B_Handler) refers to sensor.o(.text.calc_pulse_time) for calc_pulse_time
    sensor.o(.text.TIMER5B_Handler) refers to main.o(.bss.last_distance) for last_distance
    sensor.o(.text.TIMER5B_Handler) refers to sensor.o(.text.pulse_to_distance) for pulse_to_distance
    sensor.o(.ARM.exidx.text.TIMER5B_Handler) refers to sensor.o(.text.TIMER5B_Handler) for [Anonymous Symbol]
    sensor.o(.ARM.exidx.text.calc_pulse_time) refers to sensor.o(.text.calc_pulse_time) for [Anonymous Symbol]
    sensor.o(.ARM.exidx.text.pulse_to_distance) refers to sensor.o(.text.pulse_to_distance) for [Anonymous Symbol]
[...]
    __rtentry.o(.ARM.Collect$$rtentry$$00000000) refers (Special) to __rtentry4.o(.ARM.Collect$$rtentry$$00000004) for __rt_entry_sh
    dnaninf.o(x$fpl$dnaninf) refers (Special) to usenofp.o(x$fpl$usenofp) for __I$use$fp
    dretinf.o(x$fpl$dretinf) refers (Special) to usenofp.o(x$fpl$usenofp) for __I$use$fp
    fnaninf.o(x$fpl$fnaninf) refers (Special) to usenofp.o(x$fpl$usenofp) for __I$use$fp
    fretinf.o(x$fpl$fretinf) refers (Special) to usenofp.o(x$fpl$usenofp) for __I$use$fp
    __rtentry2.o(.ARM.Collect$$rtentry$$00000008) refers to boardinit2.o(.text) for _platform_post_stackheap_init
    __rtentry2.o(.ARM.Collect$$rtentry$$0000000A) refers to libinit.o(.ARM.Collect$$libinit$$00000000) for __rt_lib_init
    __rtentry2.o(.ARM.Collect$$rtentry$$0000000B) refers to boardinit3.o(.text) for _platform_post_lib_init
    __rtentry2.o(.ARM.Collect$$rtentry$$0000000D) refers to main.o(.text.main) for main
    __rtentry2.o(.ARM.Collect$$rtentry$$0000000D) refers to exit.o(.text) for exit
    __rtentry2.o(.ARM.exidx) refers to __rtentry2.o(.ARM.Collect$$rtentry$$00000001) for .ARM.Collect$$rtentry$$00000001
    __rtentry2.o(.ARM.exidx) refers to __rtentry2.o(.ARM.Collect$$rtentry$$00000008) for .ARM.Collect$$rtentry$$00000008
    __rtentry2.o(.ARM.exidx) refers to __rtentry2.o(.ARM.Collect$$rtentry$$0000000A) for .ARM.Collect$$rtentry$$0000000A
    __rtentry2.o(.ARM.exidx) refers to __rtentry2.o(.ARM.Collect$$rtentry$$0000000B) for .ARM.Collect$$rtentry$$0000000B
    __rtentry2.o(.ARM.exidx) refers to __rtentry2.o(.ARM.Collect$$rtentry$$0000000D) for .ARM.Collect$$rtentry$$0000000D
    __rtentry4.o(.ARM.Collect$$rtentry$$00000004) refers to sys_stackheap_outer.o(.text) for __user_setup_stackheap
    __rtentry4.o(.ARM.exidx) refers to __rtentry4.o(.ARM.Collect$$rtentry$$00000004) for .ARM.Collect$$rtentry$$00000004
    sys_stackheap_outer.o(.text) refers to libspace.o(.text) for __user_perproc_libspace
    sys_stackheap_outer.o(.text) refers to startup_tm4c129.o(.text) for __user_initial_stackheap
    exit.o(.text) refers to rtexit.o(.ARM.Collect$$rtexit$$00000000) for __rt_exit
    libinit.o(.ARM.Collect$$libinit$$00000000) refers (Special) to libinit2.o(.ARM.Collect$$libinit$$00000030) for __rt_lib_init_alloca_1
    libinit.o(.ARM.Collect$$libinit$$00000000) refers (Special) to libinit2.o(.ARM.Collect$$libinit$$0000002E) for __rt_lib_init_argv_1
    libinit.o(.ARM.Collect$$libinit$$00000000) refers (Special) to libinit2.o(.ARM.Collect$$libinit$$0000001D) for __rt_lib_init_atexit_1
    libinit.o(.ARM.Collect$$libinit$$00000000) refers (Special) to libinit2.o(.ARM.Collect$$libinit$$00000023) for __rt_lib_init_clock_1
    libinit.o(.ARM.Collect$$libinit$$00000000) refers (Special) to libinit2.o(.ARM.Collect$$libinit$$00000034) for __rt_lib_init_cpp_1
    libinit.o(.ARM.Collect$$libinit$$00000000) refers (Special) to libinit2.o(.ARM.Collect$$libinit$$00000032) for __rt_lib_init_exceptions_1
    libinit.o(.ARM.Collect$$libinit$$00000000) refers (Special) to libinit2.o(.ARM.Collect$$libinit$$00000001) for __rt_lib_init_fp_1
    libinit.o(.ARM.Collect$$libinit$$00000000) refers (Special) to libinit2.o(.ARM.Collect$$libinit$$00000021) for __rt_lib_init_fp_trap_1
    libinit.o(.ARM.Collect$$libinit$$00000000) refers (Special) to libinit2.o(.ARM.Collect$$libinit$$00000025) for __rt_lib_init_getenv_1
    libinit.o(.ARM.Collect$$libinit$$00000000) refers (Special) to libinit2.o(.ARM.Collect$$libinit$$0000000C) for __rt_lib_init_heap_1
    libinit.o(.ARM.Collect$$libinit$$00000000) refers (Special) to libinit2.o(.ARM.Collect$$libinit$$00000013) for __rt_lib_init_lc_collate_1
    libinit.o(.ARM.Collect$$libinit$$00000000) refers (Special) to libinit2.o(.ARM.Collect$$libinit$$00000015) for __rt_lib_init_lc_ctype_1
    libinit.o(.ARM.Collect$$libinit$$00000000) refers (Special) to libinit2.o(.ARM.Collect$$libinit$$00000017) for __rt_lib_init_lc_monetary_1
    libinit.o(.ARM.Collect$$libinit$$00000000) refers (Special) to libinit2.o(.ARM.Collect$$libinit$$00000019) for __rt_lib_init_lc_numeric_1
    libinit.o(.ARM.Collect$$libinit$$00000000) refers (Special) to libinit2.o(.ARM.Collect$$libinit$$0000001B) for __rt_lib_init_lc_time_1
    libinit.o(.ARM.Collect$$libinit$$00000000) refers (Special) to libinit2.o(.ARM.Collect$$libinit$$00000006) for __rt_lib_init_preinit_1
    libinit.o(.ARM.Collect$$libinit$$00000000) refers (Special) to libinit2.o(.ARM.Collect$$libinit$$00000010) for __rt_lib_init_rand_1
    libinit.o(.ARM.Collect$$libinit$$00000000) refers (Special) to libinit2.o(.ARM.Collect$$libinit$$00000004) for __rt_lib_init_relocate_pie_1
    libinit.o(.ARM.Collect$$libinit$$00000000) refers (Special) to libinit2.o(.ARM.Collect$$libinit$$00000035) for __rt_lib_init_return
    libinit.o(.ARM.Collect$$libinit$$00000000) refers (Special) to libinit2.o(.ARM.Collect$$libinit$$0000001F) for __rt_lib_init_signal_1
    libinit.o(.ARM.Collect$$libinit$$00000000) refers (Special) to libinit2.o(.ARM.Collect$$libinit$$00000027) for __rt_lib_init_stdio_1
    libinit.o(.ARM.Collect$$libinit$$00000000) refers (Special) to libinit2.o(.ARM.Collect$$libinit$$0000000E) for __rt_lib_init_user_alloc_1
    libspace.o(.text) refers to libspace.o(.bss) for __libspace_start
    rtexit.o(.ARM.Collect$$rtexit$$00000000) refers (Special) to rtexit2.o(.ARM.Collect$$rtexit$$00000004) for __rt_exit_exit
    rtexit.o(.ARM.Collect$$rtexit$$00000000) refers (Special) to rtexit2.o(.ARM.Collect$$rtexit$$00000003) for __rt_exit_ls
    rtexit.o(.ARM.Collect$$rtexit$$00000000) refers (Special) to rtexit2.o(.ARM.Collect$$rtexit$$00000002) for __rt_exit_prels_1
    rtexit.o(.ARM.exidx) refers (Special) to rtexit2.o(.ARM.Collect$$rtexit$$00000004) for __rt_exit_exit
    rtexit.o(.ARM.exidx) refers (Special) to rtexit2.o(.ARM.Collect$$rtexit$$00000003) for __rt_exit_ls
    rtexit.o(.ARM.exidx) refers (Special) to rtexit2.o(.ARM.Collect$$rtexit$$00000002) for __rt_exit_prels_1
    rtexit.o(.ARM.exidx) refers to rtexit.o(.ARM.Collect$$rtexit$$00000000) for .ARM.Collect$$rtexit$$00000000
    libinit2.o(.ARM.Collect$$libinit$$00000001) refers to fpinit.o(x$fpl$fpinit) for _fp_init
    libinit2.o(.ARM.Collect$$libinit$$00000012) refers to libinit2.o(.ARM.Collect$$libinit$$00000011) for .ARM.Collect$$libinit$$00000011
    libinit2.o(.ARM.Collect$$libinit$$00000014) refers to libinit2.o(.ARM.Collect$$libinit$$00000011) for .ARM.Collect$$libinit$$00000011
    libinit2.o(.ARM.Collect$$libinit$$00000016) refers to libinit2.o(.ARM.Collect$$libinit$$00000011) for .ARM.Collect$$libinit$$00000011
    libinit2.o(.ARM.Collect$$libinit$$00000018) refers to libinit2.o(.ARM.Collect$$libinit$$00000011) for .ARM.Collect$$libinit$$00000011
    libinit2.o(.ARM.Collect$$libinit$$0000001A) refers to libinit2.o(.ARM.Collect$$libinit$$00000011) for .ARM.Collect$$libinit$$00000011
    libinit2.o(.ARM.Collect$$libinit$$00000028) refers to argv_veneer.o(.emb_text) for __ARM_argv_veneer
    libinit2.o(.ARM.Collect$$libinit$$00000029) refers to argv_veneer.o(.emb_text) for __ARM_argv_veneer
    rtexit2.o(.ARM.Collect$$rtexit$$00000003) refers to libshutdown.o(.ARM.Collect$$libshutdown$$00000000) for __rt_lib_shutdown
    rtexit2.o(.ARM.Collect$$rtexit$$00000004) refers to sys_exit.o(.text) for _sys_exit
    rtexit2.o(.ARM.exidx) refers to rtexit2.o(.ARM.Collect$$rtexit$$00000001) for .ARM.Collect$$rtexit$$00000001
    rtexit2.o(.ARM.exidx) refers to rtexit2.o(.ARM.Collect$$rtexit$$00000003) for .ARM.Collect$$rtexit$$00000003
    rtexit2.o(.ARM.exidx) refers to rtexit2.o(.ARM.Collect$$rtexit$$00000004) for .ARM.Collect$$rtexit$$00000004
    argv_veneer.o(.emb_text) refers to no_argv.o(.text) for __ARM_get_argv
    sys_exit.o(.text) refers (Special) to use_no_semi.o(.text) for __I$use$semihosting
    sys_exit.o(.text) refers (Special) to indicate_semi.o(.text) for __semihosting_library_function
    sys_exit_hlt.o(.text) refers (Special) to use_no_semi.o(.text) for __I$use$semihosting
    sys_exit_hlt.o(.text) refers (Special) to indicate_semi.o(.text) for __semihosting_library_function
    _get_argv_nomalloc.o(.text) refers (Special) to hrguard.o(.text) for __heap_region$guard
    _get_argv_nomalloc.o(.text) refers to defsig_rtmem_outer.o(.text) for __rt_SIGRTMEM
    _get_argv_nomalloc.o(.text) refers to sys_command.o(.text) for _sys_command_string
    libshutdown.o(.ARM.Collect$$libshutdown$$00000000) refers (Special) to libshutdown2.o(.ARM.Collect$$libshutdown$$00000002) for __rt_lib_shutdown_cpp_1
    libshutdown.o(.ARM.Collect$$libshutdown$$00000000) refers (Special) to libshutdown2.o(.ARM.Collect$$libshutdown$$00000007) for __rt_lib_shutdown_fp_trap_1
    libshutdown.o(.ARM.Collect$$libshutdown$$00000000) refers (Special) to libshutdown2.o(.ARM.Collect$$libshutdown$$0000000F) for __rt_lib_shutdown_heap_1
    libshutdown.o(.ARM.Collect$$libshutdown$$00000000) refers (Special) to libshutdown2.o(.ARM.Collect$$libshutdown$$00000010) for __rt_lib_shutdown_return
    libshutdown.o(.ARM.Collect$$libshutdown$$00000000) refers (Special) to libshutdown2.o(.ARM.Collect$$libshutdown$$0000000A) for __rt_lib_shutdown_signal_1
    libshutdown.o(.ARM.Collect$$libshutdown$$00000000) refers (Special) to libshutdown2.o(.ARM.Collect$$libshutdown$$00000004) for __rt_lib_shutdown_stdio_1
    libshutdown.o(.ARM.Collect$$libshutdown$$00000000) refers (Special) to libshutdown2.o(.ARM.Collect$$libshutdown$$0000000C) for __rt_lib_shutdown_user_alloc_1
    sys_command.o(.text) refers (Special) to use_no_semi.o(.text) for __I$use$semihosting
    sys_command.o(.text) refers (Special) to indicate_semi.o(.text) for __semihosting_library_function
    sys_command_hlt.o(.text) refers (Special) to use_no_semi.o(.text) for __I$use$semihosting
    sys_command_hlt.o(.text) refers (Special) to indicate_semi.o(.text) for __semihosting_library_function
    defsig_rtmem_outer.o(.text) refers to defsig_rtmem_inner.o(.text) for __rt_SIGRTMEM_inner
    defsig_rtmem_outer.o(.text) refers to defsig_exit.o(.text) for __sig_exit
    defsig_rtmem_formal.o(.text) refers to rt_raise.o(.text) for __rt_raise
    rt_raise.o(.text) refers to __raise.o(.text) for __raise
    rt_raise.o(.text) refers to sys_exit.o(.text) for _sys_exit
    defsig_exit.o(.text) refers to sys_exit.o(.text) for _sys_exit
    defsig_rtmem_inner.o(.text) refers to defsig_general.o(.text) for __default_signal_display
    __raise.o(.text) refers to defsig.o(CL$$defsig) for __default_signal_handler
    defsig_general.o(.text) refers to sys_wrch.o(.text) for _ttywrch
    sys_wrch.o(.text) refers (Special) to use_no_semi.o(.text) for __I$use$semihosting
    sys_wrch.o(.text) refers (Special) to indicate_semi.o(.text) for __semihosting_library_function
    sys_wrch_hlt.o(.text) refers (Special) to use_no_semi.o(.text) for __I$use$semihosting
    sys_wrch_hlt.o(.text) refers (Special) to indicate_semi.o(.text) for __semihosting_library_function
    defsig.o(CL$$defsig) refers to defsig_rtmem_inner.o(.text) for __rt_SIGRTMEM_inner
    defsig_abrt_inner.o(.text) refers to defsig_general.o(.text) for __default_signal_display
    defsig_fpe_inner.o(.text) refers to defsig_general.o(.text) for __default_signal_display
    defsig_rtred_inner.o(.text) refers to defsig_general.o(.text) for __default_signal_display
    defsig_stak_inner.o(.text) refers to defsig_general.o(.text) for __default_signal_display
    defsig_pvfn_inner.o(.text) refers to defsig_general.o(.text) for __default_signal_display
    defsig_cppl_inner.o(.text) refers to defsig_general.o(.text) for __default_signal_display
    defsig_segv_inner.o(.text) refers to defsig_general.o(.text) for __default_signal_display
    defsig_other.o(.text) refers to defsig_general.o(.text) for __default_signal_display


==============================================================================

Removing Unused input sections from the image.

    Removing main.o(.text), (0 bytes).
    Removing main.o(.ARM.exidx.text.main), (8 bytes).
    Removing main.o(.ARM.use_no_argv), (4 bytes).
    Removing servo.o(.text), (0 bytes).
    Removing servo.o(.ARM.exidx.text.Setup_Servo_PWM), (8 bytes).
    Removing servo.o(.ARM.exidx.text.calc_match_value), (8 bytes).
    Removing servo.o(.ARM.exidx.text.set_servo_angle), (8 bytes).
    Removing servo.o(.ARM.exidx.text.automatic_mode_loop), (8 bytes).
    Removing servo.o(.ARM.exidx.text.manual_mode_loop), (8 bytes).
    Removing sensor.o(.text), (0 bytes).
    Removing sensor.o(.ARM.exidx.text.Setup_SensorInput), (8 bytes).
    Removing sensor.o(.ARM.exidx.text.Setup_SensorOutput), (8 bytes).
    Removing sensor.o(.ARM.exidx.text.TIMER5A_Handler), (8 bytes).
    Removing sensor.o(.ARM.exidx.text.TIMER5B_Handler), (8 bytes).
    Removing sensor.o(.ARM.exidx.text.calc_pulse_time), (8 bytes).
    Removing sensor.o(.ARM.exidx.text.pulse_to_distance), (8 bytes).
    Removing sensor.o(.ARM.exidx.text.TIMER3A_Handler), (8 bytes).
    Removing sensor.o(.ARM.exidx.text.pulse_sensor), (8 bytes).
    Removing timers.o(.text), (0 bytes).
    Removing timers.o(.ARM.exidx.text.Setup_PeriodicPulseTimer), (8 bytes).
    Removing timers.o(.ARM.exidx.text.startAutoPulse), (8 bytes).
    Removing timers.o(.ARM.exidx.text.stopAutoPulse), (8 bytes).
    Removing timers.o(.ARM.exidx.text.TIMER7A_Handler), (8 bytes).
    Removing calllbacks.o(.text), (0 bytes).
    Removing calllbacks.o(.ARM.exidx.text.tiva2_onExitProgram), (8 bytes).
    Removing calllbacks.o(.ARM.exidx.text.tiva2_onAutomaticMode), (8 bytes).
    Removing calllbacks.o(.ARM.exidx.text.tiva2_onManualMode), (8 bytes).
    Removing calllbacks.o(.ARM.exidx.text.tiva2callbacks), (8 bytes).
    Removing calllbacks.o(.bss.callbacks_tiva1), (20 bytes).
    Removing comms2.o(.text), (0 bytes).
    Removing comms2.o(.ARM.exidx.text.Setup_Tiva2_SSI), (8 bytes).
    Removing comms2.o(.ARM.exidx.text.Setup_Tiva2_SSI_Slave_Timer), (8 bytes).
    Removing comms2.o(.ARM.exidx.text.makePacket_tiva2), (8 bytes).
    Removing comms2.o(.ARM.exidx.text.unpackPacket_tiva2), (8 bytes).
    Removing comms2.o(.ARM.exidx.text.reset_flags_tiva2), (8 bytes).
    Removing comms2.o(.ARM.exidx.text.TIMER6A_Handler), (8 bytes).
    Removing comms2.o(.ARM.exidx.text.SSI0_Handler), (8 bytes).
    Removing system_tm4c129.o(.text), (0 bytes).
    Removing system_tm4c129.o(.text.SystemCoreClockUpdate), (20 bytes).
    Removing system_tm4c129.o(.ARM.exidx.text.SystemCoreClockUpdate), (8 bytes).
    Removing system_tm4c129.o(.ARM.exidx.text.SystemInit), (8 bytes).
    Removing sysclock.o(.text), (0 bytes).
    Removing sysclock.o(.ARM.exidx.text.ES_setSystemClk), (8 bytes).
    Removing sysclock.o(.ARM.exidx.text.ES_getSystemClk), (8 bytes).
    Removing delay.o(.text), (0 bytes).
    Removing delay.o(.ARM.exidx.text.ES_msDelay), (8 bytes).
    Removing delay.o(.text.ES_usDelay), (56 bytes).
    Removing delay.o(.ARM.exidx.text.ES_usDelay), (8 bytes).
    Removing sysctl.o(i.SysCtlAltClkConfig), (12 bytes).
    Removing sysctl.o(i.SysCtlClockGet), (340 bytes).
    Removing sysctl.o(i.SysCtlClockOutConfig), (20 bytes).
    Removing sysctl.o(i.SysCtlClockSet), (288 bytes).
    Removing sysctl.o(i.SysCtlDeepSleep), (32 bytes).
    Removing sysctl.o(i.SysCtlDeepSleepClockConfigSet), (112 bytes).
    Removing sysctl.o(i.SysCtlDeepSleepClockSet), (12 bytes).
    Removing sysctl.o(i.SysCtlDeepSleepPowerSet), (12 bytes).
    Removing sysctl.o(i.SysCtlFlashSectorSizeGet), (56 bytes).
    Removing sysctl.o(i.SysCtlFlashSizeGet), (56 bytes).
    Removing sysctl.o(i.SysCtlGPIOAHBDisable), (28 bytes).
    Removing sysctl.o(i.SysCtlGPIOAHBEnable), (24 bytes).
    Removing sysctl.o(i.SysCtlIntClear), (12 bytes).
    Removing sysctl.o(i.SysCtlIntDisable), (16 bytes).
    Removing sysctl.o(i.SysCtlIntEnable), (16 bytes).
    Removing sysctl.o(i.SysCtlIntRegister), (20 bytes).
    Removing sysctl.o(i.SysCtlIntStatus), (16 bytes).
    Removing sysctl.o(i.SysCtlIntUnregister), (18 bytes).
    Removing sysctl.o(i.SysCtlLDODeepSleepGet), (12 bytes).
    Removing sysctl.o(i.SysCtlLDODeepSleepSet), (12 bytes).
    Removing sysctl.o(i.SysCtlLDOSleepGet), (12 bytes).
    Removing sysctl.o(i.SysCtlLDOSleepSet), (12 bytes).
    Removing sysctl.o(i.SysCtlMOSCConfigSet), (12 bytes).
    Removing sysctl.o(i.SysCtlNMIClear), (16 bytes).
    Removing sysctl.o(i.SysCtlNMIStatus), (12 bytes).
    Removing sysctl.o(i.SysCtlPIOSCCalibrate), (76 bytes).
    Removing sysctl.o(i.SysCtlPWMClockGet), (24 bytes).
    Removing sysctl.o(i.SysCtlPWMClockSet), (20 bytes).
    Removing sysctl.o(i.SysCtlPeripheralClockGating), (68 bytes).
    Removing sysctl.o(i.SysCtlPeripheralDeepSleepDisable), (40 bytes).
    Removing sysctl.o(i.SysCtlPeripheralDeepSleepEnable), (40 bytes).
    Removing sysctl.o(i.SysCtlPeripheralDisable), (40 bytes).
    Removing sysctl.o(i.SysCtlPeripheralEnable), (40 bytes).
    Removing sysctl.o(i.SysCtlPeripheralPowerOff), (40 bytes).
    Removing sysctl.o(i.SysCtlPeripheralPowerOn), (40 bytes).
    Removing sysctl.o(i.SysCtlPeripheralPresent), (44 bytes).
    Removing sysctl.o(i.SysCtlPeripheralReady), (44 bytes).
    Removing sysctl.o(i.SysCtlPeripheralReset), (60 bytes).
    Removing sysctl.o(i.SysCtlPeripheralSleepDisable), (40 bytes).
    Removing sysctl.o(i.SysCtlPeripheralSleepEnable), (40 bytes).
    Removing sysctl.o(i.SysCtlReset), (16 bytes).
    Removing sysctl.o(i.SysCtlResetBehaviorGet), (12 bytes).
    Removing sysctl.o(i.SysCtlResetBehaviorSet), (12 bytes).
    Removing sysctl.o(i.SysCtlResetCauseClear), (16 bytes).
    Removing sysctl.o(i.SysCtlResetCauseGet), (12 bytes).
    Removing sysctl.o(i.SysCtlSRAMSizeGet), (16 bytes).
    Removing sysctl.o(i.SysCtlSleep), (4 bytes).
    Removing sysctl.o(i.SysCtlSleepPowerSet), (12 bytes).
    Removing sysctl.o(i.SysCtlUSBPLLDisable), (16 bytes).
    Removing sysctl.o(i.SysCtlUSBPLLEnable), (16 bytes).
    Removing sysctl.o(i.SysCtlVCOGet), (120 bytes).
    Removing sysctl.o(i.SysCtlVoltageEventClear), (16 bytes).
    Removing sysctl.o(i.SysCtlVoltageEventConfig), (12 bytes).
    Removing sysctl.o(i.SysCtlVoltageEventStatus), (12 bytes).
    Removing cpu.o(.emb_text), (38 bytes).
    Removing interrupt.o(i.IntDisable), (100 bytes).
    Removing interrupt.o(i.IntEnable), (100 bytes).
    Removing interrupt.o(i.IntIsEnabled), (96 bytes).
    Removing interrupt.o(i.IntMasterDisable), (14 bytes).
    Removing interrupt.o(i.IntMasterEnable), (14 bytes).
    Removing interrupt.o(i.IntPendClear), (68 bytes).
    Removing interrupt.o(i.IntPendSet), (84 bytes).
    Removing interrupt.o(i.IntPriorityGet), (28 bytes).
    Removing interrupt.o(i.IntPriorityGroupingGet), (36 bytes).
    Removing interrupt.o(i.IntPriorityGroupingSet), (28 bytes).
    Removing interrupt.o(i.IntPriorityMaskGet), (4 bytes).
    Removing interrupt.o(i.IntPriorityMaskSet), (4 bytes).
    Removing interrupt.o(i.IntPrioritySet), (40 bytes).
    Removing interrupt.o(i.IntRegister), (52 bytes).
    Removing interrupt.o(i.IntTrigger), (12 bytes).
    Removing interrupt.o(i.IntUnregister), (20 bytes).
    Removing interrupt.o(i._IntDefaultHandler), (2 bytes).
    Removing interrupt.o(.constdata), (268 bytes).
    Removing interrupt.o(vtable), (620 bytes).

122 unused section(s) (total 4134 bytes) removed from the image.

==============================================================================

Image Symbol Table

    Local Symbols

    Symbol Name                              Value     Ov Type        Size  Object(Section)

    ../clib/angel/boardlib.s                 0x00000000   Number         0  boardinit1.o ABSOLUTE
    ../clib/angel/boardlib.s                 0x00000000   Number         0  boardinit2.o ABSOLUTE
    ../clib/angel/boardlib.s                 0x00000000   Number         0  boardinit3.o ABSOLUTE
    ../clib/angel/boardlib.s                 0x00000000   Number         0  boardshut.o ABSOLUTE
    ../clib/angel/handlers.s                 0x00000000   Number         0  __scatter_copy.o ABSOLUTE
    ../clib/angel/handlers.s                 0x00000000   Number         0  __scatter_zi.o ABSOLUTE
    ../clib/angel/kernel.s                   0x00000000   Number         0  __rtentry.o ABSOLUTE
    ../clib/angel/kernel.s                   0x00000000   Number         0  __rtentry2.o ABSOLUTE
    ../clib/angel/kernel.s                   0x00000000   Number         0  __rtentry4.o ABSOLUTE
    ../clib/angel/kernel.s                   0x00000000   Number         0  rtexit.o ABSOLUTE
    ../clib/angel/kernel.s                   0x00000000   Number         0  rtexit2.o ABSOLUTE
    ../clib/angel/rt.s                       0x00000000   Number         0  rt_raise.o ABSOLUTE
    ../clib/angel/scatter.s                  0x00000000   Number         0  __scatter.o ABSOLUTE
    ../clib/angel/startup.s                  0x00000000   Number         0  __main.o ABSOLUTE
    ../clib/angel/sys.s                      0x00000000   Number         0  sys_stackheap_outer.o ABSOLUTE
    ../clib/angel/sys.s                      0x00000000   Number         0  libspace.o ABSOLUTE
    ../clib/angel/sys.s                      0x00000000   Number         0  use_no_semi.o ABSOLUTE
    ../clib/angel/sys.s                      0x00000000   Number         0  indicate_semi.o ABSOLUTE
    ../clib/angel/sysapp.c                   0x00000000   Number         0  sys_exit.o ABSOLUTE
    ../clib/angel/sysapp.c                   0x00000000   Number         0  sys_exit_hlt.o ABSOLUTE
    ../clib/angel/sysapp.c                   0x00000000   Number         0  sys_command.o ABSOLUTE
    ../clib/angel/sysapp.c                   0x00000000   Number         0  sys_command_hlt.o ABSOLUTE
    ../clib/angel/sysapp.c                   0x00000000   Number         0  sys_wrch.o ABSOLUTE
    ../clib/angel/sysapp.c                   0x00000000   Number         0  sys_wrch_hlt.o ABSOLUTE
    ../clib/armsys.c                         0x00000000   Number         0  argv_veneer.o ABSOLUTE
    ../clib/armsys.c                         0x00000000   Number         0  argv_veneer.o ABSOLUTE
    ../clib/armsys.c                         0x00000000   Number         0  _get_argv_nomalloc.o ABSOLUTE
    ../clib/armsys.c                         0x00000000   Number         0  no_argv.o ABSOLUTE
    ../clib/heapalloc.c                      0x00000000   Number         0  hrguard.o ABSOLUTE
    ../clib/heapaux.c                        0x00000000   Number         0  heapauxi.o ABSOLUTE
    ../clib/libinit.s                        0x00000000   Number         0  libinit.o ABSOLUTE
    ../clib/libinit.s                        0x00000000   Number         0  libinit2.o ABSOLUTE
    ../clib/libinit.s                        0x00000000   Number         0  libshutdown.o ABSOLUTE
    ../clib/libinit.s                        0x00000000   Number         0  libshutdown2.o ABSOLUTE
    ../clib/signal.c                         0x00000000   Number         0  defsig_rtmem_outer.o ABSOLUTE
    ../clib/signal.c                         0x00000000   Number         0  defsig_rtmem_formal.o ABSOLUTE
    ../clib/signal.c                         0x00000000   Number         0  defsig_exit.o ABSOLUTE
    ../clib/signal.c                         0x00000000   Number         0  defsig_rtmem_inner.o ABSOLUTE
    ../clib/signal.c                         0x00000000   Number         0  __raise.o ABSOLUTE
    ../clib/signal.c                         0x00000000   Number         0  defsig_general.o ABSOLUTE
    ../clib/signal.c                         0x00000000   Number         0  defsig_abrt_inner.o ABSOLUTE
    ../clib/signal.c                         0x00000000   Number         0  defsig_fpe_inner.o ABSOLUTE
    ../clib/signal.c                         0x00000000   Number         0  defsig_rtred_inner.o ABSOLUTE
    ../clib/signal.c                         0x00000000   Number         0  defsig_stak_inner.o ABSOLUTE
    ../clib/signal.c                         0x00000000   Number         0  defsig_pvfn_inner.o ABSOLUTE
    ../clib/signal.c                         0x00000000   Number         0  defsig_cppl_inner.o ABSOLUTE
    ../clib/signal.c                         0x00000000   Number         0  defsig_segv_inner.o ABSOLUTE
    ../clib/signal.c                         0x00000000   Number         0  defsig_other.o ABSOLUTE
    ../clib/signal.s                         0x00000000   Number         0  defsig.o ABSOLUTE
    ../clib/stdlib.c                         0x00000000   Number         0  exit.o ABSOLUTE
    ../fplib/d2f.s                           0x00000000   Number         0  d2f.o ABSOLUTE
    ../fplib/daddsub.s                       0x00000000   Number         0  daddsub_clz.o ABSOLUTE
    ../fplib/ddiv.s                          0x00000000   Number         0  ddiv.o ABSOLUTE
    ../fplib/dfixu.s                         0x00000000   Number         0  dfixu.o ABSOLUTE
    ../fplib/dflt.s                          0x00000000   Number         0  dflt_clz.o ABSOLUTE
    ../fplib/dmul.s                          0x00000000   Number         0  dmul.o ABSOLUTE
    ../fplib/dnaninf.s                       0x00000000   Number         0  dnaninf.o ABSOLUTE
    ../fplib/dretinf.s                       0x00000000   Number         0  dretinf.o ABSOLUTE
    ../fplib/f2d.s                           0x00000000   Number         0  f2d.o ABSOLUTE
    ../fplib/fnaninf.s                       0x00000000   Number         0  fnaninf.o ABSOLUTE
    ../fplib/fpinit.s                        0x00000000   Number         0  fpinit.o ABSOLUTE
    ../fplib/fretinf.s                       0x00000000   Number         0  fretinf.o ABSOLUTE
    ../fplib/usenofp.s                       0x00000000   Number         0  usenofp.o ABSOLUTE
    RTE/Device/TM4C1294NCPDT/startup_TM4C129.s 0x00000000   Number         0  startup_tm4c129.o ABSOLUTE
    calllbacks.c                             0x00000000   Number         0  calllbacks.o ABSOLUTE
    comms2.c                                 0x00000000   Number         0  comms2.o ABSOLUTE
    cpu.c                                    0x00000000   Number         0  cpu.o ABSOLUTE
    cpu.c                                    0x00000000   Number         0  cpu.o ABSOLUTE
    dc.s                                     0x00000000   Number         0  dc.o ABSOLUTE
    delay.c                                  0x00000000   Number         0  delay.o ABSOLUTE
    interrupt.c                              0x00000000   Number         0  interrupt.o ABSOLUTE
    main.c                                   0x00000000   Number         0  main.o ABSOLUTE
    sensor.c                                 0x00000000   Number         0  sensor.o ABSOLUTE
    servo.c                                  0x00000000   Number         0  servo.o ABSOLUTE
    sysclock.c                               0x00000000   Number         0  sysclock.o ABSOLUTE
    sysctl.c                                 0x00000000   Number         0  sysctl.o ABSOLUTE
    sysctl.c                                 0x00000000   Number         0  sysctl.o ABSOLUTE
    system_TM4C129.c                         0x00000000   Number         0  system_tm4c129.o ABSOLUTE
    timers.c                                 0x00000000   Number         0  timers.o ABSOLUTE
    RESET                                    0x00000000   Section      512  startup_tm4c129.o(RESET)
    !!!main                                  0x00000200   Section        8  __main.o(!!!main)
    !!!scatter                               0x00000208   Section       52  __scatter.o(!!!scatter)
    !!handler_copy                           0x0000023c   Section       26  __scatter_copy.o(!!handler_copy)
    !!handler_zi                             0x00000258   Section       28  __scatter_zi.o(!!handler_zi)
    .ARM.Collect$$libinit$$00000000          0x00000274   Section        2  libinit.o(.ARM.Collect$$libinit$$00000000)
    .ARM.Collect$$libinit$$00000001          0x00000276   Section        4  libinit2.o(.ARM.Collect$$libinit$$00000001)
    .ARM.Collect$$libinit$$00000004          0x0000027a   Section        0  libinit2.o(.ARM.Collect$$libinit$$00000004)
    .ARM.Collect$$libinit$$00000006          0x0000027a   Section        0  libinit2.o(.ARM.Collect$$libinit$$00000006)
    .ARM.Collect$$libinit$$0000000C          0x0000027a   Section        0  libinit2.o(.ARM.Collect$$libinit$$0000000C)
    .ARM.Collect$$libinit$$0000000E          0x0000027a   Section        0  libinit2.o(.ARM.Collect$$libinit$$0000000E)
    .ARM.Collect$$libinit$$00000010          0x0000027a   Section        0  libinit2.o(.ARM.Collect$$libinit$$00000010)
    .ARM.Collect$$libinit$$00000013          0x0000027a   Section        0  libinit2.o(.ARM.Collect$$libinit$$00000013)
    .ARM.Collect$$libinit$$00000015          0x0000027a   Section        0  libinit2.o(.ARM.Collect$$libinit$$00000015)
    .ARM.Collect$$libinit$$00000017          0x0000027a   Section        0  libinit2.o(.ARM.Collect$$libinit$$00000017)
    .ARM.Collect$$libinit$$00000019          0x0000027a   Section        0  libinit2.o(.ARM.Collect$$libinit$$00000019)
    .ARM.Collect$$libinit$$0000001B          0x0000027a   Section        0  libinit2.o(.ARM.Collect$$libinit$$0000001B)
    .ARM.Collect$$libinit$$0000001D          0x0000027a   Section        0  libinit2.o(.ARM.Collect$$libinit$$0000001D)
    .ARM.Collect$$libinit$$0000001F          0x0000027a   Section        0  libinit2.o(.ARM.Collect$$libinit$$0000001F)
    .ARM.Collect$$libinit$$00000021          0x0000027a   Section        0  libinit2.o(.ARM.Collect$$libinit$$00000021)
    .ARM.Collect$$libinit$$00000023          0x0000027a   Section        0  libinit2.o(.ARM.Collect$$libinit$$00000023)
    .ARM.Collect$$libinit$$00000025          0x0000027a   Section        0  libinit2.o(.ARM.Collect$$libinit$$00000025)
    .ARM.Collect$$libinit$$00000027          0x0000027a   Section        0  libinit2.o(.ARM.Collect$$libinit$$00000027)
    .ARM.Collect$$libinit$$0000002E          0x0000027a   Section        0  libinit2.o(.ARM.Collect$$libinit$$0000002E)
    .ARM.Collect$$libinit$$00000030          0x0000027a   Section        0  libinit2.o(.ARM.Collect$$libinit$$00000030)
    .ARM.Collect$$libinit$$00000032          0x0000027a   Section        0  libinit2.o(.ARM.Collect$$libinit$$00000032)
    .ARM.Collect$$libinit$$00000034          0x0000027a   Section        0  libinit2.o(.ARM.Collect$$libinit$$00000034)
    .ARM.Collect$$libinit$$00000035          0x0000027a   Section        2  libinit2.o(.ARM.Collect$$libinit$$00000035)
    .ARM.Collect$$libshutdown$$00000000      0x0000027c   Section        2  libshutdown.o(.ARM.Collect$$libshutdown$$00000000)
    .ARM.Collect$$libshutdown$$00000002      0x0000027e   Section        0  libshutdown2.o(.ARM.Collect$$libshutdown$$00000002)
    .ARM.Collect$$libshutdown$$00000004      0x0000027e   Section        0  libshutdown2.o(.ARM.Collect$$libshutdown$$00000004)
    .ARM.Collect$$libshutdown$$00000007      0x0000027e   Section        0  libshutdown2.o(.ARM.Collect$$libshutdown$$00000007)
    .ARM.Collect$$libshutdown$$0000000A      0x0000027e   Section        0  libshutdown2.o(.ARM.Collect$$libshutdown$$0000000A)
    .ARM.Collect$$libshutdown$$0000000C      0x0000027e   Section        0  libshutdown2.o(.ARM.Collect$$libshutdown$$0000000C)
    .ARM.Collect$$libshutdown$$0000000F      0x0000027e   Section        0  libshutdown2.o(.ARM.Collect$$libshutdown$$0000000F)
    .ARM.Collect$$libshutdown$$00000010      0x0000027e   Section        2  libshutdown2.o(.ARM.Collect$$libshutdown$$00000010)
    .ARM.Collect$$rtentry$$00000000          0x00000280   Section        0  __rtentry.o(.ARM.Collect$$rtentry$$00000000)
    .ARM.Collect$$rtentry$$00000002          0x00000280   Section        0  __rtentry2.o(.ARM.Collect$$rtentry$$00000002)
    .ARM.Collect$$rtentry$$00000004          0x00000280   Section        6  __rtentry4.o(.ARM.Collect$$rtentry$$00000004)
    .ARM.Collect$$rtentry$$00000009          0x00000286   Section        0  __rtentry2.o(.ARM.Collect$$rtentry$$00000009)
    .ARM.Collect$$rtentry$$0000000A          0x00000286   Section        4  __rtentry2.o(.ARM.Collect$$rtentry$$0000000A)
    .ARM.Collect$$rtentry$$0000000C          0x0000028a   Section        0  __rtentry2.o(.ARM.Collect$$rtentry$$0000000C)
    .ARM.Collect$$rtentry$$0000000D          0x0000028a   Section        8  __rtentry2.o(.ARM.Collect$$rtentry$$0000000D)
    .ARM.Collect$$rtexit$$00000000           0x00000292   Section        2  rtexit.o(.ARM.Collect$$rtexit$$00000000)
    .ARM.Collect$$rtexit$$00000002           0x00000294   Section        0  rtexit2.o(.ARM.Collect$$rtexit$$00000002)
    .ARM.Collect$$rtexit$$00000003           0x00000294   Section        4  rtexit2.o(.ARM.Collect$$rtexit$$00000003)
    .ARM.Collect$$rtexit$$00000004           0x00000298   Section        6  rtexit2.o(.ARM.Collect$$rtexit$$00000004)
    $v0                                      0x000002a0   Number         0  sysctl.o(.emb_text)
    .emb_text                                0x000002a0   Section        6  sysctl.o(.emb_text)
    $v0                                      0x000002a8   Number         0  startup_tm4c129.o(.text)
    .text                                    0x000002a8   Section      300  startup_tm4c129.o(.text)
    .text                                    0x000003d4   Section        0  heapauxi.o(.text)
    .text                                    0x000003da   Section       74  sys_stackheap_outer.o(.text)
    .text                                    0x00000424   Section        0  exit.o(.text)
    .text                                    0x00000438   Section        8  libspace.o(.text)
    .text                                    0x00000440   Section        0  sys_exit.o(.text)
    .text                                    0x0000044c   Section        2  use_no_semi.o(.text)
    .text                                    0x0000044e   Section        0  indicate_semi.o(.text)
    [Anonymous Symbol]                       0x00000450   Section        0  sysclock.o(.text.ES_getSystemClk)
    [Anonymous Symbol]                       0x0000045c   Section        0  delay.o(.text.ES_msDelay)
    [Anonymous Symbol]                       0x00000498   Section        0  sysclock.o(.text.ES_setSystemClk)
    [Anonymous Symbol]                       0x00000578   Section        0  comms2.o(.text.SSI0_Handler)
    [Anonymous Symbol]                       0x00000614   Section        0  timers.o(.text.Setup_PeriodicPulseTimer)
    [Anonymous Symbol]                       0x000006b8   Section        0  sensor.o(.text.Setup_SensorInput)
    [Anonymous Symbol]                       0x00000878   Section        0  sensor.o(.text.Setup_SensorOutput)
    [Anonymous Symbol]                       0x00000978   Section        0  servo.o(.text.Setup_Servo_PWM)
    [Anonymous Symbol]                       0x00000a80   Section        0  comms2.o(.text.Setup_Tiva2_SSI)
    [Anonymous Symbol]                       0x00000bc0   Section        0  comms2.o(.text.Setup_Tiva2_SSI_Slave_Timer)
    [Anonymous Symbol]                       0x00000c60   Section        0  system_tm4c129.o(.text.SystemInit)
    [Anonymous Symbol]                       0x00000c84   Section        0  sensor.o(.text.TIMER3A_Handler)
    [Anonymous Symbol]                       0x00000cd4   Section        0  sensor.o(.text.TIMER5A_Handler)
    [Anonymous Symbol]                       0x00000d14   Section        0  sensor.o(.text.TIMER5B_Handler)
    [Anonymous Symbol]                       0x00000d9c   Section        0  comms2.o(.text.TIMER6A_Handler)
    [Anonymous Symbol]                       0x00000e2c   Section        0  timers.o(.text.TIMER7A_Handler)
    [Anonymous Symbol]                       0x00000e60   Section        0  servo.o(.text.automatic_mode_loop)
    [Anonymous Symbol]                       0x00000f90   Section        0  servo.o(.text.calc_match_value)
    [Anonymous Symbol]                       0x00001080   Section        0  sensor.o(.text.calc_pulse_time)
    [Anonymous Symbol]                       0x0000109c   Section        0  main.o(.text.main)
    [Anonymous Symbol]                       0x00001124   Section        0  comms2.o(.text.makePacket_tiva2)
    [Anonymous Symbol]                       0x0000116c   Section        0  servo.o(.text.manual_mode_loop)
    [Anonymous Symbol]                       0x00001200   Section        0  sensor.o(.text.pulse_sensor)
    [Anonymous Symbol]                       0x00001230   Section        0  sensor.o(.text.pulse_to_distance)
    [Anonymous Symbol]                       0x000012a0   Section        0  comms2.o(.text.reset_flags_tiva2)
    [Anonymous Symbol]                       0x000012b8   Section        0  servo.o(.text.set_servo_angle)
    [Anonymous Symbol]                       0x000012d4   Section        0  timers.o(.text.startAutoPulse)
    [Anonymous Symbol]                       0x000012ec   Section        0  timers.o(.text.stopAutoPulse)
    [Anonymous Symbol]                       0x00001310   Section        0  calllbacks.o(.text.tiva2_onAutomaticMode)
    [Anonymous Symbol]                       0x0000133c   Section        0  calllbacks.o(.text.tiva2_onExitProgram)
    [Anonymous Symbol]                       0x00001354   Section        0  calllbacks.o(.text.tiva2_onManualMode)
    [Anonymous Symbol]                       0x00001388   Section        0  calllbacks.o(.text.tiva2callbacks)
    [Anonymous Symbol]                       0x000013b0   Section        0  comms2.o(.text.unpackPacket_tiva2)
    i.SysCtlClockFreqSet                     0x00001514   Section        0  sysctl.o(i.SysCtlClockFreqSet)
    $v0                                      0x000017f8   Number         0  d2f.o(x$fpl$d2f)
    x$fpl$d2f                                0x000017f8   Section       98  d2f.o(x$fpl$d2f)
    $v0                                      0x0000185c   Number         0  daddsub_clz.o(x$fpl$dadd)
    x$fpl$dadd                               0x0000185c   Section      336  daddsub_clz.o(x$fpl$dadd)
    _dadd1                                   0x0000186d   Thumb Code     0  daddsub_clz.o(x$fpl$dadd)
    $v0                                      0x000019ac   Number         0  ddiv.o(x$fpl$ddiv)
    x$fpl$ddiv                               0x000019ac   Section      692  ddiv.o(x$fpl$ddiv)
    ddiv_entry                               0x000019b3   Thumb Code     0  ddiv.o(x$fpl$ddiv)
    $v0                                      0x00001c60   Number         0  dfixu.o(x$fpl$dfixu)
    x$fpl$dfixu                              0x00001c60   Section       90  dfixu.o(x$fpl$dfixu)
    $v0                                      0x00001cba   Number         0  dflt_clz.o(x$fpl$dflt)
    x$fpl$dflt                               0x00001cba   Section       46  dflt_clz.o(x$fpl$dflt)
    $v0                                      0x00001ce8   Number         0  dmul.o(x$fpl$dmul)
    x$fpl$dmul                               0x00001ce8   Section      340  dmul.o(x$fpl$dmul)
    $v0                                      0x00001e3c   Number         0  dnaninf.o(x$fpl$dnaninf)
    x$fpl$dnaninf                            0x00001e3c   Section      156  dnaninf.o(x$fpl$dnaninf)
    $v0                                      0x00001ed8   Number         0  dretinf.o(x$fpl$dretinf)
    x$fpl$dretinf                            0x00001ed8   Section       12  dretinf.o(x$fpl$dretinf)
    $v0                                      0x00001ee4   Number         0  daddsub_clz.o(x$fpl$dsub)
    x$fpl$dsub                               0x00001ee4   Section      476  daddsub_clz.o(x$fpl$dsub)
    _dsub1                                   0x00001ef5   Thumb Code     0  daddsub_clz.o(x$fpl$dsub)
    $v0                                      0x000020c0   Number         0  f2d.o(x$fpl$f2d)
    x$fpl$f2d                                0x000020c0   Section       86  f2d.o(x$fpl$f2d)
    $v0                                      0x00002116   Number         0  fnaninf.o(x$fpl$fnaninf)
    x$fpl$fnaninf                            0x00002116   Section      140  fnaninf.o(x$fpl$fnaninf)
    $v0                                      0x000021a2   Number         0  fpinit.o(x$fpl$fpinit)
    x$fpl$fpinit                             0x000021a2   Section       26  fpinit.o(x$fpl$fpinit)
    $v0                                      0x000021bc   Number         0  fretinf.o(x$fpl$fretinf)
    x$fpl$fretinf                            0x000021bc   Section       10  fretinf.o(x$fpl$fretinf)
    x$fpl$usenofp                            0x000021c6   Section        0  usenofp.o(x$fpl$usenofp)
    g_pui32VCOFrequencies                    0x000021c8   Data           8  sysctl.o(.constdata)
    .constdata                               0x000021c8   Section      596  sysctl.o(.constdata)
    g_pui32Xtals                             0x000021d0   Data         108  sysctl.o(.constdata)
    g_pppui32XTALtoVCO                       0x0000223c   Data         432  sysctl.o(.constdata)
    g_sXTALtoMEMTIM                          0x000023ec   Data          48  sysctl.o(.constdata)
    .L__const.ES_setSystemClk.allowed_freq   0x0000241c   Data          52  sysclock.o(.rodata..L__const.ES_setSystemClk.allowed_freq)
    automatic_mode_loop.increasing           0x20000004   Data           1  servo.o(.data.automatic_mode_loop.increasing)
    [Anonymous Symbol]                       0x20000004   Section        0  servo.o(.data.automatic_mode_loop.increasing)
    .bss                                     0x20000010   Section       96  libspace.o(.bss)
    SSI0_Handler.index                       0x20000070   Data           4  comms2.o(.bss.SSI0_Handler.index)
    [Anonymous Symbol]                       0x20000070   Section        0  comms2.o(.bss.SSI0_Handler.index)
    ui32SysClock                             0x200000b4   Data           4  sysclock.o(.bss.ui32SysClock)
    [Anonymous Symbol]                       0x200000b4   Section        0  sysclock.o(.bss.ui32SysClock)
    Heap_Mem                                 0x200000b8   Data           0  startup_tm4c129.o(HEAP)
    Stack_Mem                                0x200000b8   Data         512  startup_tm4c129.o(STACK)
    HEAP                                     0x200000b8   Section        0  startup_tm4c129.o(HEAP)
    STACK                                    0x200000b8   Section      512  startup_tm4c129.o(STACK)
    __initial_sp                             0x200002b8   Data           0  startup_tm4c129.o(STACK)

    Global Symbols

    Symbol Name                              Value     Ov Type        Size  Object(Section)

    BuildAttributes$$THM_ISAv4$E$P$D$K$B$S$7EM$VFPi3$EXTD16$VFPS$VFMA$PE$A:L22UL41UL21$X:L11$S22US41US21$IEEE1$IW$~IW$USESV6$~STKCKD$USESV7$~SHL$OTIME$ROPI$EBA8$UX$STANDARDLIB$REQ8$PRES8$EABIv2 0x00000000   Number         0  anon$$obj.o ABSOLUTE
    __Vectors                                0x00000000   Data           4  startup_tm4c129.o(RESET)
    __ARM_exceptions_init                     - Undefined Weak Reference
    __alloca_initialize                       - Undefined Weak Reference
    __arm_preinit_                            - Undefined Weak Reference
    __arm_relocate_pie_                       - Undefined Weak Reference
    __cpp_initialize__aeabi_                  - Undefined Weak Reference
    __cxa_finalize                            - Undefined Weak Reference
    __rt_locale                               - Undefined Weak Reference
    __sigvec_lookup                           - Undefined Weak Reference
    _atexit_init                              - Undefined Weak Reference
    _call_atexit_fns                          - Undefined Weak Reference
    _clock_init                               - Undefined Weak Reference
    _fp_trap_init                             - Undefined Weak Reference
    _fp_trap_shutdown                         - Undefined Weak Reference
    _get_lc_collate                           - Undefined Weak Reference
    _get_lc_ctype                             - Undefined Weak Reference
    _get_lc_monetary                          - Undefined Weak Reference
    _get_lc_numeric                           - Undefined Weak Reference
    _get_lc_time                              - Undefined Weak Reference
    _getenv_init                              - Undefined Weak Reference
    _handle_redirection                       - Undefined Weak Reference
    _init_alloc                               - Undefined Weak Reference
    _init_user_alloc                          - Undefined Weak Reference
    _initio                                   - Undefined Weak Reference
    _rand_init                                - Undefined Weak Reference
    _signal_finish                            - Undefined Weak Reference
    _signal_init                              - Undefined Weak Reference
    _terminate_alloc                          - Undefined Weak Reference
    _terminate_user_alloc                     - Undefined Weak Reference
    _terminateio                              - Undefined Weak Reference
    __Vectors_End                            0x00000200   Data           0  startup_tm4c129.o(RESET)
    __Vectors_Size                           0x00000200   Number         0  startup_tm4c129.o ABSOLUTE
    __main                                   0x00000201   Thumb Code     8  __main.o(!!!main)
    __scatterload                            0x00000209   Thumb Code     0  __scatter.o(!!!scatter)
    __scatterload_rt2                        0x00000209   Thumb Code    44  __scatter.o(!!!scatter)
    __scatterload_rt2_thumb_only             0x00000209   Thumb Code     0  __scatter.o(!!!scatter)
    __scatterload_null                       0x00000217   Thumb Code     0  __scatter.o(!!!scatter)
    __scatterload_copy                       0x0000023d   Thumb Code    26  __scatter_copy.o(!!handler_copy)
    __scatterload_zeroinit                   0x00000259   Thumb Code    28  __scatter_zi.o(!!handler_zi)
    __rt_lib_init                            0x00000275   Thumb Code     0  libinit.o(.ARM.Collect$$libinit$$00000000)
    __rt_lib_init_fp_1                       0x00000277   Thumb Code     0  libinit2.o(.ARM.Collect$$libinit$$00000001)
    __rt_lib_init_alloca_1                   0x0000027b   Thumb Code     0  libinit2.o(.ARM.Collect$$libinit$$00000030)
    __rt_lib_init_argv_1                     0x0000027b   Thumb Code     0  libinit2.o(.ARM.Collect$$libinit$$0000002E)
    __rt_lib_init_atexit_1                   0x0000027b   Thumb Code     0  libinit2.o(.ARM.Collect$$libinit$$0000001D)
    __rt_lib_init_clock_1                    0x0000027b   Thumb Code     0  libinit2.o(.ARM.Collect$$libinit$$00000023)
    __rt_lib_init_cpp_1                      0x0000027b   Thumb Code     0  libinit2.o(.ARM.Collect$$libinit$$00000034)
    __rt_lib_init_exceptions_1               0x0000027b   Thumb Code     0  libinit2.o(.ARM.Collect$$libinit$$00000032)
    __rt_lib_init_fp_trap_1                  0x0000027b   Thumb Code     0  libinit2.o(.ARM.Collect$$libinit$$00000021)
    __rt_lib_init_getenv_1                   0x0000027b   Thumb Code     0  libinit2.o(.ARM.Collect$$libinit$$00000025)
    __rt_lib_init_heap_1                     0x0000027b   Thumb Code     0  libinit2.o(.ARM.Collect$$libinit$$0000000C)
    __rt_lib_init_lc_collate_1               0x0000027b   Thumb Code     0  libinit2.o(.ARM.Collect$$libinit$$00000013)
    __rt_lib_init_lc_ctype_1                 0x0000027b   Thumb Code     0  libinit2.o(.ARM.Collect$$libinit$$00000015)
    __rt_lib_init_lc_monetary_1              0x0000027b   Thumb Code     0  libinit2.o(.ARM.Collect$$libinit$$00000017)
    __rt_lib_init_lc_numeric_1               0x0000027b   Thumb Code     0  libinit2.o(.ARM.Collect$$libinit$$00000019)
    __rt_lib_init_lc_time_1                  0x0000027b   Thumb Code     0  libinit2.o(.ARM.Collect$$libinit$$0000001B)
    __rt_lib_init_preinit_1                  0x0000027b   Thumb Code     0  libinit2.o(.ARM.Collect$$libinit$$00000006)
    __rt_lib_init_rand_1                     0x0000027b   Thumb Code     0  libinit2.o(.ARM.Collect$$libinit$$00000010)
    __rt_lib_init_relocate_pie_1             0x0000027b   Thumb Code     0  libinit2.o(.ARM.Collect$$libinit$$00000004)
    __rt_lib_init_return                     0x0000027b   Thumb Code     0  libinit2.o(.ARM.Collect$$libinit$$00000035)
    __rt_lib_init_signal_1                   0x0000027b   Thumb Code     0  libinit2.o(.ARM.Collect$$libinit$$0000001F)
    __rt_lib_init_stdio_1                    0x0000027b   Thumb Code     0  libinit2.o(.ARM.Collect$$libinit$$00000027)
    __rt_lib_init_user_alloc_1               0x0000027b   Thumb Code     0  libinit2.o(.ARM.Collect$$libinit$$0000000E)
    __rt_lib_shutdown                        0x0000027d   Thumb Code     0  libshutdown.o(.ARM.Collect$$libshutdown$$00000000)
    __rt_lib_shutdown_cpp_1                  0x0000027f   Thumb Code     0  libshutdown2.o(.ARM.Collect$$libshutdown$$00000002)
    __rt_lib_shutdown_fp_trap_1              0x0000027f   Thumb Code     0  libshutdown2.o(.ARM.Collect$$libshutdown$$00000007)
    __rt_lib_shutdown_heap_1                 0x0000027f   Thumb Code     0  libshutdown2.o(.ARM.Collect$$libshutdown$$0000000F)
    __rt_lib_shutdown_return                 0x0000027f   Thumb Code     0  libshutdown2.o(.ARM.Collect$$libshutdown$$00000010)
    __rt_lib_shutdown_signal_1               0x0000027f   Thumb Code     0  libshutdown2.o(.ARM.Collect$$libshutdown$$0000000A)
    __rt_lib_shutdown_stdio_1                0x0000027f   Thumb Code     0  libshutdown2.o(.ARM.Collect$$libshutdown$$00000004)
    __rt_lib_shutdown_user_alloc_1           0x0000027f   Thumb Code     0  libshutdown2.o(.ARM.Collect$$libshutdown$$0000000C)
    __rt_entry                               0x00000281   Thumb Code     0  __rtentry.o(.ARM.Collect$$rtentry$$00000000)
    __rt_entry_presh_1                       0x00000281   Thumb Code     0  __rtentry2.o(.ARM.Collect$$rtentry$$00000002)
    __rt_entry_sh                            0x00000281   Thumb Code     0  __rtentry4.o(.ARM.Collect$$rtentry$$00000004)
    __rt_entry_li                            0x00000287   Thumb Code     0  __rtentry2.o(.ARM.Collect$$rtentry$$0000000A)
    __rt_entry_postsh_1                      0x00000287   Thumb Code     0  __rtentry2.o(.ARM.Collect$$rtentry$$00000009)
    __rt_entry_main                          0x0000028b   Thumb Code     0  __rtentry2.o(.ARM.Collect$$rtentry$$0000000D)
    __rt_entry_postli_1                      0x0000028b   Thumb Code     0  __rtentry2.o(.ARM.Collect$$rtentry$$0000000C)
    __rt_exit                                0x00000293   Thumb Code     0  rtexit.o(.ARM.Collect$$rtexit$$00000000)
    __rt_exit_ls                             0x00000295   Thumb Code     0  rtexit2.o(.ARM.Collect$$rtexit$$00000003)
    __rt_exit_prels_1                        0x00000295   Thumb Code     0  rtexit2.o(.ARM.Collect$$rtexit$$00000002)
    __rt_exit_exit                           0x00000299   Thumb Code     0  rtexit2.o(.ARM.Collect$$rtexit$$00000004)
    SysCtlDelay                              0x000002a1   Thumb Code     6  sysctl.o(.emb_text)
    Reset_Handler                            0x000002a9   Thumb Code     8  startup_tm4c129.o(.text)
    NMI_Handler                              0x000002b1   Thumb Code     2  startup_tm4c129.o(.text)
    HardFault_Handler                        0x000002b3   Thumb Code     2  startup_tm4c129.o(.text)
    MemManage_Handler                        0x000002b5   Thumb Code     2  startup_tm4c129.o(.text)
    BusFault_Handler                         0x000002b7   Thumb Code     2  startup_tm4c129.o(.text)
    UsageFault_Handler                       0x000002b9   Thumb Code     2  startup_tm4c129.o(.text)
    SVC_Handler                              0x000002bb   Thumb Code     2  startup_tm4c129.o(.text)
    DebugMon_Handler                         0x000002bd   Thumb Code     2  startup_tm4c129.o(.text)
    PendSV_Handler                           0x000002bf   Thumb Code     2  startup_tm4c129.o(.text)
    SysTick_Handler                          0x000002c1   Thumb Code     2  startup_tm4c129.o(.text)
    GPIOA_Handler                            0x000002c3   Thumb Code     2  startup_tm4c129.o(.text)
    GPIOB_Handler                            0x000002c5   Thumb Code     2  startup_tm4c129.o(.text)
    GPIOC_Handler                            0x000002c7   Thumb Code     2  startup_tm4c129.o(.text)
    GPIOD_Handler                            0x000002c9   Thumb Code     2  startup_tm4c129.o(.text)
    GPIOE_Handler                            0x000002cb   Thumb Code     2  startup_tm4c129.o(.text)
    UART0_Handler                            0x000002cd   Thumb Code     2  startup_tm4c129.o(.text)
    UART1_Handler                            0x000002cf   Thumb Code     2  startup_tm4c129.o(.text)
    I2C0_Handler                             0x000002d3   Thumb Code     2  startup_tm4c129.o(.text)
    PMW0_FAULT_Handler                       0x000002d5   Thumb Code     2  startup_tm4c129.o(.text)
    PWM0_0_Handler                           0x000002d7   Thumb Code     2  startup_tm4c129.o(.text)
    PWM0_1_Handler                           0x000002d9   Thumb Code     2  startup_tm4c129.o(.text)
    PWM0_2_Handler                           0x000002db   Thumb Code     2  startup_tm4c129.o(.text)
    QEI0_Handler                             0x000002dd   Thumb Code     2  startup_tm4c129.o(.text)
    ADC0SS0_Handler                          0x000002df   Thumb Code     2  startup_tm4c129.o(.text)
    ADC0SS1_Handler                          0x000002e1   Thumb Code     2  startup_tm4c129.o(.text)
    ADC0SS2_Handler                          0x000002e3   Thumb Code     2  startup_tm4c129.o(.text)
    ADC0SS3_Handler                          0x000002e5   Thumb Code     2  startup_tm4c129.o(.text)
    WDT0_Handler                             0x000002e7   Thumb Code     2  startup_tm4c129.o(.text)
    TIMER0A_Handler                          0x000002e9   Thumb Code     2  startup_tm4c129.o(.text)
    TIMER0B_Handler                          0x000002eb   Thumb Code     2  startup_tm4c129.o(.text)
    TIMER1A_Handler                          0x000002ed   Thumb Code     2  startup_tm4c129.o(.text)
    TIMER1B_Handler                          0x000002ef   Thumb Code     2  startup_tm4c129.o(.text)
    TIMER2A_Handler                          0x000002f1   Thumb Code     2  startup_tm4c129.o(.text)
    TIMER2B_Handler                          0x000002f3   Thumb Code     2  startup_tm4c129.o(.text)
    COMP0_Handler                            0x000002f5   Thumb Code     2  startup_tm4c129.o(.text)
    COMP1_Handler                            0x000002f7   Thumb Code     2  startup_tm4c129.o(.text)
    COMP2_Handler                            0x000002f9   Thumb Code     2  startup_tm4c129.o(.text)
    SYSCTL_Handler                           0x000002fb   Thumb Code     2  startup_tm4c129.o(.text)
    FLASH_Handler                            0x000002fd   Thumb Code     2  startup_tm4c129.o(.text)
    GPIOF_Handler                            0x000002ff   Thumb Code     2  startup_tm4c129.o(.text)
    GPIOG_Handler                            0x00000301   Thumb Code     2  startup_tm4c129.o(.text)
    GPIOH_Handler                            0x00000303   Thumb Code     2  startup_tm4c129.o(.text)
    UART2_Handler                            0x00000305   Thumb Code     2  startup_tm4c129.o(.text)
    SSI1_Handler                             0x00000307   Thumb Code     2  startup_tm4c129.o(.text)
    TIMER3B_Handler                          0x0000030b   Thumb Code     2  startup_tm4c129.o(.text)
    I2C1_Handler                             0x0000030d   Thumb Code     2  startup_tm4c129.o(.text)
    CAN0_Handler                             0x0000030f   Thumb Code     2  startup_tm4c129.o(.text)
    CAN1_Handler                             0x00000311   Thumb Code     2  startup_tm4c129.o(.text)
    ETH_Handler                              0x00000313   Thumb Code     2  startup_tm4c129.o(.text)
    HIB_Handler                              0x00000315   Thumb Code     2  startup_tm4c129.o(.text)
    USB0_Handler                             0x00000317   Thumb Code     2  startup_tm4c129.o(.text)
    PWM0_3_Handler                           0x00000319   Thumb Code     2  startup_tm4c129.o(.text)
    UDMA_Handler                             0x0000031b   Thumb Code     2  startup_tm4c129.o(.text)
    UDMAERR_Handler                          0x0000031d   Thumb Code     2  startup_tm4c129.o(.text)
    ADC1SS0_Handler                          0x0000031f   Thumb Code     2  startup_tm4c129.o(.text)
    ADC1SS1_Handler                          0x00000321   Thumb Code     2  startup_tm4c129.o(.text)
    ADC1SS2_Handler                          0x00000323   Thumb Code     2  startup_tm4c129.o(.text)
    ADC1SS3_Handler                          0x00000325   Thumb Code     2  startup_tm4c129.o(.text)
    EBI0_Handler                             0x00000327   Thumb Code     2  startup_tm4c129.o(.text)
    GPIOJ_Handler                            0x00000329   Thumb Code     2  startup_tm4c129.o(.text)
    GPIOK_Handler                            0x0000032b   Thumb Code     2  startup_tm4c129.o(.text)
    GPIOL_Handler                            0x0000032d   Thumb Code     2  startup_tm4c129.o(.text)
    SSI2_Handler                             0x0000032f   Thumb Code     2  startup_tm4c129.o(.text)
    SSI3_Handler                             0x00000331   Thumb Code     2  startup_tm4c129.o(.text)
    UART3_Handler                            0x00000333   Thumb Code     2  startup_tm4c129.o(.text)
    UART4_Handler                            0x00000335   Thumb Code     2  startup_tm4c129.o(.text)
    UART5_Handler                            0x00000337   Thumb Code     2  startup_tm4c129.o(.text)
    UART6_Handler                            0x00000339   Thumb Code     2  startup_tm4c129.o(.text)
    UART7_Handler                            0x0000033b   Thumb Code     2  startup_tm4c129.o(.text)
    I2C2_Handler                             0x0000033d   Thumb Code     2  startup_tm4c129.o(.text)
    I2C3_Handler                             0x0000033f   Thumb Code     2  startup_tm4c129.o(.text)
    TIMER4A_Handler                          0x00000341   Thumb Code     2  startup_tm4c129.o(.text)
    TIMER4B_Handler                          0x00000343   Thumb Code     2  startup_tm4c129.o(.text)
    WTIMER0A_Handler                         0x00000349   Thumb Code     2  startup_tm4c129.o(.text)
    WTIMER0B_Handler                         0x0000034b   Thumb Code     2  startup_tm4c129.o(.text)
    WTIMER1A_Handler                         0x0000034d   Thumb Code     2  startup_tm4c129.o(.text)
    WTIMER1B_Handler                         0x0000034f   Thumb Code     2  startup_tm4c129.o(.text)
    WTIMER2A_Handler                         0x00000351   Thumb Code     2  startup_tm4c129.o(.text)
    WTIMER2B_Handler                         0x00000353   Thumb Code     2  startup_tm4c129.o(.text)
    WTIMER3A_Handler                         0x00000355   Thumb Code     2  startup_tm4c129.o(.text)
    WTIMER3B_Handler                         0x00000357   Thumb Code     2  startup_tm4c129.o(.text)
    WTIMER4A_Handler                         0x00000359   Thumb Code     2  startup_tm4c129.o(.text)
    WTIMER4B_Handler                         0x0000035b   Thumb Code     2  startup_tm4c129.o(.text)
    WTIMER5A_Handler                         0x0000035d   Thumb Code     2  startup_tm4c129.o(.text)
    WTIMER5B_Handler                         0x0000035f   Thumb Code     2  startup_tm4c129.o(.text)
    FPU_Handler                              0x00000361   Thumb Code     2  startup_tm4c129.o(.text)
    I2C4_Handler                             0x00000363   Thumb Code     2  startup_tm4c129.o(.text)
    I2C5_Handler                             0x00000365   Thumb Code     2  startup_tm4c129.o(.text)
    GPIOM_Handler                            0x00000367   Thumb Code     2  startup_tm4c129.o(.text)
    GPION_Handler                            0x00000369   Thumb Code     2  startup_tm4c129.o(.text)
    TAMPER_Handler                           0x0000036b   Thumb Code     2  startup_tm4c129.o(.text)
    GPIOP0_Handler                           0x0000036d   Thumb Code     2  startup_tm4c129.o(.text)
    GPIOP1_Handler                           0x0000036f   Thumb Code     2  startup_tm4c129.o(.text)
    GPIOP2_Handler                           0x00000371   Thumb Code     2  startup_tm4c129.o(.text)
    GPIOP3_Handler                           0x00000373   Thumb Code     2  startup_tm4c129.o(.text)
    GPIOP4_Handler                           0x00000375   Thumb Code     2  startup_tm4c129.o(.text)
    GPIOP5_Handler                           0x00000377   Thumb Code     2  startup_tm4c129.o(.text)
    GPIOP6_Handler                           0x00000379   Thumb Code     2  startup_tm4c129.o(.text)
    GPIOP7_Handler                           0x0000037b   Thumb Code     2  startup_tm4c129.o(.text)
    GPIOQ0_Handler                           0x0000037d   Thumb Code     2  startup_tm4c129.o(.text)
    GPIOQ1_Handler                           0x0000037f   Thumb Code     2  startup_tm4c129.o(.text)
    GPIOQ2_Handler                           0x00000381   Thumb Code     2  startup_tm4c129.o(.text)
    GPIOQ3_Handler                           0x00000383   Thumb Code     2  startup_tm4c129.o(.text)
    GPIOQ4_Handler                           0x00000385   Thumb Code     2  startup_tm4c129.o(.text)
    GPIOQ5_Handler                           0x00000387   Thumb Code     2  startup_tm4c129.o(.text)
    GPIOQ6_Handler                           0x00000389   Thumb Code     2  startup_tm4c129.o(.text)
    GPIOQ7_Handler                           0x0000038b   Thumb Code     2  startup_tm4c129.o(.text)
    GPIOR_Handler                            0x0000038d   Thumb Code     2  startup_tm4c129.o(.text)
    GPIOS_Handler                            0x0000038f   Thumb Code     2  startup_tm4c129.o(.text)
    SHAMD5_Handler                           0x00000391   Thumb Code     2  startup_tm4c129.o(.text)
    AES_Handler                              0x00000393   Thumb Code     2  startup_tm4c129.o(.text)
    DES3DES_Handler                          0x00000395   Thumb Code     2  startup_tm4c129.o(.text)
    LCDCONTROLLER_Handler                    0x00000397   Thumb Code     2  startup_tm4c129.o(.text)
    TIMER6B_Handler                          0x0000039b   Thumb Code     2  startup_tm4c129.o(.text)
    TIMER7B_Handler                          0x0000039f   Thumb Code     2  startup_tm4c129.o(.text)
    I2C6_Handler                             0x000003a1   Thumb Code     2  startup_tm4c129.o(.text)
    I2C7_Handler                             0x000003a3   Thumb Code     2  startup_tm4c129.o(.text)
    HIMSCANKEYBOARD_Handler                  0x000003a5   Thumb Code     2  startup_tm4c129.o(.text)
    ONEWIRE_Handler                          0x000003a7   Thumb Code     2  startup_tm4c129.o(.text)
    HIMPS2_Handler                           0x000003a9   Thumb Code     2  startup_tm4c129.o(.text)
    HIMLEDSEQUENCER_Handler                  0x000003ab   Thumb Code     2  startup_tm4c129.o(.text)
    HIMCONSUMERIR_Handler                    0x000003ad   Thumb Code     2  startup_tm4c129.o(.text)
    I2C8_Handler                             0x000003af   Thumb Code     2  startup_tm4c129.o(.text)
    I2C9_Handler                             0x000003b1   Thumb Code     2  startup_tm4c129.o(.text)
    GPIOT_Handler                            0x000003b3   Thumb Code     2  startup_tm4c129.o(.text)
    __user_initial_stackheap                 0x000003b5   Thumb Code     0  startup_tm4c129.o(.text)
    __use_two_region_memory                  0x000003d5   Thumb Code     2  heapauxi.o(.text)
    __rt_heap_escrow$2region                 0x000003d7   Thumb Code     2  heapauxi.o(.text)
    __rt_heap_expand$2region                 0x000003d9   Thumb Code     2  heapauxi.o(.text)
    __user_setup_stackheap                   0x000003db   Thumb Code    74  sys_stackheap_outer.o(.text)
    exit                                     0x00000425   Thumb Code    18  exit.o(.text)
    __user_libspace                          0x00000439   Thumb Code     8  libspace.o(.text)
    __user_perproc_libspace                  0x00000439   Thumb Code     0  libspace.o(.text)
    __user_perthread_libspace                0x00000439   Thumb Code     0  libspace.o(.text)
    _sys_exit                                0x00000441   Thumb Code     8  sys_exit.o(.text)
    __I$use$semihosting                      0x0000044d   Thumb Code     0  use_no_semi.o(.text)
    __use_no_semihosting_swi                 0x0000044d   Thumb Code     2  use_no_semi.o(.text)
    __semihosting_library_function           0x0000044f   Thumb Code     0  indicate_semi.o(.text)
    ES_getSystemClk                          0x00000451   Thumb Code    12  sysclock.o(.text.ES_getSystemClk)
    ES_msDelay                               0x0000045d   Thumb Code    56  delay.o(.text.ES_msDelay)
    ES_setSystemClk                          0x00000499   Thumb Code   216  sysclock.o(.text.ES_setSystemClk)
    SSI0_Handler                             0x00000579   Thumb Code   154  comms2.o(.text.SSI0_Handler)
    Setup_PeriodicPulseTimer                 0x00000615   Thumb Code   162  timers.o(.text.Setup_PeriodicPulseTimer)
    Setup_SensorInput                        0x000006b9   Thumb Code   448  sensor.o(.text.Setup_SensorInput)
    Setup_SensorOutput                       0x00000879   Thumb Code   254  sensor.o(.text.Setup_SensorOutput)
    Setup_Servo_PWM                          0x00000979   Thumb Code   262  servo.o(.text.Setup_Servo_PWM)
    Setup_Tiva2_SSI                          0x00000a81   Thumb Code   320  comms2.o(.text.Setup_Tiva2_SSI)
    Setup_Tiva2_SSI_Slave_Timer              0x00000bc1   Thumb Code   158  comms2.o(.text.Setup_Tiva2_SSI_Slave_Timer)
    SystemInit                               0x00000c61   Thumb Code    36  system_tm4c129.o(.text.SystemInit)
    TIMER3A_Handler                          0x00000c85   Thumb Code    78  sensor.o(.text.TIMER3A_Handler)
    TIMER5A_Handler                          0x00000cd5   Thumb Code    64  sensor.o(.text.TIMER5A_Handler)
    TIMER5B_Handler                          0x00000d15   Thumb Code   134  sensor.o(.text.TIMER5B_Handler)
    TIMER6A_Handler                          0x00000d9d   Thumb Code   144  comms2.o(.text.TIMER6A_Handler)
    TIMER7A_Handler                          0x00000e2d   Thumb Code    52  timers.o(.text.TIMER7A_Handler)
    automatic_mode_loop                      0x00000e61   Thumb Code   298  servo.o(.text.automatic_mode_loop)
    calc_match_value                         0x00000f91   Thumb Code   240  servo.o(.text.calc_match_value)
    calc_pulse_time                          0x00001081   Thumb Code    26  sensor.o(.text.calc_pulse_time)
    main                                     0x0000109d   Thumb Code   136  main.o(.text.main)
    makePacket_tiva2                         0x00001125   Thumb Code    70  comms2.o(.text.makePacket_tiva2)
    manual_mode_loop                         0x0000116d   Thumb Code   146  servo.o(.text.manual_mode_loop)
    pulse_sensor                             0x00001201   Thumb Code    48  sensor.o(.text.pulse_sensor)
    pulse_to_distance                        0x00001231   Thumb Code   112  sensor.o(.text.pulse_to_distance)
    reset_flags_tiva2                        0x000012a1   Thumb Code    24  comms2.o(.text.reset_flags_tiva2)
    set_servo_angle                          0x000012b9   Thumb Code    26  servo.o(.text.set_servo_angle)
    startAutoPulse                           0x000012d5   Thumb Code    24  timers.o(.text.startAutoPulse)
    stopAutoPulse                            0x000012ed   Thumb Code    36  timers.o(.text.stopAutoPulse)
    tiva2_onAutomaticMode                    0x00001311   Thumb Code    44  calllbacks.o(.text.tiva2_onAutomaticMode)
    tiva2_onExitProgram                      0x0000133d   Thumb Code    24  calllbacks.o(.text.tiva2_onExitProgram)
    tiva2_onManualMode                       0x00001355   Thumb Code    52  calllbacks.o(.text.tiva2_onManualMode)
    tiva2callbacks                           0x00001389   Thumb Code    40  calllbacks.o(.text.tiva2callbacks)
    unpackPacket_tiva2                       0x000013b1   Thumb Code   354  comms2.o(.text.unpackPacket_tiva2)
    SysCtlClockFreqSet                       0x00001515   Thumb Code   700  sysctl.o(i.SysCtlClockFreqSet)
    __aeabi_d2f                              0x000017f9   Thumb Code     0  d2f.o(x$fpl$d2f)
    _d2f                                     0x000017f9   Thumb Code    98  d2f.o(x$fpl$d2f)
    __aeabi_dadd                             0x0000185d   Thumb Code     0  daddsub_clz.o(x$fpl$dadd)
    _dadd                                    0x0000185d   Thumb Code   332  daddsub_clz.o(x$fpl$dadd)
    __aeabi_ddiv                             0x000019ad   Thumb Code     0  ddiv.o(x$fpl$ddiv)
    _ddiv                                    0x000019ad   Thumb Code   556  ddiv.o(x$fpl$ddiv)
    __aeabi_d2uiz                            0x00001c61   Thumb Code     0  dfixu.o(x$fpl$dfixu)
    _dfixu                                   0x00001c61   Thumb Code    90  dfixu.o(x$fpl$dfixu)
    __aeabi_i2d                              0x00001cbb   Thumb Code     0  dflt_clz.o(x$fpl$dflt)
    _dflt                                    0x00001cbb   Thumb Code    46  dflt_clz.o(x$fpl$dflt)
    __aeabi_dmul                             0x00001ce9   Thumb Code     0  dmul.o(x$fpl$dmul)
    _dmul                                    0x00001ce9   Thumb Code   332  dmul.o(x$fpl$dmul)
    __fpl_dnaninf                            0x00001e3d   Thumb Code   156  dnaninf.o(x$fpl$dnaninf)
    __fpl_dretinf                            0x00001ed9   Thumb Code    12  dretinf.o(x$fpl$dretinf)
    __aeabi_dsub                             0x00001ee5   Thumb Code     0  daddsub_clz.o(x$fpl$dsub)
    _dsub                                    0x00001ee5   Thumb Code   472  daddsub_clz.o(x$fpl$dsub)
    __aeabi_f2d                              0x000020c1   Thumb Code     0  f2d.o(x$fpl$f2d)
    _f2d                                     0x000020c1   Thumb Code    86  f2d.o(x$fpl$f2d)
    __fpl_fnaninf                            0x00002117   Thumb Code   140  fnaninf.o(x$fpl$fnaninf)
    _fp_init                                 0x000021a3   Thumb Code    26  fpinit.o(x$fpl$fpinit)
    __fplib_config_fpu_vfp                   0x000021bb   Thumb Code     0  fpinit.o(x$fpl$fpinit)
    __fplib_config_pureend_doubles           0x000021bb   Thumb Code     0  fpinit.o(x$fpl$fpinit)
    __fpl_fretinf                            0x000021bd   Thumb Code    10  fretinf.o(x$fpl$fretinf)
    __I$use$fp                               0x000021c6   Number         0  usenofp.o(x$fpl$usenofp)
    Region$$Table$$Base                      0x00002450   Number         0  anon$$obj.o(Region$$Table)
    Region$$Table$$Limit                     0x00002470   Number         0  anon$$obj.o(Region$$Table)
    SystemCoreClock                          0x20000000   Data           4  system_tm4c129.o(.data.SystemCoreClock)
    max_angle                                0x20000006   Data           2  main.o(.data.max_angle)
    min_angle                                0x20000008   Data           2  main.o(.data.min_angle)
    mode                                     0x2000000a   Data           1  main.o(.data.mode)
    __libspace_start                         0x20000010   Data          96  libspace.o(.bss)
    __temporary_stack_top$libspace           0x20000070   Data           0  libspace.o(.bss)
    automaticMode                            0x20000074   Data           1  main.o(.bss.automaticMode)
    callbacks_tiva2                          0x20000078   Data          20  calllbacks.o(.bss.callbacks_tiva2)
    exitProgram                              0x2000008c   Data           1  main.o(.bss.exitProgram)
    last_distance                            0x20000090   Data           4  main.o(.bss.last_distance)
    last_pulse                               0x20000094   Data           4  main.o(.bss.last_pulse)
    manualMode                               0x20000098   Data           1  main.o(.bss.manualMode)
    receivePacket_tiva2                      0x2000009a   Data          10  main.o(.bss.receivePacket_tiva2)
    sendPacket_tiva2                         0x200000a4   Data           6  main.o(.bss.sendPacket_tiva2)
    sendStatus                               0x200000aa   Data           2  main.o(.bss.sendStatus)
    sweep_angle                              0x200000ac   Data           2  main.o(.bss.sweep_angle)
    target_angle                             0x200000b0   Data           4  main.o(.bss.target_angle)



==============================================================================

Memory Map of the image

  Image Entry point : 0x000002a9

  Load Region LR_1 (Base: 0x00000000, Size: 0x0000247c, Max: 0xffffffff, ABSOLUTE)

    Execution Region ER_RO (Exec base: 0x00000000, Load base: 0x00000000, Size: 0x00002470, Max: 0xffffffff, ABSOLUTE)

    Exec Addr    Load Addr    Size         Type   Attr      Idx    E Section Name        Object

    0x00000000   0x00000000   0x00000200   Data   RO          120    RESET               startup_tm4c129.o
    0x00000200   0x00000200   0x00000008   Code   RO          663  * !!!main             c_w.l(__main.o)
    0x00000208   0x00000208   0x00000034   Code   RO          863    !!!scatter          c_w.l(__scatter.o)
    0x0000023c   0x0000023c   0x0000001a   Code   RO          865    !!handler_copy      c_w.l(__scatter_copy.o)
    0x00000256   0x00000256   0x00000002   PAD
    0x00000258   0x00000258   0x0000001c   Code   RO          867    !!handler_zi        c_w.l(__scatter_zi.o)
    0x00000274   0x00000274   0x00000002   Code   RO          725    .ARM.Collect$$libinit$$00000000  c_w.l(libinit.o)
    0x00000276   0x00000276   0x00000004   Code   RO          731    .ARM.Collect$$libinit$$00000001  c_w.l(libinit2.o)
    0x0000027a   0x0000027a   0x00000000   Code   RO          734    .ARM.Collect$$libinit$$00000004  c_w.l(libinit2.o)
    0x0000027a   0x0000027a   0x00000000   Code   RO          736    .ARM.Collect$$libinit$$00000006  c_w.l(libinit2.o)
    0x0000027a   0x0000027a   0x00000000   Code   RO          739    .ARM.Collect$$libinit$$0000000C  c_w.l(libinit2.o)
    0x0000027a   0x0000027a   0x00000000   Code   RO          741    .ARM.Collect$$libinit$$0000000E  c_w.l(libinit2.o)
    0x0000027a   0x0000027a   0x00000000   Code   RO          743    .ARM.Collect$$libinit$$00000010  c_w.l(libinit2.o)
    0x0000027a   0x0000027a   0x00000000   Code   RO          746    .ARM.Collect$$libinit$$00000013  c_w.l(libinit2.o)
    0x0000027a   0x0000027a   0x00000000   Code   RO          748    .ARM.Collect$$libinit$$00000015  c_w.l(libinit2.o)
    0x0000027a   0x0000027a   0x00000000   Code   RO          750    .ARM.Collect$$libinit$$00000017  c_w.l(libinit2.o)
    0x0000027a   0x0000027a   0x00000000   Code   RO          752    .ARM.Collect$$libinit$$00000019  c_w.l(libinit2.o)
    0x0000027a   0x0000027a   0x00000000   Code   RO          754    .ARM.Collect$$libinit$$0000001B  c_w.l(libinit2.o)
    0x0000027a   0x0000027a   0x00000000   Code   RO          756    .ARM.Collect$$libinit$$0000001D  c_w.l(libinit2.o)
    0x0000027a   0x0000027a   0x00000000   Code   RO          758    .ARM.Collect$$libinit$$0000001F  c_w.l(libinit2.o)
    0x0000027a   0x0000027a   0x00000000   Code   RO          760    .ARM.Collect$$libinit$$00000021  c_w.l(libinit2.o)
    0x0000027a   0x0000027a   0x00000000   Code   RO          762    .ARM.Collect$$libinit$$00000023  c_w.l(libinit2.o)
    0x0000027a   0x0000027a   0x00000000   Code   RO          764    .ARM.Collect$$libinit$$00000025  c_w.l(libinit2.o)
    0x0000027a   0x0000027a   0x00000000   Code   RO          766    .ARM.Collect$$libinit$$00000027  c_w.l(libinit2.o)
    0x0000027a   0x0000027a   0x00000000   Code   RO          770    .ARM.Collect$$libinit$$0000002E  c_w.l(libinit2.o)
    0x0000027a   0x0000027a   0x00000000   Code   RO          772    .ARM.Collect$$libinit$$00000030  c_w.l(libinit2.o)
    0x0000027a   0x0000027a   0x00000000   Code   RO          774    .ARM.Collect$$libinit$$00000032  c_w.l(libinit2.o)
    0x0000027a   0x0000027a   0x00000000   Code   RO          776    .ARM.Collect$$libinit$$00000034  c_w.l(libinit2.o)
    0x0000027a   0x0000027a   0x00000002   Code   RO          777    .ARM.Collect$$libinit$$00000035  c_w.l(libinit2.o)
    0x0000027c   0x0000027c   0x00000002   Code   RO          799    .ARM.Collect$$libshutdown$$00000000  c_w.l(libshutdown.o)
    0x0000027e   0x0000027e   0x00000000   Code   RO          814    .ARM.Collect$$libshutdown$$00000002  c_w.l(libshutdown2.o)
    0x0000027e   0x0000027e   0x00000000   Code   RO          816    .ARM.Collect$$libshutdown$$00000004  c_w.l(libshutdown2.o)
    0x0000027e   0x0000027e   0x00000000   Code   RO          819    .ARM.Collect$$libshutdown$$00000007  c_w.l(libshutdown2.o)
    0x0000027e   0x0000027e   0x00000000   Code   RO          822    .ARM.Collect$$libshutdown$$0000000A  c_w.l(libshutdown2.o)
    0x0000027e   0x0000027e   0x00000000   Code   RO          824    .ARM.Collect$$libshutdown$$0000000C  c_w.l(libshutdown2.o)
    0x0000027e   0x0000027e   0x00000000   Code   RO          827    .ARM.Collect$$libshutdown$$0000000F  c_w.l(libshutdown2.o)
    0x0000027e   0x0000027e   0x00000002   Code   RO          828    .ARM.Collect$$libshutdown$$00000010  c_w.l(libshutdown2.o)
    0x00000280   0x00000280   0x00000000   Code   RO          691    .ARM.Collect$$rtentry$$00000000  c_w.l(__rtentry.o)
    0x00000280   0x00000280   0x00000000   Code   RO          702    .ARM.Collect$$rtentry$$00000002  c_w.l(__rtentry2.o)
    0x00000280   0x00000280   0x00000006   Code   RO          714    .ARM.Collect$$rtentry$$00000004  c_w.l(__rtentry4.o)
    0x00000286   0x00000286   0x00000000   Code   RO          704    .ARM.Collect$$rtentry$$00000009  c_w.l(__rtentry2.o)
    0x00000286   0x00000286   0x00000004   Code   RO          705    .ARM.Collect$$rtentry$$0000000A  c_w.l(__rtentry2.o)
    0x0000028a   0x0000028a   0x00000000   Code   RO          707    .ARM.Collect$$rtentry$$0000000C  c_w.l(__rtentry2.o)
    0x0000028a   0x0000028a   0x00000008   Code   RO          708    .ARM.Collect$$rtentry$$0000000D  c_w.l(__rtentry2.o)
    0x00000292   0x00000292   0x00000002   Code   RO          729    .ARM.Collect$$rtexit$$00000000  c_w.l(rtexit.o)
    0x00000294   0x00000294   0x00000000   Code   RO          779    .ARM.Collect$$rtexit$$00000002  c_w.l(rtexit2.o)
    0x00000294   0x00000294   0x00000004   Code   RO          780    .ARM.Collect$$rtexit$$00000003  c_w.l(rtexit2.o)
    0x00000298   0x00000298   0x00000006   Code   RO          781    .ARM.Collect$$rtexit$$00000004  c_w.l(rtexit2.o)
    0x0000029e   0x0000029e   0x00000002   PAD
    0x000002a0   0x000002a0   0x00000006   Code   RO          163    .emb_text           ES.lib(sysctl.o)
    0x000002a6   0x000002a6   0x00000002   PAD
    0x000002a8   0x000002a8   0x0000012c   Code   RO          121  * .text               startup_tm4c129.o
    0x000003d4   0x000003d4   0x00000006   Code   RO          661    .text               c_w.l(heapauxi.o)
    0x000003da   0x000003da   0x0000004a   Code   RO          716    .text               c_w.l(sys_stackheap_outer.o)
    0x00000424   0x00000424   0x00000012   Code   RO          718    .text               c_w.l(exit.o)
    0x00000436   0x00000436   0x00000002   PAD
    0x00000438   0x00000438   0x00000008   Code   RO          726    .text               c_w.l(libspace.o)
    0x00000440   0x00000440   0x0000000c   Code   RO          789    .text               c_w.l(sys_exit.o)
    0x0000044c   0x0000044c   0x00000002   Code   RO          804    .text               c_w.l(use_no_semi.o)
    0x0000044e   0x0000044e   0x00000000   Code   RO          806    .text               c_w.l(indicate_semi.o)
    0x0000044e   0x0000044e   0x00000002   PAD
    0x00000450   0x00000450   0x0000000c   Code   RO          142    .text.ES_getSystemClk  ES.lib(sysclock.o)
    0x0000045c   0x0000045c   0x00000038   Code   RO          153    .text.ES_msDelay    ES.lib(delay.o)
    0x00000494   0x00000494   0x00000004   PAD
    0x00000498   0x00000498   0x000000e0   Code   RO          140    .text.ES_setSystemClk  ES.lib(sysclock.o)
    0x00000578   0x00000578   0x0000009a   Code   RO          109    .text.SSI0_Handler  comms2.o
    0x00000612   0x00000612   0x00000002   PAD
    0x00000614   0x00000614   0x000000a2   Code   RO           65    .text.Setup_PeriodicPulseTimer  timers.o
    0x000006b6   0x000006b6   0x00000002   PAD
    0x000006b8   0x000006b8   0x000001c0   Code   RO           42    .text.Setup_SensorInput  sensor.o
    0x00000878   0x00000878   0x000000fe   Code   RO           44    .text.Setup_SensorOutput  sensor.o
    0x00000976   0x00000976   0x00000002   PAD
    0x00000978   0x00000978   0x00000106   Code   RO           24    .text.Setup_Servo_PWM  servo.o
    0x00000a7e   0x00000a7e   0x00000002   PAD
    0x00000a80   0x00000a80   0x00000140   Code   RO           97    .text.Setup_Tiva2_SSI  comms2.o
    0x00000bc0   0x00000bc0   0x0000009e   Code   RO           99    .text.Setup_Tiva2_SSI_Slave_Timer  comms2.o
    0x00000c5e   0x00000c5e   0x00000002   PAD
    0x00000c60   0x00000c60   0x00000024   Code   RO          130    .text.SystemInit    system_tm4c129.o
    0x00000c84   0x00000c84   0x0000004e   Code   RO           54    .text.TIMER3A_Handler  sensor.o
    0x00000cd2   0x00000cd2   0x00000002   PAD
    0x00000cd4   0x00000cd4   0x00000040   Code   RO           46    .text.TIMER5A_Handler  sensor.o
    0x00000d14   0x00000d14   0x00000086   Code   RO           48    .text.TIMER5B_Handler  sensor.o
    0x00000d9a   0x00000d9a   0x00000002   PAD
    0x00000d9c   0x00000d9c   0x00000090   Code   RO          107    .text.TIMER6A_Handler  comms2.o
    0x00000e2c   0x00000e2c   0x00000034   Code   RO           71    .text.TIMER7A_Handler  timers.o
    0x00000e60   0x00000e60   0x0000012a   Code   RO           30    .text.automatic_mode_loop  servo.o
    0x00000f8a   0x00000f8a   0x00000006   PAD
    0x00000f90   0x00000f90   0x000000f0   Code   RO           26    .text.calc_match_value  servo.o
    0x00001080   0x00001080   0x0000001a   Code   RO           50    .text.calc_pulse_time  sensor.o
    0x0000109a   0x0000109a   0x00000002   PAD
    0x0000109c   0x0000109c   0x00000088   Code   RO            2    .text.main          main.o
    0x00001124   0x00001124   0x00000046   Code   RO          101    .text.makePacket_tiva2  comms2.o
    0x0000116a   0x0000116a   0x00000002   PAD
    0x0000116c   0x0000116c   0x00000092   Code   RO           32    .text.manual_mode_loop  servo.o
    0x000011fe   0x000011fe   0x00000002   PAD
    0x00001200   0x00001200   0x00000030   Code   RO           56    .text.pulse_sensor  sensor.o
    0x00001230   0x00001230   0x00000070   Code   RO           52    .text.pulse_to_distance  sensor.o
    0x000012a0   0x000012a0   0x00000018   Code   RO          105    .text.reset_flags_tiva2  comms2.o
    0x000012b8   0x000012b8   0x0000001a   Code   RO           28    .text.set_servo_angle  servo.o
    0x000012d2   0x000012d2   0x00000002   PAD
    0x000012d4   0x000012d4   0x00000018   Code   RO           67    .text.startAutoPulse  timers.o
    0x000012ec   0x000012ec   0x00000024   Code   RO           69    .text.stopAutoPulse  timers.o
    0x00001310   0x00001310   0x0000002c   Code   RO           82    .text.tiva2_onAutomaticMode  calllbacks.o
    0x0000133c   0x0000133c   0x00000018   Code   RO           80    .text.tiva2_onExitProgram  calllbacks.o
    0x00001354   0x00001354   0x00000034   Code   RO           84    .text.tiva2_onManualMode  calllbacks.o
    0x00001388   0x00001388   0x00000028   Code   RO           86    .text.tiva2callbacks  calllbacks.o
    0x000013b0   0x000013b0   0x00000162   Code   RO          103    .text.unpackPacket_tiva2  comms2.o
    0x00001512   0x00001512   0x00000002   PAD
    0x00001514   0x00001514   0x000002e4   Code   RO          165    i.SysCtlClockFreqSet  ES.lib(sysctl.o)
    0x000017f8   0x000017f8   0x00000062   Code   RO          665    x$fpl$d2f           fz_wm.l(d2f.o)
    0x0000185a   0x0000185a   0x00000002   PAD
    0x0000185c   0x0000185c   0x00000150   Code   RO          667    x$fpl$dadd          fz_wm.l(daddsub_clz.o)
    0x000019ac   0x000019ac   0x000002b4   Code   RO          674    x$fpl$ddiv          fz_wm.l(ddiv.o)
    0x00001c60   0x00001c60   0x0000005a   Code   RO          677    x$fpl$dfixu         fz_wm.l(dfixu.o)
    0x00001cba   0x00001cba   0x0000002e   Code   RO          682    x$fpl$dflt          fz_wm.l(dflt_clz.o)
    0x00001ce8   0x00001ce8   0x00000154   Code   RO          687    x$fpl$dmul          fz_wm.l(dmul.o)
    0x00001e3c   0x00001e3c   0x0000009c   Code   RO          692    x$fpl$dnaninf       fz_wm.l(dnaninf.o)
    0x00001ed8   0x00001ed8   0x0000000c   Code   RO          694    x$fpl$dretinf       fz_wm.l(dretinf.o)
    0x00001ee4   0x00001ee4   0x000001dc   Code   RO          669    x$fpl$dsub          fz_wm.l(daddsub_clz.o)
    0x000020c0   0x000020c0   0x00000056   Code   RO          689    x$fpl$f2d           fz_wm.l(f2d.o)
    0x00002116   0x00002116   0x0000008c   Code   RO          696    x$fpl$fnaninf       fz_wm.l(fnaninf.o)
    0x000021a2   0x000021a2   0x0000001a   Code   RO          787    x$fpl$fpinit        fz_wm.l(fpinit.o)
    0x000021bc   0x000021bc   0x0000000a   Code   RO          698    x$fpl$fretinf       fz_wm.l(fretinf.o)
    0x000021c6   0x000021c6   0x00000000   Code   RO          700    x$fpl$usenofp       fz_wm.l(usenofp.o)
    0x000021c6   0x000021c6   0x00000002   PAD
    0x000021c8   0x000021c8   0x00000254   Data   RO          219    .constdata          ES.lib(sysctl.o)
    0x0000241c   0x0000241c   0x00000034   Data   RO          144    .rodata..L__const.ES_setSystemClk.allowed_freq  ES.lib(sysclock.o)
    0x00002450   0x00002450   0x00000020   Data   RO          862    Region$$Table       anon$$obj.o


    Execution Region ER_RW (Exec base: 0x20000000, Load base: 0x00002470, Size: 0x0000000c, Max: 0xffffffff, ABSOLUTE)

    Exec Addr    Load Addr    Size         Type   Attr      Idx    E Section Name        Object

    0x20000000   0x00002470   0x00000004   Data   RW          132    .data.SystemCoreClock  system_tm4c129.o
    0x20000004   0x00002474   0x00000001   Data   RW           34    .data.automatic_mode_loop.increasing  servo.o
    0x20000005   0x00002475   0x00000001   PAD
    0x20000006   0x00002476   0x00000002   Data   RW            9    .data.max_angle     main.o
    0x20000008   0x00002478   0x00000002   Data   RW           10    .data.min_angle     main.o
    0x2000000a   0x0000247a   0x00000001   Data   RW            7    .data.mode          main.o


    Execution Region ER_ZI (Exec base: 0x20000010, Load base: 0x0000247c, Size: 0x000002a8, Max: 0xffffffff, ABSOLUTE)

    Exec Addr    Load Addr    Size         Type   Attr      Idx    E Section Name        Object

    0x20000010        -       0x00000060   Zero   RW          727    .bss                c_w.l(libspace.o)
    0x20000070        -       0x00000004   Zero   RW          111    .bss.SSI0_Handler.index  comms2.o
    0x20000074        -       0x00000001   Zero   RW            4    .bss.automaticMode  main.o
    0x20000075   0x0000247c   0x00000003   PAD
    0x20000078        -       0x00000014   Zero   RW           88    .bss.callbacks_tiva2  calllbacks.o
    0x2000008c        -       0x00000001   Zero   RW            6    .bss.exitProgram    main.o
    0x2000008d   0x0000247c   0x00000003   PAD
    0x20000090        -       0x00000004   Zero   RW           13    .bss.last_distance  main.o
    0x20000094        -       0x00000004   Zero   RW           12    .bss.last_pulse     main.o
    0x20000098        -       0x00000001   Zero   RW            5    .bss.manualMode     main.o
    0x20000099   0x0000247c   0x00000001   PAD
    0x2000009a        -       0x0000000a   Zero   RW           16    .bss.receivePacket_tiva2  main.o
    0x200000a4        -       0x00000006   Zero   RW           15    .bss.sendPacket_tiva2  main.o
    0x200000aa        -       0x00000002   Zero   RW           14    .bss.sendStatus     main.o
    0x200000ac        -       0x00000002   Zero   RW           11    .bss.sweep_angle    main.o
    0x200000ae   0x0000247c   0x00000002   PAD
    0x200000b0        -       0x00000004   Zero   RW            8    .bss.target_angle   main.o
    0x200000b4        -       0x00000004   Zero   RW          145    .bss.ui32SysClock   ES.lib(sysclock.o)
    0x200000b8        -       0x00000000   Zero   RW          119    HEAP                startup_tm4c129.o
    0x200000b8        -       0x00000200   Zero   RW          118    STACK               startup_tm4c129.o


==============================================================================

Image component sizes


      Code (inc. data)   RO Data    RW Data    ZI Data      Debug   Object Name

       160          0          0          0         20        879   calllbacks.o
      1224          4          0          0          4       9795   comms2.o
       136          0          0          5         35       1072   main.o
      1164          8          0          0          0       9342   sensor.o
       972         32          0          1          0      10146   servo.o
       300         22        512          0        512       6084   startup_tm4c129.o
        36          0          0          4          0       1444   system_tm4c129.o
       274          0          0          0          0       7659   timers.o

    ----------------------------------------------------------------------
      4296         66        544         12        580      46421   Object Totals
         0          0         32          0          0          0   (incl. Generated)
        30          0          0          2          9          0   (incl. Padding)

    ----------------------------------------------------------------------

      Code (inc. data)   RO Data    RW Data    ZI Data      Debug   Library Member Name

        56          0          0          0          0        719   delay.o
       236          8         52          0          4       1010   sysclock.o
       746         40        596          0          0       8341   sysctl.o
         8          0          0          0          0         68   __main.o
         0          0          0          0          0          0   __rtentry.o
        12          0          0          0          0          0   __rtentry2.o
         6          0          0          0          0          0   __rtentry4.o
        52          8          0          0          0          0   __scatter.o
        26          0          0          0          0          0   __scatter_copy.o
        28          0          0          0          0          0   __scatter_zi.o
        18          0          0          0          0         80   exit.o
         6          0          0          0          0        152   heapauxi.o
         0          0          0          0          0          0   indicate_semi.o
         2          0          0          0          0          0   libinit.o
         6          0          0          0          0          0   libinit2.o
         2          0          0          0          0          0   libshutdown.o
         2          0          0          0          0          0   libshutdown2.o
         8          4          0          0         96         68   libspace.o
         2          0          0          0          0          0   rtexit.o
        10          0          0          0          0          0   rtexit2.o
        12          4          0          0          0         68   sys_exit.o
        74          0          0          0          0         80   sys_stackheap_outer.o
         2          0          0          0          0         68   use_no_semi.o
        98          4          0          0          0        140   d2f.o
       812         16          0          0          0        392   daddsub_clz.o
       692        140          0          0          0        264   ddiv.o
        90          4          0          0          0        140   dfixu.o
        46          0          0          0          0        116   dflt_clz.o
       340         12          0          0          0        152   dmul.o
       156          4          0          0          0        140   dnaninf.o
        12          0          0          0          0        116   dretinf.o
        86          4          0          0          0        132   f2d.o
       140          4          0          0          0        132   fnaninf.o
        26          0          0          0          0        116   fpinit.o
        10          0          0          0          0        116   fretinf.o
         0          0          0          0          0          0   usenofp.o

    ----------------------------------------------------------------------
      3840        252        648          0        100      12610   Library Totals
        18          0          0          0          0          0   (incl. Padding)

    ----------------------------------------------------------------------

      Code (inc. data)   RO Data    RW Data    ZI Data      Debug   Library Name

      1038         48        648          0          4      10070   ES.lib
       276         16          0          0         96        584   c_w.l
      2508        188          0          0          0       1956   fz_wm.l

    ----------------------------------------------------------------------
      3840        252        648          0        100      12610   Library Totals

    ----------------------------------------------------------------------

==============================================================================


      Code (inc. data)   RO Data    RW Data    ZI Data      Debug   

      8136        318       1192         12        680      57415   Grand Totals
      8136        318       1192         12        680      57415   ELF Image Totals
      8136        318       1192         12          0          0   ROM Totals

==============================================================================

    Total RO  Size (Code + RO Data)                 9328 (   9.11kB)
    Total RW  Size (RW Data + ZI Data)               692 (   0.68kB)
    Total ROM Size (Code + RO Data + RW Data)       9340 (   9.12kB)

==============================================================================

